[     225ms] [WARNING] One of your code blocks includes unescaped HTML. This is a potentially serious security risk. @ https://seranking.com/wp-content/cache/autoptimize/9/autoptimize_ecd9e6dd627efe009ecbf0afd9cbb0db.php:141
[     225ms] [WARNING] https://github.com/highlightjs/highlight.js/wiki/security @ https://seranking.com/wp-content/cache/autoptimize/9/autoptimize_ecd9e6dd627efe009ecbf0afd9cbb0db.php:141
[     225ms] [WARNING] The element with unescaped HTML: @ https://seranking.com/wp-content/cache/autoptimize/9/autoptimize_ecd9e6dd627efe009ecbf0afd9cbb0db.php:141
[     225ms] [WARNING] JSHandle@node @ https://seranking.com/wp-content/cache/autoptimize/9/autoptimize_ecd9e6dd627efe009ecbf0afd9cbb0db.php:141
[     228ms] [WARNING] One of your code blocks includes unescaped HTML. This is a potentially serious security risk. @ https://seranking.com/wp-content/cache/autoptimize/9/autoptimize_ecd9e6dd627efe009ecbf0afd9cbb0db.php:141
[     228ms] [WARNING] https://github.com/highlightjs/highlight.js/wiki/security @ https://seranking.com/wp-content/cache/autoptimize/9/autoptimize_ecd9e6dd627efe009ecbf0afd9cbb0db.php:141
[     228ms] [WARNING] The element with unescaped HTML: @ https://seranking.com/wp-content/cache/autoptimize/9/autoptimize_ecd9e6dd627efe009ecbf0afd9cbb0db.php:141
[     228ms] [WARNING] JSHandle@node @ https://seranking.com/wp-content/cache/autoptimize/9/autoptimize_ecd9e6dd627efe009ecbf0afd9cbb0db.php:141
[     231ms] [WARNING] One of your code blocks includes unescaped HTML. This is a potentially serious security risk. @ https://seranking.com/wp-content/cache/autoptimize/9/autoptimize_ecd9e6dd627efe009ecbf0afd9cbb0db.php:141
[     231ms] [WARNING] https://github.com/highlightjs/highlight.js/wiki/security @ https://seranking.com/wp-content/cache/autoptimize/9/autoptimize_ecd9e6dd627efe009ecbf0afd9cbb0db.php:141
[     231ms] [WARNING] The element with unescaped HTML: @ https://seranking.com/wp-content/cache/autoptimize/9/autoptimize_ecd9e6dd627efe009ecbf0afd9cbb0db.php:141
[     231ms] [WARNING] JSHandle@node @ https://seranking.com/wp-content/cache/autoptimize/9/autoptimize_ecd9e6dd627efe009ecbf0afd9cbb0db.php:141
[     232ms] [WARNING] One of your code blocks includes unescaped HTML. This is a potentially serious security risk. @ https://seranking.com/wp-content/cache/autoptimize/9/autoptimize_ecd9e6dd627efe009ecbf0afd9cbb0db.php:141
[     232ms] [WARNING] https://github.com/highlightjs/highlight.js/wiki/security @ https://seranking.com/wp-content/cache/autoptimize/9/autoptimize_ecd9e6dd627efe009ecbf0afd9cbb0db.php:141
[     232ms] [WARNING] The element with unescaped HTML: @ https://seranking.com/wp-content/cache/autoptimize/9/autoptimize_ecd9e6dd627efe009ecbf0afd9cbb0db.php:141
[     232ms] [WARNING] JSHandle@node @ https://seranking.com/wp-content/cache/autoptimize/9/autoptimize_ecd9e6dd627efe009ecbf0afd9cbb0db.php:141
[     233ms] [WARNING] One of your code blocks includes unescaped HTML. This is a potentially serious security risk. @ https://seranking.com/wp-content/cache/autoptimize/9/autoptimize_ecd9e6dd627efe009ecbf0afd9cbb0db.php:141
[     233ms] [WARNING] https://github.com/highlightjs/highlight.js/wiki/security @ https://seranking.com/wp-content/cache/autoptimize/9/autoptimize_ecd9e6dd627efe009ecbf0afd9cbb0db.php:141
[     233ms] [WARNING] The element with unescaped HTML: @ https://seranking.com/wp-content/cache/autoptimize/9/autoptimize_ecd9e6dd627efe009ecbf0afd9cbb0db.php:141
[     233ms] [WARNING] JSHandle@node @ https://seranking.com/wp-content/cache/autoptimize/9/autoptimize_ecd9e6dd627efe009ecbf0afd9cbb0db.php:141
[     235ms] [WARNING] One of your code blocks includes unescaped HTML. This is a potentially serious security risk. @ https://seranking.com/wp-content/cache/autoptimize/9/autoptimize_ecd9e6dd627efe009ecbf0afd9cbb0db.php:141
[     235ms] [WARNING] https://github.com/highlightjs/highlight.js/wiki/security @ https://seranking.com/wp-content/cache/autoptimize/9/autoptimize_ecd9e6dd627efe009ecbf0afd9cbb0db.php:141
[     235ms] [WARNING] The element with unescaped HTML: @ https://seranking.com/wp-content/cache/autoptimize/9/autoptimize_ecd9e6dd627efe009ecbf0afd9cbb0db.php:141
[     235ms] [WARNING] JSHandle@node @ https://seranking.com/wp-content/cache/autoptimize/9/autoptimize_ecd9e6dd627efe009ecbf0afd9cbb0db.php:141
[     236ms] [WARNING] One of your code blocks includes unescaped HTML. This is a potentially serious security risk. @ https://seranking.com/wp-content/cache/autoptimize/9/autoptimize_ecd9e6dd627efe009ecbf0afd9cbb0db.php:141
[     236ms] [WARNING] https://github.com/highlightjs/highlight.js/wiki/security @ https://seranking.com/wp-content/cache/autoptimize/9/autoptimize_ecd9e6dd627efe009ecbf0afd9cbb0db.php:141
[     236ms] [WARNING] The element with unescaped HTML: @ https://seranking.com/wp-content/cache/autoptimize/9/autoptimize_ecd9e6dd627efe009ecbf0afd9cbb0db.php:141
[     236ms] [WARNING] JSHandle@node @ https://seranking.com/wp-content/cache/autoptimize/9/autoptimize_ecd9e6dd627efe009ecbf0afd9cbb0db.php:141
[     238ms] [WARNING] One of your code blocks includes unescaped HTML. This is a potentially serious security risk. @ https://seranking.com/wp-content/cache/autoptimize/9/autoptimize_ecd9e6dd627efe009ecbf0afd9cbb0db.php:141
[     238ms] [WARNING] https://github.com/highlightjs/highlight.js/wiki/security @ https://seranking.com/wp-content/cache/autoptimize/9/autoptimize_ecd9e6dd627efe009ecbf0afd9cbb0db.php:141
[     238ms] [WARNING] The element with unescaped HTML: @ https://seranking.com/wp-content/cache/autoptimize/9/autoptimize_ecd9e6dd627efe009ecbf0afd9cbb0db.php:141
[     238ms] [WARNING] JSHandle@node @ https://seranking.com/wp-content/cache/autoptimize/9/autoptimize_ecd9e6dd627efe009ecbf0afd9cbb0db.php:141
[     240ms] [WARNING] One of your code blocks includes unescaped HTML. This is a potentially serious security risk. @ https://seranking.com/wp-content/cache/autoptimize/9/autoptimize_ecd9e6dd627efe009ecbf0afd9cbb0db.php:141
[     240ms] [WARNING] https://github.com/highlightjs/highlight.js/wiki/security @ https://seranking.com/wp-content/cache/autoptimize/9/autoptimize_ecd9e6dd627efe009ecbf0afd9cbb0db.php:141
[     240ms] [WARNING] The element with unescaped HTML: @ https://seranking.com/wp-content/cache/autoptimize/9/autoptimize_ecd9e6dd627efe009ecbf0afd9cbb0db.php:141
[     240ms] [WARNING] JSHandle@node @ https://seranking.com/wp-content/cache/autoptimize/9/autoptimize_ecd9e6dd627efe009ecbf0afd9cbb0db.php:141
[     241ms] [WARNING] One of your code blocks includes unescaped HTML. This is a potentially serious security risk. @ https://seranking.com/wp-content/cache/autoptimize/9/autoptimize_ecd9e6dd627efe009ecbf0afd9cbb0db.php:141
[     241ms] [WARNING] https://github.com/highlightjs/highlight.js/wiki/security @ https://seranking.com/wp-content/cache/autoptimize/9/autoptimize_ecd9e6dd627efe009ecbf0afd9cbb0db.php:141
[     241ms] [WARNING] The element with unescaped HTML: @ https://seranking.com/wp-content/cache/autoptimize/9/autoptimize_ecd9e6dd627efe009ecbf0afd9cbb0db.php:141
[     241ms] [WARNING] JSHandle@node @ https://seranking.com/wp-content/cache/autoptimize/9/autoptimize_ecd9e6dd627efe009ecbf0afd9cbb0db.php:141
[   45670ms] [WARNING] One of your code blocks includes unescaped HTML. This is a potentially serious security risk. @ https://seranking.com/wp-content/cache/autoptimize/9/autoptimize_ecd9e6dd627efe009ecbf0afd9cbb0db.php:141
[   45670ms] [WARNING] https://github.com/highlightjs/highlight.js/wiki/security @ https://seranking.com/wp-content/cache/autoptimize/9/autoptimize_ecd9e6dd627efe009ecbf0afd9cbb0db.php:141
[   45670ms] [WARNING] The element with unescaped HTML: @ https://seranking.com/wp-content/cache/autoptimize/9/autoptimize_ecd9e6dd627efe009ecbf0afd9cbb0db.php:141
[   45670ms] [WARNING] JSHandle@node @ https://seranking.com/wp-content/cache/autoptimize/9/autoptimize_ecd9e6dd627efe009ecbf0afd9cbb0db.php:141
[   45672ms] [WARNING] One of your code blocks includes unescaped HTML. This is a potentially serious security risk. @ https://seranking.com/wp-content/cache/autoptimize/9/autoptimize_ecd9e6dd627efe009ecbf0afd9cbb0db.php:141
[   45672ms] [WARNING] https://github.com/highlightjs/highlight.js/wiki/security @ https://seranking.com/wp-content/cache/autoptimize/9/autoptimize_ecd9e6dd627efe009ecbf0afd9cbb0db.php:141
[   45672ms] [WARNING] The element with unescaped HTML: @ https://seranking.com/wp-content/cache/autoptimize/9/autoptimize_ecd9e6dd627efe009ecbf0afd9cbb0db.php:141
[   45672ms] [WARNING] JSHandle@node @ https://seranking.com/wp-content/cache/autoptimize/9/autoptimize_ecd9e6dd627efe009ecbf0afd9cbb0db.php:141
[   45675ms] [WARNING] One of your code blocks includes unescaped HTML. This is a potentially serious security risk. @ https://seranking.com/wp-content/cache/autoptimize/9/autoptimize_ecd9e6dd627efe009ecbf0afd9cbb0db.php:141
[   45675ms] [WARNING] https://github.com/highlightjs/highlight.js/wiki/security @ https://seranking.com/wp-content/cache/autoptimize/9/autoptimize_ecd9e6dd627efe009ecbf0afd9cbb0db.php:141
[   45675ms] [WARNING] The element with unescaped HTML: @ https://seranking.com/wp-content/cache/autoptimize/9/autoptimize_ecd9e6dd627efe009ecbf0afd9cbb0db.php:141
[   45675ms] [WARNING] JSHandle@node @ https://seranking.com/wp-content/cache/autoptimize/9/autoptimize_ecd9e6dd627efe009ecbf0afd9cbb0db.php:141
[   45676ms] [WARNING] One of your code blocks includes unescaped HTML. This is a potentially serious security risk. @ https://seranking.com/wp-content/cache/autoptimize/9/autoptimize_ecd9e6dd627efe009ecbf0afd9cbb0db.php:141
[   45676ms] [WARNING] https://github.com/highlightjs/highlight.js/wiki/security @ https://seranking.com/wp-content/cache/autoptimize/9/autoptimize_ecd9e6dd627efe009ecbf0afd9cbb0db.php:141
[   45676ms] [WARNING] The element with unescaped HTML: @ https://seranking.com/wp-content/cache/autoptimize/9/autoptimize_ecd9e6dd627efe009ecbf0afd9cbb0db.php:141
[   45676ms] [WARNING] JSHandle@node @ https://seranking.com/wp-content/cache/autoptimize/9/autoptimize_ecd9e6dd627efe009ecbf0afd9cbb0db.php:141
[   45677ms] [WARNING] One of your code blocks includes unescaped HTML. This is a potentially serious security risk. @ https://seranking.com/wp-content/cache/autoptimize/9/autoptimize_ecd9e6dd627efe009ecbf0afd9cbb0db.php:141
[   45677ms] [WARNING] https://github.com/highlightjs/highlight.js/wiki/security @ https://seranking.com/wp-content/cache/autoptimize/9/autoptimize_ecd9e6dd627efe009ecbf0afd9cbb0db.php:141
[   45677ms] [WARNING] The element with unescaped HTML: @ https://seranking.com/wp-content/cache/autoptimize/9/autoptimize_ecd9e6dd627efe009ecbf0afd9cbb0db.php:141
[   45677ms] [WARNING] JSHandle@node @ https://seranking.com/wp-content/cache/autoptimize/9/autoptimize_ecd9e6dd627efe009ecbf0afd9cbb0db.php:141
[   45679ms] [WARNING] One of your code blocks includes unescaped HTML. This is a potentially serious security risk. @ https://seranking.com/wp-content/cache/autoptimize/9/autoptimize_ecd9e6dd627efe009ecbf0afd9cbb0db.php:141
[   45679ms] [WARNING] https://github.com/highlightjs/highlight.js/wiki/security @ https://seranking.com/wp-content/cache/autoptimize/9/autoptimize_ecd9e6dd627efe009ecbf0afd9cbb0db.php:141
[   45679ms] [WARNING] The element with unescaped HTML: @ https://seranking.com/wp-content/cache/autoptimize/9/autoptimize_ecd9e6dd627efe009ecbf0afd9cbb0db.php:141
[   45679ms] [WARNING] JSHandle@node @ https://seranking.com/wp-content/cache/autoptimize/9/autoptimize_ecd9e6dd627efe009ecbf0afd9cbb0db.php:141
[   45681ms] [WARNING] One of your code blocks includes unescaped HTML. This is a potentially serious security risk. @ https://seranking.com/wp-content/cache/autoptimize/9/autoptimize_ecd9e6dd627efe009ecbf0afd9cbb0db.php:141
[   45681ms] [WARNING] https://github.com/highlightjs/highlight.js/wiki/security @ https://seranking.com/wp-content/cache/autoptimize/9/autoptimize_ecd9e6dd627efe009ecbf0afd9cbb0db.php:141
[   45681ms] [WARNING] The element with unescaped HTML: @ https://seranking.com/wp-content/cache/autoptimize/9/autoptimize_ecd9e6dd627efe009ecbf0afd9cbb0db.php:141
[   45681ms] [WARNING] JSHandle@node @ https://seranking.com/wp-content/cache/autoptimize/9/autoptimize_ecd9e6dd627efe009ecbf0afd9cbb0db.php:141
[   45683ms] [WARNING] One of your code blocks includes unescaped HTML. This is a potentially serious security risk. @ https://seranking.com/wp-content/cache/autoptimize/9/autoptimize_ecd9e6dd627efe009ecbf0afd9cbb0db.php:141
[   45683ms] [WARNING] https://github.com/highlightjs/highlight.js/wiki/security @ https://seranking.com/wp-content/cache/autoptimize/9/autoptimize_ecd9e6dd627efe009ecbf0afd9cbb0db.php:141
[   45683ms] [WARNING] The element with unescaped HTML: @ https://seranking.com/wp-content/cache/autoptimize/9/autoptimize_ecd9e6dd627efe009ecbf0afd9cbb0db.php:141
[   45683ms] [WARNING] JSHandle@node @ https://seranking.com/wp-content/cache/autoptimize/9/autoptimize_ecd9e6dd627efe009ecbf0afd9cbb0db.php:141
[   45684ms] [WARNING] One of your code blocks includes unescaped HTML. This is a potentially serious security risk. @ https://seranking.com/wp-content/cache/autoptimize/9/autoptimize_ecd9e6dd627efe009ecbf0afd9cbb0db.php:141
[   45684ms] [WARNING] https://github.com/highlightjs/highlight.js/wiki/security @ https://seranking.com/wp-content/cache/autoptimize/9/autoptimize_ecd9e6dd627efe009ecbf0afd9cbb0db.php:141
[   45684ms] [WARNING] The element with unescaped HTML: @ https://seranking.com/wp-content/cache/autoptimize/9/autoptimize_ecd9e6dd627efe009ecbf0afd9cbb0db.php:141
[   45684ms] [WARNING] JSHandle@node @ https://seranking.com/wp-content/cache/autoptimize/9/autoptimize_ecd9e6dd627efe009ecbf0afd9cbb0db.php:141
[   45685ms] [WARNING] One of your code blocks includes unescaped HTML. This is a potentially serious security risk. @ https://seranking.com/wp-content/cache/autoptimize/9/autoptimize_ecd9e6dd627efe009ecbf0afd9cbb0db.php:141
[   45685ms] [WARNING] https://github.com/highlightjs/highlight.js/wiki/security @ https://seranking.com/wp-content/cache/autoptimize/9/autoptimize_ecd9e6dd627efe009ecbf0afd9cbb0db.php:141
[   45685ms] [WARNING] The element with unescaped HTML: @ https://seranking.com/wp-content/cache/autoptimize/9/autoptimize_ecd9e6dd627efe009ecbf0afd9cbb0db.php:141
[   45685ms] [WARNING] JSHandle@node @ https://seranking.com/wp-content/cache/autoptimize/9/autoptimize_ecd9e6dd627efe009ecbf0afd9cbb0db.php:141
