[     219ms] [WARNING] i18n: Translate for key common.black_friday.badge.title not found! @ https://online.seranking.com/frontend-dist/Notes/js/index.Ti3pO16Y.mpxm0vzz.js:15
[     220ms] [WARNING] i18n: Translate for key common.black_friday.badge.text not found! @ https://online.seranking.com/frontend-dist/Notes/js/index.Ti3pO16Y.mpxm0vzz.js:15
[     296ms] [WARNING] i18n: Translate for key common.black_friday.badge.title not found! @ https://online.seranking.com/frontend-dist/Notes/js/index.Ti3pO16Y.mpxm0vzz.js:15
[     296ms] [WARNING] i18n: Translate for key common.black_friday.badge.text not found! @ https://online.seranking.com/frontend-dist/Notes/js/index.Ti3pO16Y.mpxm0vzz.js:15
[     668ms] [ERROR] Userflow.js resetting due to: [company_closed] This Userflow account has been closed. You can re-activate it at https://userflow.com/app. @ https://online.seranking.com/frontend-dist/Notes/js/index.Ti3pO16Y.mpxm0vzz.js:15
[    8345ms] [ERROR] Failed to load resource: the server responded with a status of 404 () @ https://t0.gstatic.com/faviconV2?client=SOCIAL&type=FAVICON&fallback_opts=TYPE,SIZE,URL&url=https://kaufast.com&size=16:0
[   11667ms] [WARNING] i18n: Translate for key audit.independent.sections.all_reports not found! @ https://online.seranking.com/frontend-dist/AuditTool/js/index.CHOWlZE1.mpxm17yx.js:15
[   11668ms] [WARNING] i18n: Translate for key audit.independent.create_audit.form.limits not found! @ https://online.seranking.com/frontend-dist/AuditTool/js/index.CHOWlZE1.mpxm17yx.js:15
[   11668ms] [WARNING] i18n: Translate for key audit.independent.sections.overview not found! @ https://online.seranking.com/frontend-dist/AuditTool/js/index.CHOWlZE1.mpxm17yx.js:15
[   11668ms] [WARNING] i18n: Translate for key audit.independent.sections.issue_report not found! @ https://online.seranking.com/frontend-dist/AuditTool/js/index.CHOWlZE1.mpxm17yx.js:15
[   11668ms] [WARNING] i18n: Translate for key audit.independent.sections.crawled_pages not found! @ https://online.seranking.com/frontend-dist/AuditTool/js/index.CHOWlZE1.mpxm17yx.js:15
[   11668ms] [WARNING] i18n: Translate for key audit.independent.sections.found_resources not found! @ https://online.seranking.com/frontend-dist/AuditTool/js/index.CHOWlZE1.mpxm17yx.js:15
[   11668ms] [WARNING] i18n: Translate for key audit.independent.sections.found_links not found! @ https://online.seranking.com/frontend-dist/AuditTool/js/index.CHOWlZE1.mpxm17yx.js:15
[   11668ms] [WARNING] i18n: Translate for key audit.independent.sections.crawl_comparison not found! @ https://online.seranking.com/frontend-dist/AuditTool/js/index.CHOWlZE1.mpxm17yx.js:15
[   11668ms] [WARNING] i18n: Translate for key audit.independent.breadcrums.create_new_audit not found! @ https://online.seranking.com/frontend-dist/AuditTool/js/index.CHOWlZE1.mpxm17yx.js:15
[   11668ms] [WARNING] i18n: Translate for key audit.independent.upper_notifications.list not found! @ https://online.seranking.com/frontend-dist/AuditTool/js/index.CHOWlZE1.mpxm17yx.js:15
[   11668ms] [WARNING] i18n: Translate for key audit.independent.create_audit.form.limits_subscription_notification not found! @ https://online.seranking.com/frontend-dist/AuditTool/js/index.CHOWlZE1.mpxm17yx.js:15
[   11668ms] [WARNING] i18n: Translate for key audit.independent.create_audit.form.limits_per_check_notification not found! @ https://online.seranking.com/frontend-dist/AuditTool/js/index.CHOWlZE1.mpxm17yx.js:15
[   11668ms] [WARNING] i18n: Translate for key audit.new.notification_new_version_exists.heading not found! @ https://online.seranking.com/frontend-dist/AuditTool/js/index.CHOWlZE1.mpxm17yx.js:15
[   11668ms] [WARNING] i18n: Translate for key audit.new.notification_new_version_exists.action not found! @ https://online.seranking.com/frontend-dist/AuditTool/js/index.CHOWlZE1.mpxm17yx.js:15
[   11668ms] [WARNING] i18n: Translate for key audit.new.restart_audit_url_popup.title not found! @ https://online.seranking.com/frontend-dist/AuditTool/js/index.CHOWlZE1.mpxm17yx.js:15
[   11668ms] [WARNING] i18n: Translate for key audit.new.restart_audit_url_popup.description not found! @ https://online.seranking.com/frontend-dist/AuditTool/js/index.CHOWlZE1.mpxm17yx.js:15
[   11668ms] [WARNING] i18n: Translate for key audit.new.restart_audit_popup_url.cancel not found! @ https://online.seranking.com/frontend-dist/AuditTool/js/index.CHOWlZE1.mpxm17yx.js:15
[   11668ms] [WARNING] i18n: Translate for key audit.new.restart_audit_popup_url.restart_action not found! @ https://online.seranking.com/frontend-dist/AuditTool/js/index.CHOWlZE1.mpxm17yx.js:15
[   11672ms] [WARNING] i18n: Translate for key common.black_friday.badge.title not found! @ https://online.seranking.com/frontend-dist/AuditTool/js/index.CHOWlZE1.mpxm17yx.js:15
[   11673ms] [WARNING] i18n: Translate for key common.black_friday.badge.text not found! @ https://online.seranking.com/frontend-dist/AuditTool/js/index.CHOWlZE1.mpxm17yx.js:15
[   11748ms] [WARNING] i18n: Translate for key audit.independent.sections.all_reports not found! @ https://online.seranking.com/frontend-dist/AuditTool/js/index.CHOWlZE1.mpxm17yx.js:15
[   11748ms] [WARNING] i18n: Translate for key audit.independent.create_audit.form.limits not found! @ https://online.seranking.com/frontend-dist/AuditTool/js/index.CHOWlZE1.mpxm17yx.js:15
[   11748ms] [WARNING] i18n: Translate for key audit.independent.sections.overview not found! @ https://online.seranking.com/frontend-dist/AuditTool/js/index.CHOWlZE1.mpxm17yx.js:15
[   11748ms] [WARNING] i18n: Translate for key audit.independent.sections.issue_report not found! @ https://online.seranking.com/frontend-dist/AuditTool/js/index.CHOWlZE1.mpxm17yx.js:15
[   11748ms] [WARNING] i18n: Translate for key audit.independent.sections.crawled_pages not found! @ https://online.seranking.com/frontend-dist/AuditTool/js/index.CHOWlZE1.mpxm17yx.js:15
[   11748ms] [WARNING] i18n: Translate for key audit.independent.sections.found_resources not found! @ https://online.seranking.com/frontend-dist/AuditTool/js/index.CHOWlZE1.mpxm17yx.js:15
[   11748ms] [WARNING] i18n: Translate for key audit.independent.sections.found_links not found! @ https://online.seranking.com/frontend-dist/AuditTool/js/index.CHOWlZE1.mpxm17yx.js:15
[   11748ms] [WARNING] i18n: Translate for key audit.independent.sections.crawl_comparison not found! @ https://online.seranking.com/frontend-dist/AuditTool/js/index.CHOWlZE1.mpxm17yx.js:15
[   11748ms] [WARNING] i18n: Translate for key audit.independent.breadcrums.create_new_audit not found! @ https://online.seranking.com/frontend-dist/AuditTool/js/index.CHOWlZE1.mpxm17yx.js:15
[   11748ms] [WARNING] i18n: Translate for key audit.independent.upper_notifications.list not found! @ https://online.seranking.com/frontend-dist/AuditTool/js/index.CHOWlZE1.mpxm17yx.js:15
[   11748ms] [WARNING] i18n: Translate for key audit.independent.create_audit.form.limits_subscription_notification not found! @ https://online.seranking.com/frontend-dist/AuditTool/js/index.CHOWlZE1.mpxm17yx.js:15
[   11748ms] [WARNING] i18n: Translate for key audit.independent.create_audit.form.limits_per_check_notification not found! @ https://online.seranking.com/frontend-dist/AuditTool/js/index.CHOWlZE1.mpxm17yx.js:15
[   11748ms] [WARNING] i18n: Translate for key audit.new.notification_new_version_exists.heading not found! @ https://online.seranking.com/frontend-dist/AuditTool/js/index.CHOWlZE1.mpxm17yx.js:15
[   11748ms] [WARNING] i18n: Translate for key audit.new.notification_new_version_exists.action not found! @ https://online.seranking.com/frontend-dist/AuditTool/js/index.CHOWlZE1.mpxm17yx.js:15
[   11748ms] [WARNING] i18n: Translate for key audit.new.restart_audit_url_popup.title not found! @ https://online.seranking.com/frontend-dist/AuditTool/js/index.CHOWlZE1.mpxm17yx.js:15
[   11748ms] [WARNING] i18n: Translate for key audit.new.restart_audit_url_popup.description not found! @ https://online.seranking.com/frontend-dist/AuditTool/js/index.CHOWlZE1.mpxm17yx.js:15
[   11748ms] [WARNING] i18n: Translate for key audit.new.restart_audit_popup_url.cancel not found! @ https://online.seranking.com/frontend-dist/AuditTool/js/index.CHOWlZE1.mpxm17yx.js:15
[   11748ms] [WARNING] i18n: Translate for key audit.new.restart_audit_popup_url.restart_action not found! @ https://online.seranking.com/frontend-dist/AuditTool/js/index.CHOWlZE1.mpxm17yx.js:15
[   11748ms] [WARNING] i18n: Translate for key common.black_friday.badge.title not found! @ https://online.seranking.com/frontend-dist/AuditTool/js/index.CHOWlZE1.mpxm17yx.js:15
[   11748ms] [WARNING] i18n: Translate for key common.black_friday.badge.text not found! @ https://online.seranking.com/frontend-dist/AuditTool/js/index.CHOWlZE1.mpxm17yx.js:15
[   11866ms] [WARNING] i18n: Translation key undefined supposed to be string @ https://online.seranking.com/frontend-dist/AuditTool/js/index.CHOWlZE1.mpxm17yx.js:15
[   12061ms] [ERROR] Userflow.js resetting due to: [company_closed] This Userflow account has been closed. You can re-activate it at https://userflow.com/app. @ https://online.seranking.com/frontend-dist/AuditTool/js/index.CHOWlZE1.mpxm17yx.js:15
[   12411ms] [ERROR] Failed to load resource: the server responded with a status of 404 () @ https://t0.gstatic.com/faviconV2?client=SOCIAL&type=FAVICON&fallback_opts=TYPE,SIZE,URL&url=http://kaufast.com&size=16:0
[   12985ms] [WARNING] i18n: Translation key undefined supposed to be string @ https://online.seranking.com/frontend-dist/AuditTool/js/index.CHOWlZE1.mpxm17yx.js:15
[ 1131825ms] [ERROR] Failed to load resource: net::ERR_NETWORK_IO_SUSPENDED @ https://online.seranking.com/.well-known/mercure?topic=http%3A%2F%2Fonline.seranking.com%2Facc%2F5048639&topic=http%3A%2F%2Fonline.seranking.com%2Fglobal&topic=http%3A%2F%2Fonline.seranking.com%2Ftoken%2F13352774:0
[ 3695876ms] [ERROR] Failed to load resource: the server responded with a status of 401 () @ https://online.seranking.com/.well-known/mercure?topic=http%3A%2F%2Fonline.seranking.com%2Facc%2F5048639&topic=http%3A%2F%2Fonline.seranking.com%2Fglobal&topic=http%3A%2F%2Fonline.seranking.com%2Ftoken%2F13352774:0
