[    4507ms] [ERROR] Error resolving from component map (LocalizedUrl) @ https://www.godaddy.com/storefront-assets/51/_next/static/chunks/pages/_app-ab14542afc151e32.js:0
[    4507ms] [ERROR] Error resolving from component map (BynderInlineVideos) @ https://www.godaddy.com/storefront-assets/51/_next/static/chunks/pages/_app-ab14542afc151e32.js:0
[    4525ms] [ERROR] Error resolving from component map (LocalizedUrl) @ https://www.godaddy.com/storefront-assets/51/_next/static/chunks/pages/_app-ab14542afc151e32.js:0
[    4525ms] [ERROR] Error resolving from component map (BynderInlineVideos) @ https://www.godaddy.com/storefront-assets/51/_next/static/chunks/pages/_app-ab14542afc151e32.js:0
[    4578ms] Error: Minified React error #418; visit https://reactjs.org/docs/error-decoder.html?invariant=418 for the full message or use the non-minified dev environment for full errors and additional helpful warnings.
    at oa (https://img6.wsimg.com/ux-assets/react/18/react-dom.umd.js:10:48288)
    at Si (https://img6.wsimg.com/ux-assets/react/18/react-dom.umd.js:10:120932)
    at ys (https://img6.wsimg.com/ux-assets/react/18/react-dom.umd.js:10:108510)
    at gs (https://img6.wsimg.com/ux-assets/react/18/react-dom.umd.js:10:108438)
    at hs (https://img6.wsimg.com/ux-assets/react/18/react-dom.umd.js:10:108301)
    at rs (https://img6.wsimg.com/ux-assets/react/18/react-dom.umd.js:10:103466)
    at w (https://img6.wsimg.com/ux-assets/react/18/react-dom.umd.js:1:1856)
    at MessagePort.P (https://img6.wsimg.com/ux-assets/react/18/react-dom.umd.js:1:2388)
[    4578ms] Error: Minified React error #418; visit https://reactjs.org/docs/error-decoder.html?invariant=418 for the full message or use the non-minified dev environment for full errors and additional helpful warnings.
    at oa (https://img6.wsimg.com/ux-assets/react/18/react-dom.umd.js:10:48288)
    at Si (https://img6.wsimg.com/ux-assets/react/18/react-dom.umd.js:10:120932)
    at ys (https://img6.wsimg.com/ux-assets/react/18/react-dom.umd.js:10:108510)
    at gs (https://img6.wsimg.com/ux-assets/react/18/react-dom.umd.js:10:108438)
    at hs (https://img6.wsimg.com/ux-assets/react/18/react-dom.umd.js:10:108301)
    at rs (https://img6.wsimg.com/ux-assets/react/18/react-dom.umd.js:10:103466)
    at w (https://img6.wsimg.com/ux-assets/react/18/react-dom.umd.js:1:1856)
    at MessagePort.P (https://img6.wsimg.com/ux-assets/react/18/react-dom.umd.js:1:2388)
[    4578ms] Error: Minified React error #418; visit https://reactjs.org/docs/error-decoder.html?invariant=418 for the full message or use the non-minified dev environment for full errors and additional helpful warnings.
    at oa (https://img6.wsimg.com/ux-assets/react/18/react-dom.umd.js:10:48288)
    at Si (https://img6.wsimg.com/ux-assets/react/18/react-dom.umd.js:10:120932)
    at ys (https://img6.wsimg.com/ux-assets/react/18/react-dom.umd.js:10:108510)
    at gs (https://img6.wsimg.com/ux-assets/react/18/react-dom.umd.js:10:108438)
    at hs (https://img6.wsimg.com/ux-assets/react/18/react-dom.umd.js:10:108301)
    at rs (https://img6.wsimg.com/ux-assets/react/18/react-dom.umd.js:10:103466)
    at w (https://img6.wsimg.com/ux-assets/react/18/react-dom.umd.js:1:1856)
    at MessagePort.P (https://img6.wsimg.com/ux-assets/react/18/react-dom.umd.js:1:2388)
[    4578ms] Error: Minified React error #418; visit https://reactjs.org/docs/error-decoder.html?invariant=418 for the full message or use the non-minified dev environment for full errors and additional helpful warnings.
    at oa (https://img6.wsimg.com/ux-assets/react/18/react-dom.umd.js:10:48288)
    at Si (https://img6.wsimg.com/ux-assets/react/18/react-dom.umd.js:10:120932)
    at ys (https://img6.wsimg.com/ux-assets/react/18/react-dom.umd.js:10:108510)
    at gs (https://img6.wsimg.com/ux-assets/react/18/react-dom.umd.js:10:108438)
    at hs (https://img6.wsimg.com/ux-assets/react/18/react-dom.umd.js:10:108301)
    at rs (https://img6.wsimg.com/ux-assets/react/18/react-dom.umd.js:10:103466)
    at w (https://img6.wsimg.com/ux-assets/react/18/react-dom.umd.js:1:1856)
    at MessagePort.P (https://img6.wsimg.com/ux-assets/react/18/react-dom.umd.js:1:2388)
[    4578ms] Error: Minified React error #418; visit https://reactjs.org/docs/error-decoder.html?invariant=418 for the full message or use the non-minified dev environment for full errors and additional helpful warnings.
    at oa (https://img6.wsimg.com/ux-assets/react/18/react-dom.umd.js:10:48288)
    at Si (https://img6.wsimg.com/ux-assets/react/18/react-dom.umd.js:10:120932)
    at ys (https://img6.wsimg.com/ux-assets/react/18/react-dom.umd.js:10:108510)
    at gs (https://img6.wsimg.com/ux-assets/react/18/react-dom.umd.js:10:108438)
    at hs (https://img6.wsimg.com/ux-assets/react/18/react-dom.umd.js:10:108301)
    at rs (https://img6.wsimg.com/ux-assets/react/18/react-dom.umd.js:10:103466)
    at w (https://img6.wsimg.com/ux-assets/react/18/react-dom.umd.js:1:1856)
    at MessagePort.P (https://img6.wsimg.com/ux-assets/react/18/react-dom.umd.js:1:2388)
[    4578ms] Error: Minified React error #418; visit https://reactjs.org/docs/error-decoder.html?invariant=418 for the full message or use the non-minified dev environment for full errors and additional helpful warnings.
    at oa (https://img6.wsimg.com/ux-assets/react/18/react-dom.umd.js:10:48288)
    at Si (https://img6.wsimg.com/ux-assets/react/18/react-dom.umd.js:10:120932)
    at ys (https://img6.wsimg.com/ux-assets/react/18/react-dom.umd.js:10:108510)
    at gs (https://img6.wsimg.com/ux-assets/react/18/react-dom.umd.js:10:108438)
    at hs (https://img6.wsimg.com/ux-assets/react/18/react-dom.umd.js:10:108301)
    at rs (https://img6.wsimg.com/ux-assets/react/18/react-dom.umd.js:10:103466)
    at w (https://img6.wsimg.com/ux-assets/react/18/react-dom.umd.js:1:1856)
    at MessagePort.P (https://img6.wsimg.com/ux-assets/react/18/react-dom.umd.js:1:2388)
[    4578ms] Error: Minified React error #418; visit https://reactjs.org/docs/error-decoder.html?invariant=418 for the full message or use the non-minified dev environment for full errors and additional helpful warnings.
    at oa (https://img6.wsimg.com/ux-assets/react/18/react-dom.umd.js:10:48288)
    at Si (https://img6.wsimg.com/ux-assets/react/18/react-dom.umd.js:10:120932)
    at ys (https://img6.wsimg.com/ux-assets/react/18/react-dom.umd.js:10:108510)
    at gs (https://img6.wsimg.com/ux-assets/react/18/react-dom.umd.js:10:108438)
    at hs (https://img6.wsimg.com/ux-assets/react/18/react-dom.umd.js:10:108301)
    at rs (https://img6.wsimg.com/ux-assets/react/18/react-dom.umd.js:10:103466)
    at w (https://img6.wsimg.com/ux-assets/react/18/react-dom.umd.js:1:1856)
    at MessagePort.P (https://img6.wsimg.com/ux-assets/react/18/react-dom.umd.js:1:2388)
[    4578ms] Error: Minified React error #418; visit https://reactjs.org/docs/error-decoder.html?invariant=418 for the full message or use the non-minified dev environment for full errors and additional helpful warnings.
    at oa (https://img6.wsimg.com/ux-assets/react/18/react-dom.umd.js:10:48288)
    at Si (https://img6.wsimg.com/ux-assets/react/18/react-dom.umd.js:10:120932)
    at ys (https://img6.wsimg.com/ux-assets/react/18/react-dom.umd.js:10:108510)
    at gs (https://img6.wsimg.com/ux-assets/react/18/react-dom.umd.js:10:108438)
    at hs (https://img6.wsimg.com/ux-assets/react/18/react-dom.umd.js:10:108301)
    at rs (https://img6.wsimg.com/ux-assets/react/18/react-dom.umd.js:10:103466)
    at w (https://img6.wsimg.com/ux-assets/react/18/react-dom.umd.js:1:1856)
    at MessagePort.P (https://img6.wsimg.com/ux-assets/react/18/react-dom.umd.js:1:2388)
[    4578ms] Error: Minified React error #418; visit https://reactjs.org/docs/error-decoder.html?invariant=418 for the full message or use the non-minified dev environment for full errors and additional helpful warnings.
    at oa (https://img6.wsimg.com/ux-assets/react/18/react-dom.umd.js:10:48288)
    at Si (https://img6.wsimg.com/ux-assets/react/18/react-dom.umd.js:10:120932)
    at ys (https://img6.wsimg.com/ux-assets/react/18/react-dom.umd.js:10:108510)
    at gs (https://img6.wsimg.com/ux-assets/react/18/react-dom.umd.js:10:108438)
    at hs (https://img6.wsimg.com/ux-assets/react/18/react-dom.umd.js:10:108301)
    at rs (https://img6.wsimg.com/ux-assets/react/18/react-dom.umd.js:10:103466)
    at w (https://img6.wsimg.com/ux-assets/react/18/react-dom.umd.js:1:1856)
    at MessagePort.P (https://img6.wsimg.com/ux-assets/react/18/react-dom.umd.js:1:2388)
[    4578ms] Error: Minified React error #418; visit https://reactjs.org/docs/error-decoder.html?invariant=418 for the full message or use the non-minified dev environment for full errors and additional helpful warnings.
    at oa (https://img6.wsimg.com/ux-assets/react/18/react-dom.umd.js:10:48288)
    at Si (https://img6.wsimg.com/ux-assets/react/18/react-dom.umd.js:10:120932)
    at ys (https://img6.wsimg.com/ux-assets/react/18/react-dom.umd.js:10:108510)
    at gs (https://img6.wsimg.com/ux-assets/react/18/react-dom.umd.js:10:108438)
    at hs (https://img6.wsimg.com/ux-assets/react/18/react-dom.umd.js:10:108301)
    at rs (https://img6.wsimg.com/ux-assets/react/18/react-dom.umd.js:10:103466)
    at w (https://img6.wsimg.com/ux-assets/react/18/react-dom.umd.js:1:1856)
    at MessagePort.P (https://img6.wsimg.com/ux-assets/react/18/react-dom.umd.js:1:2388)
[    4578ms] Error: Minified React error #418; visit https://reactjs.org/docs/error-decoder.html?invariant=418 for the full message or use the non-minified dev environment for full errors and additional helpful warnings.
    at oa (https://img6.wsimg.com/ux-assets/react/18/react-dom.umd.js:10:48288)
    at Si (https://img6.wsimg.com/ux-assets/react/18/react-dom.umd.js:10:120932)
    at ys (https://img6.wsimg.com/ux-assets/react/18/react-dom.umd.js:10:108510)
    at gs (https://img6.wsimg.com/ux-assets/react/18/react-dom.umd.js:10:108438)
    at hs (https://img6.wsimg.com/ux-assets/react/18/react-dom.umd.js:10:108301)
    at rs (https://img6.wsimg.com/ux-assets/react/18/react-dom.umd.js:10:103466)
    at w (https://img6.wsimg.com/ux-assets/react/18/react-dom.umd.js:1:1856)
    at MessagePort.P (https://img6.wsimg.com/ux-assets/react/18/react-dom.umd.js:1:2388)
[    4578ms] Error: Minified React error #418; visit https://reactjs.org/docs/error-decoder.html?invariant=418 for the full message or use the non-minified dev environment for full errors and additional helpful warnings.
    at oa (https://img6.wsimg.com/ux-assets/react/18/react-dom.umd.js:10:48288)
    at Si (https://img6.wsimg.com/ux-assets/react/18/react-dom.umd.js:10:120932)
    at ys (https://img6.wsimg.com/ux-assets/react/18/react-dom.umd.js:10:108510)
    at gs (https://img6.wsimg.com/ux-assets/react/18/react-dom.umd.js:10:108438)
    at hs (https://img6.wsimg.com/ux-assets/react/18/react-dom.umd.js:10:108301)
    at rs (https://img6.wsimg.com/ux-assets/react/18/react-dom.umd.js:10:103466)
    at w (https://img6.wsimg.com/ux-assets/react/18/react-dom.umd.js:1:1856)
    at MessagePort.P (https://img6.wsimg.com/ux-assets/react/18/react-dom.umd.js:1:2388)
[    4578ms] Error: Minified React error #418; visit https://reactjs.org/docs/error-decoder.html?invariant=418 for the full message or use the non-minified dev environment for full errors and additional helpful warnings.
    at oa (https://img6.wsimg.com/ux-assets/react/18/react-dom.umd.js:10:48288)
    at Si (https://img6.wsimg.com/ux-assets/react/18/react-dom.umd.js:10:120932)
    at ys (https://img6.wsimg.com/ux-assets/react/18/react-dom.umd.js:10:108510)
    at gs (https://img6.wsimg.com/ux-assets/react/18/react-dom.umd.js:10:108438)
    at hs (https://img6.wsimg.com/ux-assets/react/18/react-dom.umd.js:10:108301)
    at rs (https://img6.wsimg.com/ux-assets/react/18/react-dom.umd.js:10:103466)
    at w (https://img6.wsimg.com/ux-assets/react/18/react-dom.umd.js:1:1856)
    at MessagePort.P (https://img6.wsimg.com/ux-assets/react/18/react-dom.umd.js:1:2388)
[    4578ms] Error: Minified React error #418; visit https://reactjs.org/docs/error-decoder.html?invariant=418 for the full message or use the non-minified dev environment for full errors and additional helpful warnings.
    at oa (https://img6.wsimg.com/ux-assets/react/18/react-dom.umd.js:10:48288)
    at Si (https://img6.wsimg.com/ux-assets/react/18/react-dom.umd.js:10:120932)
    at ys (https://img6.wsimg.com/ux-assets/react/18/react-dom.umd.js:10:108510)
    at gs (https://img6.wsimg.com/ux-assets/react/18/react-dom.umd.js:10:108438)
    at hs (https://img6.wsimg.com/ux-assets/react/18/react-dom.umd.js:10:108301)
    at rs (https://img6.wsimg.com/ux-assets/react/18/react-dom.umd.js:10:103466)
    at w (https://img6.wsimg.com/ux-assets/react/18/react-dom.umd.js:1:1856)
    at MessagePort.P (https://img6.wsimg.com/ux-assets/react/18/react-dom.umd.js:1:2388)
[    4578ms] Error: Minified React error #423; visit https://reactjs.org/docs/error-decoder.html?invariant=423 for the full message or use the non-minified dev environment for full errors and additional helpful warnings.
    at Si (https://img6.wsimg.com/ux-assets/react/18/react-dom.umd.js:10:120618)
    at ys (https://img6.wsimg.com/ux-assets/react/18/react-dom.umd.js:10:108510)
    at gs (https://img6.wsimg.com/ux-assets/react/18/react-dom.umd.js:10:108438)
    at hs (https://img6.wsimg.com/ux-assets/react/18/react-dom.umd.js:10:108301)
    at ls (https://img6.wsimg.com/ux-assets/react/18/react-dom.umd.js:10:105136)
    at rs (https://img6.wsimg.com/ux-assets/react/18/react-dom.umd.js:10:103692)
    at w (https://img6.wsimg.com/ux-assets/react/18/react-dom.umd.js:1:1856)
    at MessagePort.P (https://img6.wsimg.com/ux-assets/react/18/react-dom.umd.js:1:2388)
[    4605ms] Error: Minified React error #418; visit https://reactjs.org/docs/error-decoder.html?invariant=418 for the full message or use the non-minified dev environment for full errors and additional helpful warnings.
    at oa (https://img6.wsimg.com/ux-assets/react/18/react-dom.umd.js:10:48168)
    at Oo (https://img6.wsimg.com/ux-assets/react/18/react-dom.umd.js:10:78126)
    at Si (https://img6.wsimg.com/ux-assets/react/18/react-dom.umd.js:10:121135)
    at ys (https://img6.wsimg.com/ux-assets/react/18/react-dom.umd.js:10:108510)
    at gs (https://img6.wsimg.com/ux-assets/react/18/react-dom.umd.js:10:108438)
    at hs (https://img6.wsimg.com/ux-assets/react/18/react-dom.umd.js:10:108301)
    at rs (https://img6.wsimg.com/ux-assets/react/18/react-dom.umd.js:10:103466)
    at w (https://img6.wsimg.com/ux-assets/react/18/react-dom.umd.js:1:1856)
    at MessagePort.P (https://img6.wsimg.com/ux-assets/react/18/react-dom.umd.js:1:2388)
[    4605ms] Error: Minified React error #423; visit https://reactjs.org/docs/error-decoder.html?invariant=423 for the full message or use the non-minified dev environment for full errors and additional helpful warnings.
    at Si (https://img6.wsimg.com/ux-assets/react/18/react-dom.umd.js:10:120618)
    at ys (https://img6.wsimg.com/ux-assets/react/18/react-dom.umd.js:10:108510)
    at gs (https://img6.wsimg.com/ux-assets/react/18/react-dom.umd.js:10:108438)
    at hs (https://img6.wsimg.com/ux-assets/react/18/react-dom.umd.js:10:108301)
    at ls (https://img6.wsimg.com/ux-assets/react/18/react-dom.umd.js:10:105136)
    at rs (https://img6.wsimg.com/ux-assets/react/18/react-dom.umd.js:10:103692)
    at w (https://img6.wsimg.com/ux-assets/react/18/react-dom.umd.js:1:1856)
    at MessagePort.P (https://img6.wsimg.com/ux-assets/react/18/react-dom.umd.js:1:2388)
[   11620ms] [WARNING] <link rel=preload> must have a valid `as` value @ https://sso.godaddy.com/?realm=idp&app=venture-redirector&path=%2F%3Freferrer%3Dsso:163
[   11971ms] [WARNING] Could not determine a CSP API key; experimentation events are disabled. You must provide either a cspKey or env config property. @ https://img6.wsimg.com/hivemind/hivemind-3.1.9.js:7
[   12002ms] [LOG] No experiments or labels provided @ https://img6.wsimg.com/hivemind/hivemind-3.1.9.js:7
[   12092ms] [VERBOSE] [DOM] Input elements should have autocomplete attributes (suggested: "username"): (More info: https://goo.gl/9p2vKq) %o @ https://sso.godaddy.com/?realm=idp&app=venture-redirector&path=%2F%3Freferrer%3Dsso:0
[   12220ms] [ERROR] Failed to load resource: the server responded with a status of 429 (Too Many Requests) @ https://sso.godaddy.com/149e9513-01fa-4fb0-aad4-566afd725d1b/2d206a39-8ed7-437e-a3be-862e0f06eea3/fp?x-kpsdk-v=j-1.2.470:0
[   12363ms] [LOG] Error @ :2
[   12381ms] [WARNING] Unable to create a text session because the service is not running. @ https://sso.godaddy.com/149e9513-01fa-4fb0-aad4-566afd725d1b/2d206a39-8ed7-437e-a3be-862e0f06eea3/fp?x-kpsdk-v=j-1.2.470:5
[   12433ms] [ERROR] WebSocket connection to 'wss://mpsnare.iesnare.com/star' failed: Error during WebSocket handshake: Unexpected response code: 403 @ https://sso.godaddy.com/device-risk/general5/gCXbkfe08EXkWVwoV47pGOwRrZgO9gm1DGsVtkV4Wiw/static_wdp.js?loaderVer=5.8.1&compat=false&tp=true&tp_split=false&fp_static=true&fp_dyn=true:29
[   12453ms] [WARNING] Unable to create a text session because the service is not running. @ https://sso.godaddy.com/149e9513-01fa-4fb0-aad4-566afd725d1b/2d206a39-8ed7-437e-a3be-862e0f06eea3/fp?x-kpsdk-v=j-1.2.470:0
[   12457ms] [WARNING] Unable to create a text session because the service is not running. @ https://sso.godaddy.com/149e9513-01fa-4fb0-aad4-566afd725d1b/2d206a39-8ed7-437e-a3be-862e0f06eea3/fp?x-kpsdk-v=j-1.2.470:0
[   12457ms] [WARNING] Unable to create a text session because the service is not running. @ https://sso.godaddy.com/149e9513-01fa-4fb0-aad4-566afd725d1b/2d206a39-8ed7-437e-a3be-862e0f06eea3/fp?x-kpsdk-v=j-1.2.470:0
[   12457ms] [WARNING] The requested language options are not supported. @ https://sso.godaddy.com/149e9513-01fa-4fb0-aad4-566afd725d1b/2d206a39-8ed7-437e-a3be-862e0f06eea3/fp?x-kpsdk-v=j-1.2.470:0
[   12457ms] [ERROR] Unsupported Summarizer API languages were specified, and the request was aborted. API calls must only specify supported languages to ensure successful processing and guarantee output characteristics. Please only specify supported language codes: [de, en, es, fr, ja] @ https://sso.godaddy.com/149e9513-01fa-4fb0-aad4-566afd725d1b/2d206a39-8ed7-437e-a3be-862e0f06eea3/fp?x-kpsdk-v=j-1.2.470:0
[   12457ms] [WARNING] The requested language options are not supported. @ https://sso.godaddy.com/149e9513-01fa-4fb0-aad4-566afd725d1b/2d206a39-8ed7-437e-a3be-862e0f06eea3/fp?x-kpsdk-v=j-1.2.470:0
[   12457ms] [WARNING] The requested language options are not supported. @ https://sso.godaddy.com/149e9513-01fa-4fb0-aad4-566afd725d1b/2d206a39-8ed7-437e-a3be-862e0f06eea3/fp?x-kpsdk-v=j-1.2.470:0
[   12457ms] [WARNING] The requested language options are not supported. @ https://sso.godaddy.com/149e9513-01fa-4fb0-aad4-566afd725d1b/2d206a39-8ed7-437e-a3be-862e0f06eea3/fp?x-kpsdk-v=j-1.2.470:0
[   12457ms] [WARNING] Unable to create a text session because the service is not running. @ https://sso.godaddy.com/149e9513-01fa-4fb0-aad4-566afd725d1b/2d206a39-8ed7-437e-a3be-862e0f06eea3/fp?x-kpsdk-v=j-1.2.470:0
[   12458ms] [WARNING] The requested language options are not supported. @ https://sso.godaddy.com/149e9513-01fa-4fb0-aad4-566afd725d1b/2d206a39-8ed7-437e-a3be-862e0f06eea3/fp?x-kpsdk-v=j-1.2.470:0
[   12458ms] [WARNING] The requested language options are not supported. @ https://sso.godaddy.com/149e9513-01fa-4fb0-aad4-566afd725d1b/2d206a39-8ed7-437e-a3be-862e0f06eea3/fp?x-kpsdk-v=j-1.2.470:0
[   12531ms] [LOG] Error @ :2
