[    1356ms] [WARNING] i18n: Translate for key audit.independent.sections.all_reports not found! @ https://online.seranking.com/frontend-dist/AuditTool/js/index.Bp1gssFt.mq6glkqu.js:15
[    1356ms] [WARNING] i18n: Translate for key audit.independent.create_audit.form.limits not found! @ https://online.seranking.com/frontend-dist/AuditTool/js/index.Bp1gssFt.mq6glkqu.js:15
[    1356ms] [WARNING] i18n: Translate for key audit.independent.sections.overview not found! @ https://online.seranking.com/frontend-dist/AuditTool/js/index.Bp1gssFt.mq6glkqu.js:15
[    1356ms] [WARNING] i18n: Translate for key audit.independent.sections.issue_report not found! @ https://online.seranking.com/frontend-dist/AuditTool/js/index.Bp1gssFt.mq6glkqu.js:15
[    1356ms] [WARNING] i18n: Translate for key audit.independent.sections.crawled_pages not found! @ https://online.seranking.com/frontend-dist/AuditTool/js/index.Bp1gssFt.mq6glkqu.js:15
[    1356ms] [WARNING] i18n: Translate for key audit.independent.sections.found_resources not found! @ https://online.seranking.com/frontend-dist/AuditTool/js/index.Bp1gssFt.mq6glkqu.js:15
[    1356ms] [WARNING] i18n: Translate for key audit.independent.sections.found_links not found! @ https://online.seranking.com/frontend-dist/AuditTool/js/index.Bp1gssFt.mq6glkqu.js:15
[    1356ms] [WARNING] i18n: Translate for key audit.independent.sections.crawl_comparison not found! @ https://online.seranking.com/frontend-dist/AuditTool/js/index.Bp1gssFt.mq6glkqu.js:15
[    1356ms] [WARNING] i18n: Translate for key audit.independent.breadcrums.create_new_audit not found! @ https://online.seranking.com/frontend-dist/AuditTool/js/index.Bp1gssFt.mq6glkqu.js:15
[    1356ms] [WARNING] i18n: Translate for key audit.independent.upper_notifications.list not found! @ https://online.seranking.com/frontend-dist/AuditTool/js/index.Bp1gssFt.mq6glkqu.js:15
[    1356ms] [WARNING] i18n: Translate for key audit.independent.create_audit.form.limits_subscription_notification not found! @ https://online.seranking.com/frontend-dist/AuditTool/js/index.Bp1gssFt.mq6glkqu.js:15
[    1356ms] [WARNING] i18n: Translate for key audit.independent.create_audit.form.limits_per_check_notification not found! @ https://online.seranking.com/frontend-dist/AuditTool/js/index.Bp1gssFt.mq6glkqu.js:15
[    1356ms] [WARNING] i18n: Translate for key audit.new.notification_new_version_exists.heading not found! @ https://online.seranking.com/frontend-dist/AuditTool/js/index.Bp1gssFt.mq6glkqu.js:15
[    1356ms] [WARNING] i18n: Translate for key audit.new.notification_new_version_exists.action not found! @ https://online.seranking.com/frontend-dist/AuditTool/js/index.Bp1gssFt.mq6glkqu.js:15
[    1357ms] [WARNING] i18n: Translate for key audit.new.restart_audit_url_popup.title not found! @ https://online.seranking.com/frontend-dist/AuditTool/js/index.Bp1gssFt.mq6glkqu.js:15
[    1357ms] [WARNING] i18n: Translate for key audit.new.restart_audit_url_popup.description not found! @ https://online.seranking.com/frontend-dist/AuditTool/js/index.Bp1gssFt.mq6glkqu.js:15
[    1357ms] [WARNING] i18n: Translate for key audit.new.restart_audit_popup_url.cancel not found! @ https://online.seranking.com/frontend-dist/AuditTool/js/index.Bp1gssFt.mq6glkqu.js:15
[    1357ms] [WARNING] i18n: Translate for key audit.new.restart_audit_popup_url.restart_action not found! @ https://online.seranking.com/frontend-dist/AuditTool/js/index.Bp1gssFt.mq6glkqu.js:15
[    1361ms] [WARNING] i18n: Translate for key common.black_friday.badge.title not found! @ https://online.seranking.com/frontend-dist/AuditTool/js/index.Bp1gssFt.mq6glkqu.js:15
[    1361ms] [WARNING] i18n: Translate for key common.black_friday.badge.text not found! @ https://online.seranking.com/frontend-dist/AuditTool/js/index.Bp1gssFt.mq6glkqu.js:15
[    1427ms] [WARNING] i18n: Translate for key audit.independent.sections.all_reports not found! @ https://online.seranking.com/frontend-dist/AuditTool/js/index.Bp1gssFt.mq6glkqu.js:15
[    1427ms] [WARNING] i18n: Translate for key audit.independent.create_audit.form.limits not found! @ https://online.seranking.com/frontend-dist/AuditTool/js/index.Bp1gssFt.mq6glkqu.js:15
[    1427ms] [WARNING] i18n: Translate for key audit.independent.sections.overview not found! @ https://online.seranking.com/frontend-dist/AuditTool/js/index.Bp1gssFt.mq6glkqu.js:15
[    1427ms] [WARNING] i18n: Translate for key audit.independent.sections.issue_report not found! @ https://online.seranking.com/frontend-dist/AuditTool/js/index.Bp1gssFt.mq6glkqu.js:15
[    1427ms] [WARNING] i18n: Translate for key audit.independent.sections.crawled_pages not found! @ https://online.seranking.com/frontend-dist/AuditTool/js/index.Bp1gssFt.mq6glkqu.js:15
[    1427ms] [WARNING] i18n: Translate for key audit.independent.sections.found_resources not found! @ https://online.seranking.com/frontend-dist/AuditTool/js/index.Bp1gssFt.mq6glkqu.js:15
[    1427ms] [WARNING] i18n: Translate for key audit.independent.sections.found_links not found! @ https://online.seranking.com/frontend-dist/AuditTool/js/index.Bp1gssFt.mq6glkqu.js:15
[    1427ms] [WARNING] i18n: Translate for key audit.independent.sections.crawl_comparison not found! @ https://online.seranking.com/frontend-dist/AuditTool/js/index.Bp1gssFt.mq6glkqu.js:15
[    1427ms] [WARNING] i18n: Translate for key audit.independent.breadcrums.create_new_audit not found! @ https://online.seranking.com/frontend-dist/AuditTool/js/index.Bp1gssFt.mq6glkqu.js:15
[    1427ms] [WARNING] i18n: Translate for key audit.independent.upper_notifications.list not found! @ https://online.seranking.com/frontend-dist/AuditTool/js/index.Bp1gssFt.mq6glkqu.js:15
[    1427ms] [WARNING] i18n: Translate for key audit.independent.create_audit.form.limits_subscription_notification not found! @ https://online.seranking.com/frontend-dist/AuditTool/js/index.Bp1gssFt.mq6glkqu.js:15
[    1427ms] [WARNING] i18n: Translate for key audit.independent.create_audit.form.limits_per_check_notification not found! @ https://online.seranking.com/frontend-dist/AuditTool/js/index.Bp1gssFt.mq6glkqu.js:15
[    1427ms] [WARNING] i18n: Translate for key audit.new.notification_new_version_exists.heading not found! @ https://online.seranking.com/frontend-dist/AuditTool/js/index.Bp1gssFt.mq6glkqu.js:15
[    1427ms] [WARNING] i18n: Translate for key audit.new.notification_new_version_exists.action not found! @ https://online.seranking.com/frontend-dist/AuditTool/js/index.Bp1gssFt.mq6glkqu.js:15
[    1427ms] [WARNING] i18n: Translate for key audit.new.restart_audit_url_popup.title not found! @ https://online.seranking.com/frontend-dist/AuditTool/js/index.Bp1gssFt.mq6glkqu.js:15
[    1427ms] [WARNING] i18n: Translate for key audit.new.restart_audit_url_popup.description not found! @ https://online.seranking.com/frontend-dist/AuditTool/js/index.Bp1gssFt.mq6glkqu.js:15
[    1427ms] [WARNING] i18n: Translate for key audit.new.restart_audit_popup_url.cancel not found! @ https://online.seranking.com/frontend-dist/AuditTool/js/index.Bp1gssFt.mq6glkqu.js:15
[    1427ms] [WARNING] i18n: Translate for key audit.new.restart_audit_popup_url.restart_action not found! @ https://online.seranking.com/frontend-dist/AuditTool/js/index.Bp1gssFt.mq6glkqu.js:15
[    1428ms] [WARNING] i18n: Translate for key common.black_friday.badge.title not found! @ https://online.seranking.com/frontend-dist/AuditTool/js/index.Bp1gssFt.mq6glkqu.js:15
[    1428ms] [WARNING] i18n: Translate for key common.black_friday.badge.text not found! @ https://online.seranking.com/frontend-dist/AuditTool/js/index.Bp1gssFt.mq6glkqu.js:15
[    1771ms] [ERROR] Userflow.js resetting due to: [company_closed] This Userflow account has been closed. You can re-activate it at https://userflow.com/app. @ https://online.seranking.com/frontend-dist/AuditTool/js/index.Bp1gssFt.mq6glkqu.js:15
[    1855ms] [WARNING] i18n: Translation key undefined supposed to be string @ https://online.seranking.com/frontend-dist/AuditTool/js/index.Bp1gssFt.mq6glkqu.js:15
[    2545ms] [WARNING] i18n: Translation key undefined supposed to be string @ https://online.seranking.com/frontend-dist/AuditTool/js/index.Bp1gssFt.mq6glkqu.js:15
[    9729ms] [WARNING] i18n: Translate for key common.black_friday.badge.title not found! @ https://online.seranking.com/frontend-dist/modules/js/LegacyMenuAdapter.4K2_xyDE.mq6gk532.js:15
[    9729ms] [WARNING] i18n: Translate for key common.black_friday.badge.text not found! @ https://online.seranking.com/frontend-dist/modules/js/LegacyMenuAdapter.4K2_xyDE.mq6gk532.js:15
[    9820ms] [WARNING] i18n: Translate for key common.black_friday.badge.title not found! @ https://online.seranking.com/frontend-dist/modules/js/LegacyMenuAdapter.4K2_xyDE.mq6gk532.js:15
[    9820ms] [WARNING] i18n: Translate for key common.black_friday.badge.text not found! @ https://online.seranking.com/frontend-dist/modules/js/LegacyMenuAdapter.4K2_xyDE.mq6gk532.js:15
[   10202ms] [ERROR] Userflow.js resetting due to: [company_closed] This Userflow account has been closed. You can re-activate it at https://userflow.com/app. @ https://online.seranking.com/frontend-dist/modules/js/LegacyMenuAdapter.4K2_xyDE.mq6gk532.js:15
[   13064ms] [WARNING] i18n: Translate for key audit.independent.sections.all_reports not found! @ https://online.seranking.com/frontend-dist/AuditTool/js/index.Bp1gssFt.mq6glkqu.js:15
[   13065ms] [WARNING] i18n: Translate for key audit.independent.create_audit.form.limits not found! @ https://online.seranking.com/frontend-dist/AuditTool/js/index.Bp1gssFt.mq6glkqu.js:15
[   13065ms] [WARNING] i18n: Translate for key audit.independent.sections.overview not found! @ https://online.seranking.com/frontend-dist/AuditTool/js/index.Bp1gssFt.mq6glkqu.js:15
[   13065ms] [WARNING] i18n: Translate for key audit.independent.sections.issue_report not found! @ https://online.seranking.com/frontend-dist/AuditTool/js/index.Bp1gssFt.mq6glkqu.js:15
[   13065ms] [WARNING] i18n: Translate for key audit.independent.sections.crawled_pages not found! @ https://online.seranking.com/frontend-dist/AuditTool/js/index.Bp1gssFt.mq6glkqu.js:15
[   13065ms] [WARNING] i18n: Translate for key audit.independent.sections.found_resources not found! @ https://online.seranking.com/frontend-dist/AuditTool/js/index.Bp1gssFt.mq6glkqu.js:15
[   13065ms] [WARNING] i18n: Translate for key audit.independent.sections.found_links not found! @ https://online.seranking.com/frontend-dist/AuditTool/js/index.Bp1gssFt.mq6glkqu.js:15
[   13065ms] [WARNING] i18n: Translate for key audit.independent.sections.crawl_comparison not found! @ https://online.seranking.com/frontend-dist/AuditTool/js/index.Bp1gssFt.mq6glkqu.js:15
[   13065ms] [WARNING] i18n: Translate for key audit.independent.breadcrums.create_new_audit not found! @ https://online.seranking.com/frontend-dist/AuditTool/js/index.Bp1gssFt.mq6glkqu.js:15
[   13065ms] [WARNING] i18n: Translate for key audit.independent.upper_notifications.list not found! @ https://online.seranking.com/frontend-dist/AuditTool/js/index.Bp1gssFt.mq6glkqu.js:15
[   13065ms] [WARNING] i18n: Translate for key audit.independent.create_audit.form.limits_subscription_notification not found! @ https://online.seranking.com/frontend-dist/AuditTool/js/index.Bp1gssFt.mq6glkqu.js:15
[   13065ms] [WARNING] i18n: Translate for key audit.independent.create_audit.form.limits_per_check_notification not found! @ https://online.seranking.com/frontend-dist/AuditTool/js/index.Bp1gssFt.mq6glkqu.js:15
[   13065ms] [WARNING] i18n: Translate for key audit.new.notification_new_version_exists.heading not found! @ https://online.seranking.com/frontend-dist/AuditTool/js/index.Bp1gssFt.mq6glkqu.js:15
[   13065ms] [WARNING] i18n: Translate for key audit.new.notification_new_version_exists.action not found! @ https://online.seranking.com/frontend-dist/AuditTool/js/index.Bp1gssFt.mq6glkqu.js:15
[   13065ms] [WARNING] i18n: Translate for key audit.new.restart_audit_url_popup.title not found! @ https://online.seranking.com/frontend-dist/AuditTool/js/index.Bp1gssFt.mq6glkqu.js:15
[   13065ms] [WARNING] i18n: Translate for key audit.new.restart_audit_url_popup.description not found! @ https://online.seranking.com/frontend-dist/AuditTool/js/index.Bp1gssFt.mq6glkqu.js:15
[   13065ms] [WARNING] i18n: Translate for key audit.new.restart_audit_popup_url.cancel not found! @ https://online.seranking.com/frontend-dist/AuditTool/js/index.Bp1gssFt.mq6glkqu.js:15
[   13065ms] [WARNING] i18n: Translate for key audit.new.restart_audit_popup_url.restart_action not found! @ https://online.seranking.com/frontend-dist/AuditTool/js/index.Bp1gssFt.mq6glkqu.js:15
[   13067ms] [WARNING] i18n: Translate for key common.black_friday.badge.title not found! @ https://online.seranking.com/frontend-dist/AuditTool/js/index.Bp1gssFt.mq6glkqu.js:15
[   13067ms] [WARNING] i18n: Translate for key common.black_friday.badge.text not found! @ https://online.seranking.com/frontend-dist/AuditTool/js/index.Bp1gssFt.mq6glkqu.js:15
[   13128ms] [WARNING] i18n: Translate for key audit.independent.sections.all_reports not found! @ https://online.seranking.com/frontend-dist/AuditTool/js/index.Bp1gssFt.mq6glkqu.js:15
[   13128ms] [WARNING] i18n: Translate for key audit.independent.create_audit.form.limits not found! @ https://online.seranking.com/frontend-dist/AuditTool/js/index.Bp1gssFt.mq6glkqu.js:15
[   13128ms] [WARNING] i18n: Translate for key audit.independent.sections.overview not found! @ https://online.seranking.com/frontend-dist/AuditTool/js/index.Bp1gssFt.mq6glkqu.js:15
[   13128ms] [WARNING] i18n: Translate for key audit.independent.sections.issue_report not found! @ https://online.seranking.com/frontend-dist/AuditTool/js/index.Bp1gssFt.mq6glkqu.js:15
[   13128ms] [WARNING] i18n: Translate for key audit.independent.sections.crawled_pages not found! @ https://online.seranking.com/frontend-dist/AuditTool/js/index.Bp1gssFt.mq6glkqu.js:15
[   13128ms] [WARNING] i18n: Translate for key audit.independent.sections.found_resources not found! @ https://online.seranking.com/frontend-dist/AuditTool/js/index.Bp1gssFt.mq6glkqu.js:15
[   13128ms] [WARNING] i18n: Translate for key audit.independent.sections.found_links not found! @ https://online.seranking.com/frontend-dist/AuditTool/js/index.Bp1gssFt.mq6glkqu.js:15
[   13128ms] [WARNING] i18n: Translate for key audit.independent.sections.crawl_comparison not found! @ https://online.seranking.com/frontend-dist/AuditTool/js/index.Bp1gssFt.mq6glkqu.js:15
[   13128ms] [WARNING] i18n: Translate for key audit.independent.breadcrums.create_new_audit not found! @ https://online.seranking.com/frontend-dist/AuditTool/js/index.Bp1gssFt.mq6glkqu.js:15
[   13128ms] [WARNING] i18n: Translate for key audit.independent.upper_notifications.list not found! @ https://online.seranking.com/frontend-dist/AuditTool/js/index.Bp1gssFt.mq6glkqu.js:15
[   13128ms] [WARNING] i18n: Translate for key audit.independent.create_audit.form.limits_subscription_notification not found! @ https://online.seranking.com/frontend-dist/AuditTool/js/index.Bp1gssFt.mq6glkqu.js:15
[   13128ms] [WARNING] i18n: Translate for key audit.independent.create_audit.form.limits_per_check_notification not found! @ https://online.seranking.com/frontend-dist/AuditTool/js/index.Bp1gssFt.mq6glkqu.js:15
[   13128ms] [WARNING] i18n: Translate for key audit.new.notification_new_version_exists.heading not found! @ https://online.seranking.com/frontend-dist/AuditTool/js/index.Bp1gssFt.mq6glkqu.js:15
[   13128ms] [WARNING] i18n: Translate for key audit.new.notification_new_version_exists.action not found! @ https://online.seranking.com/frontend-dist/AuditTool/js/index.Bp1gssFt.mq6glkqu.js:15
[   13128ms] [WARNING] i18n: Translate for key audit.new.restart_audit_url_popup.title not found! @ https://online.seranking.com/frontend-dist/AuditTool/js/index.Bp1gssFt.mq6glkqu.js:15
[   13128ms] [WARNING] i18n: Translate for key audit.new.restart_audit_url_popup.description not found! @ https://online.seranking.com/frontend-dist/AuditTool/js/index.Bp1gssFt.mq6glkqu.js:15
[   13128ms] [WARNING] i18n: Translate for key audit.new.restart_audit_popup_url.cancel not found! @ https://online.seranking.com/frontend-dist/AuditTool/js/index.Bp1gssFt.mq6glkqu.js:15
[   13128ms] [WARNING] i18n: Translate for key audit.new.restart_audit_popup_url.restart_action not found! @ https://online.seranking.com/frontend-dist/AuditTool/js/index.Bp1gssFt.mq6glkqu.js:15
[   13129ms] [WARNING] i18n: Translate for key common.black_friday.badge.title not found! @ https://online.seranking.com/frontend-dist/AuditTool/js/index.Bp1gssFt.mq6glkqu.js:15
[   13129ms] [WARNING] i18n: Translate for key common.black_friday.badge.text not found! @ https://online.seranking.com/frontend-dist/AuditTool/js/index.Bp1gssFt.mq6glkqu.js:15
[   13201ms] [WARNING] i18n: Translation key undefined supposed to be string @ https://online.seranking.com/frontend-dist/AuditTool/js/index.Bp1gssFt.mq6glkqu.js:15
[   13490ms] [ERROR] Userflow.js resetting due to: [company_closed] This Userflow account has been closed. You can re-activate it at https://userflow.com/app. @ https://online.seranking.com/frontend-dist/AuditTool/js/index.Bp1gssFt.mq6glkqu.js:15
[   14240ms] [WARNING] i18n: Translation key undefined supposed to be string @ https://online.seranking.com/frontend-dist/AuditTool/js/index.Bp1gssFt.mq6glkqu.js:15
[   93402ms] [WARNING] i18n: Translate for key common.black_friday.badge.title not found! @ https://online.seranking.com/frontend-dist/Rankings/js/useSentry.Bn5_pHqf.mq6gksec.js:27
[   93402ms] [WARNING] i18n: Translate for key common.black_friday.badge.text not found! @ https://online.seranking.com/frontend-dist/Rankings/js/useSentry.Bn5_pHqf.mq6gksec.js:27
[   93477ms] [WARNING] i18n: Translate for key positions.menu.detailed not found! @ https://online.seranking.com/frontend-dist/Rankings/js/useSentry.Bn5_pHqf.mq6gksec.js:27
[   93496ms] [WARNING] i18n: Translate for key positions.menu.detailed not found! @ https://online.seranking.com/frontend-dist/Rankings/js/useSentry.Bn5_pHqf.mq6gksec.js:27
[   93497ms] [WARNING] i18n: Translate for key common.black_friday.badge.title not found! @ https://online.seranking.com/frontend-dist/Rankings/js/useSentry.Bn5_pHqf.mq6gksec.js:27
[   93497ms] [WARNING] i18n: Translate for key common.black_friday.badge.text not found! @ https://online.seranking.com/frontend-dist/Rankings/js/useSentry.Bn5_pHqf.mq6gksec.js:27
[   93757ms] [WARNING] i18n: Translate for key  not found! @ https://online.seranking.com/frontend-dist/Rankings/js/useSentry.Bn5_pHqf.mq6gksec.js:27
[   93832ms] [ERROR] Userflow.js resetting due to: [company_closed] This Userflow account has been closed. You can re-activate it at https://userflow.com/app. @ https://online.seranking.com/frontend-dist/Rankings/js/useSentry.Bn5_pHqf.mq6gksec.js:27
[  101240ms] [ERROR] Failed to load resource: the server responded with a status of 404 () @ https://t1.gstatic.com/faviconV2?client=SOCIAL&type=FAVICON&fallback_opts=TYPE,SIZE,URL&url=https://kaufast.com&size=16:0
[  107207ms] [WARNING] i18n: Translate for key common.black_friday.badge.title not found! @ https://online.seranking.com/frontend-dist/ApiDashboard/js/index.DlXMT2Cn.mq6gn1wr.js:15
[  107207ms] [WARNING] i18n: Translate for key common.black_friday.badge.text not found! @ https://online.seranking.com/frontend-dist/ApiDashboard/js/index.DlXMT2Cn.mq6gn1wr.js:15
[  107267ms] [WARNING] i18n: Translate for key common.black_friday.badge.title not found! @ https://online.seranking.com/frontend-dist/ApiDashboard/js/index.DlXMT2Cn.mq6gn1wr.js:15
[  107267ms] [WARNING] i18n: Translate for key common.black_friday.badge.text not found! @ https://online.seranking.com/frontend-dist/ApiDashboard/js/index.DlXMT2Cn.mq6gn1wr.js:15
[  107573ms] [ERROR] Userflow.js resetting due to: [company_closed] This Userflow account has been closed. You can re-activate it at https://userflow.com/app. @ https://online.seranking.com/frontend-dist/ApiDashboard/js/index.DlXMT2Cn.mq6gn1wr.js:15
[ 3740312ms] [ERROR] Failed to load resource: the server responded with a status of 401 () @ https://online.seranking.com/.well-known/mercure?topic=http%3A%2F%2Fonline.seranking.com%2Facc%2F5048639&topic=http%3A%2F%2Fonline.seranking.com%2Fglobal&topic=http%3A%2F%2Fonline.seranking.com%2Ftoken%2F13352774:0
