[     307ms] [ERROR] Failed to load resource: net::ERR_CONNECTION_CLOSED @ https://www.google.com/rmkt/collect/967720171/?random=118131588&fst=1781011101054&cv=10&fmt=8&bg=ffffff&guid=ON&u_w=1280&u_h=832&gtm=45h91e6640v875675692z86606926z9847342624za20kzb6606926zd6606926&url=https%3A%2F%2Fonline.seranking.com%2Fadmin.subscription.html&ref=https%3A%2F%2Fonline.seranking.com%2Fadmin.api.html&tiba=SE%20Ranking&auid=1299475208.1780993566&uaa=arm&uab=64&uafvl=Google%2520Chrome%3B149.0.7827.53%7CChromium%3B149.0.7827.53%7CNot)A%253BBrand%3B24.0.0.0&uamb=0&uam=&uap=macOS&uapv=26.5.0&uaw=0&gdid=dMWZhNz&rcb=5&dma=1&dma_cps=a&npa=0&gcs=G111&gcd=13r3rPr2r5l1&pscdl=noapi&_is_sw=f15s0t1&tag_exp=0~115938465~115938469~117215456~119245091&_tu=DA&gap.gtb=2&gcp=5:0
[    1599ms] [WARNING] i18n: Translate for key subscription.notification_expired.text_balance_xml_limits not found! @ https://online.seranking.com/frontend-dist/Subscription/js/index.CzOToBeB.mq6gla0l.js:15
[    1610ms] [WARNING] i18n: Translate for key subscription.free_trial.trial_availability_text_locations_available not found! @ https://online.seranking.com/frontend-dist/Subscription/js/index.CzOToBeB.mq6gla0l.js:15
[    1612ms] [WARNING] i18n: Translate for key subscription.free_trial.trial_availability_text_locations_available not found! @ https://online.seranking.com/frontend-dist/Subscription/js/index.CzOToBeB.mq6gla0l.js:15
[    1615ms] [WARNING] i18n: Translate for key subscription.free_trial.trial_availability_text_locations_available not found! @ https://online.seranking.com/frontend-dist/Subscription/js/index.CzOToBeB.mq6gla0l.js:15
[    1620ms] [WARNING] i18n: Translate for key subscription.not_allow_bank_transfer not found! @ https://online.seranking.com/frontend-dist/Subscription/js/index.CzOToBeB.mq6gla0l.js:15
[    1621ms] [WARNING] i18n: Translate for key subscription.not_allow_bank_transfer not found! @ https://online.seranking.com/frontend-dist/Subscription/js/index.CzOToBeB.mq6gla0l.js:15
[    1628ms] [WARNING] i18n: Translate for key subscription.custom_plans_available not found! @ https://online.seranking.com/frontend-dist/Subscription/js/index.CzOToBeB.mq6gla0l.js:15
[    1633ms] [WARNING] i18n: Translate for key subscription.free_trial.trial_availability_text_locations_available not found! @ https://online.seranking.com/frontend-dist/Subscription/js/index.CzOToBeB.mq6gla0l.js:15
[    1634ms] [WARNING] i18n: Translate for key subscription.free_trial.trial_availability_text_locations_available not found! @ https://online.seranking.com/frontend-dist/Subscription/js/index.CzOToBeB.mq6gla0l.js:15
[    1636ms] [WARNING] i18n: Translate for key subscription.free_trial.trial_availability_text_locations_available not found! @ https://online.seranking.com/frontend-dist/Subscription/js/index.CzOToBeB.mq6gla0l.js:15
[    1637ms] [WARNING] i18n: Translate for key subscription.free_trial.trial_availability_text_locations_available not found! @ https://online.seranking.com/frontend-dist/Subscription/js/index.CzOToBeB.mq6gla0l.js:15
[    1638ms] [WARNING] i18n: Translate for key subscription.free_trial.trial_availability_text_locations_available not found! @ https://online.seranking.com/frontend-dist/Subscription/js/index.CzOToBeB.mq6gla0l.js:15
[    1638ms] [WARNING] i18n: Translate for key subscription.free_trial.trial_availability_text_locations_available not found! @ https://online.seranking.com/frontend-dist/Subscription/js/index.CzOToBeB.mq6gla0l.js:15
[    1639ms] [WARNING] i18n: Translate for key subscription.free_trial.trial_availability_text_locations_available not found! @ https://online.seranking.com/frontend-dist/Subscription/js/index.CzOToBeB.mq6gla0l.js:15
[    1824ms] [ERROR] Userflow.js resetting due to: [company_closed] This Userflow account has been closed. You can re-activate it at https://userflow.com/app. @ https://online.seranking.com/frontend-dist/Subscription/js/index.CzOToBeB.mq6gla0l.js:15
[    2704ms] [WARNING] i18n: Translate for key subscription.not_allow_bank_transfer not found! @ https://online.seranking.com/frontend-dist/Subscription/js/index.CzOToBeB.mq6gla0l.js:15
[    2704ms] [WARNING] i18n: Translate for key subscription.not_allow_bank_transfer not found! @ https://online.seranking.com/frontend-dist/Subscription/js/index.CzOToBeB.mq6gla0l.js:15
[    2705ms] [WARNING] i18n: Translate for key subscription.custom_plans_available not found! @ https://online.seranking.com/frontend-dist/Subscription/js/index.CzOToBeB.mq6gla0l.js:15
[ 3604123ms] [ERROR] Failed to load resource: the server responded with a status of 401 () @ https://online.seranking.com/.well-known/mercure?topic=http%3A%2F%2Fonline.seranking.com%2Facc%2F5048639&topic=http%3A%2F%2Fonline.seranking.com%2Fglobal&topic=http%3A%2F%2Fonline.seranking.com%2Ftoken%2F13352774:0
[ 7130291ms] [ERROR] Userflow.js resetting due to: [company_closed] This Userflow account has been closed. You can re-activate it at https://userflow.com/app. @ https://online.seranking.com/frontend-dist/LocalMarketing/js/index.T8vEjY1m.mq6qom05.js:15
[ 7188173ms] [ERROR] Failed to load resource: the server responded with a status of 404 () @ https://online.seranking.com/api.local_marketing.locations.html?do=checkProgress&location_id=:0
[ 7188174ms] [ERROR] St @ https://online.seranking.com/frontend-dist/LocalMarketing/js/index.T8vEjY1m.mq6qom05.js:15
[ 7188446ms] [ERROR] Failed to load resource: the server responded with a status of 404 () @ https://online.seranking.com/api.local_marketing.locations.html?do=checkProgress&location_id=:0
[ 7188446ms] [ERROR] St @ https://online.seranking.com/frontend-dist/LocalMarketing/js/index.T8vEjY1m.mq6qom05.js:15
[ 7207817ms] [ERROR] Failed to load resource: the server responded with a status of 404 () @ https://t2.gstatic.com/faviconV2?client=SOCIAL&type=FAVICON&fallback_opts=TYPE,SIZE,URL&url=https://kaufast.com&size=16:0
[ 7210131ms] [WARNING] i18n: Translate for key common.black_friday.badge.title not found! @ https://online.seranking.com/frontend-dist/Dashboard/js/index.DuY3mg5l.mq6qq68w.js:15
[ 7210131ms] [WARNING] i18n: Translate for key common.black_friday.badge.text not found! @ https://online.seranking.com/frontend-dist/Dashboard/js/index.DuY3mg5l.mq6qq68w.js:15
[ 7210265ms] [WARNING] i18n: Translate for key common.black_friday.badge.title not found! @ https://online.seranking.com/frontend-dist/Dashboard/js/index.DuY3mg5l.mq6qq68w.js:15
[ 7210265ms] [WARNING] i18n: Translate for key common.black_friday.badge.text not found! @ https://online.seranking.com/frontend-dist/Dashboard/js/index.DuY3mg5l.mq6qq68w.js:15
[ 7210653ms] [ERROR] Userflow.js resetting due to: [company_closed] This Userflow account has been closed. You can re-activate it at https://userflow.com/app. @ https://online.seranking.com/frontend-dist/Dashboard/js/index.DuY3mg5l.mq6qq68w.js:15
[ 7210670ms] [ERROR] Failed to load resource: the server responded with a status of 404 () @ https://t2.gstatic.com/faviconV2?client=SOCIAL&type=FAVICON&fallback_opts=TYPE,SIZE,URL&url=https://kaufast.com&size=16:0
[ 7219684ms] [WARNING] i18n: Translate for key research.competitor.limit_popover.message.addon.text_no_action not found! @ https://online.seranking.com/frontend-dist/CompetitorResearch/js/index.vTzBG3xG.mq6qo5gi.js:15
[ 7219685ms] [WARNING] i18n: Translate for key research.competitor.limit_popover.message.upgrade.text_no_action not found! @ https://online.seranking.com/frontend-dist/CompetitorResearch/js/index.vTzBG3xG.mq6qo5gi.js:15
[ 7219689ms] [WARNING] i18n: Translate for key research.new.traffic_update_notification not found! @ https://online.seranking.com/frontend-dist/CompetitorResearch/js/index.vTzBG3xG.mq6qo5gi.js:15
[ 7219967ms] [ERROR] Userflow.js resetting due to: [company_closed] This Userflow account has been closed. You can re-activate it at https://userflow.com/app. @ https://online.seranking.com/frontend-dist/CompetitorResearch/js/index.vTzBG3xG.mq6qo5gi.js:15
[ 7221786ms] [WARNING] i18n: Translate for key research.new.traffic_update_notification not found! @ https://online.seranking.com/frontend-dist/CompetitorResearch/js/index.vTzBG3xG.mq6qo5gi.js:15
[ 7223487ms] [ERROR] Failed to load resource: the server responded with a status of 404 () @ https://t2.gstatic.com/faviconV2?client=SOCIAL&type=FAVICON&fallback_opts=TYPE,SIZE,URL&url=https://kaufast.com&size=16:0
[ 7228223ms] [WARNING] i18n: Translate for key common.black_friday.badge.title not found! @ https://online.seranking.com/frontend-dist/ProjectDashboard/js/index.DHWxvKTE.mq6qpdg9.js:15
[ 7228223ms] [WARNING] i18n: Translate for key common.black_friday.badge.text not found! @ https://online.seranking.com/frontend-dist/ProjectDashboard/js/index.DHWxvKTE.mq6qpdg9.js:15
[ 7228350ms] [WARNING] i18n: Translate for key common.black_friday.badge.title not found! @ https://online.seranking.com/frontend-dist/ProjectDashboard/js/index.DHWxvKTE.mq6qpdg9.js:15
[ 7228350ms] [WARNING] i18n: Translate for key common.black_friday.badge.text not found! @ https://online.seranking.com/frontend-dist/ProjectDashboard/js/index.DHWxvKTE.mq6qpdg9.js:15
[ 7228736ms] [ERROR] Userflow.js resetting due to: [company_closed] This Userflow account has been closed. You can re-activate it at https://userflow.com/app. @ https://online.seranking.com/frontend-dist/ProjectDashboard/js/index.DHWxvKTE.mq6qpdg9.js:15
[ 7233696ms] [ERROR] Failed to load resource: the server responded with a status of 404 () @ https://t2.gstatic.com/faviconV2?client=SOCIAL&type=FAVICON&fallback_opts=TYPE,SIZE,URL&url=https://kaufast.com&size=16:0
[ 7237685ms] [ERROR] Userflow.js resetting due to: [company_closed] This Userflow account has been closed. You can re-activate it at https://userflow.com/app. @ https://online.seranking.com/frontend-dist/LocalMarketing/js/index.T8vEjY1m.mq6qom05.js:15
[ 7237725ms] [ERROR] Failed to load resource: the server responded with a status of 404 () @ https://online.seranking.com/api.local_marketing.locations.html?do=checkProgress&location_id=:0
[ 7237726ms] [ERROR] St @ https://online.seranking.com/frontend-dist/LocalMarketing/js/index.T8vEjY1m.mq6qom05.js:15
[ 7276555ms] [LOG] [Util] handleError::  ResizeObserver loop completed with undelivered notifications. @ https://cdn.rudderlabs.com/v2/rudder-analytics.min.js:0
[ 7325422ms] [ERROR] TypeError: Failed to fetch
    at Vn.Dn (https://form.typeform.com/to/IiW9aphw?typeform-embed-id=656464348517016&typeform-embed=popup-blank&typeform-source=online.seranking.com&typeform-medium=embed-sdk&typeform-medium-version=next:154:38128)
    at i (https://form.typeform.com/to/IiW9aphw?typeform-embed-id=656464348517016&typeform-embed=popup-blank&typeform-source=online.seranking.com&typeform-medium=embed-sdk&typeform-medium-version=next:154:36826)
    at P.R (https://renderer-assets.typeform.com/vendors~form.6d5b9bbbb522a65f.renderer.js:2:149790)
    at P.send (https://renderer-assets.typeform.com/vendors~form.6d5b9bbbb522a65f.renderer.js:2:149313)
    at TRACK_BLOCK_SEEN (https://renderer-assets.typeform.com/vendors~form.6d5b9bbbb522a65f.renderer.js:2:155959)
    at https://renderer-assets.typeform.com/vendors~form.6d5b9bbbb522a65f.renderer.js:2:147614
    at Array.forEach (<anonymous>)
    at w (https://renderer-assets.typeform.com/vendors~form.6d5b9bbbb522a65f.renderer.js:2:147571)
    at Object.send (https://renderer-assets.typeform.com/vendors~form.6d5b9bbbb522a65f.renderer.js:2:154485)
    at z.onSubmit (https://renderer-assets.typeform.com/vendors~form.6d5b9bbbb522a65f.renderer.js:2:152874) @ https://form.typeform.com/to/IiW9aphw?typeform-embed-id=656464348517016&typeform-embed=popup-blank&typeform-source=online.seranking.com&typeform-medium=embed-sdk&typeform-medium-version=next:153
[ 7333865ms] [ERROR] Userflow.js resetting due to: [company_closed] This Userflow account has been closed. You can re-activate it at https://userflow.com/app. @ https://online.seranking.com/frontend-dist/LocalMarketing/js/index.T8vEjY1m.mq6qom05.js:15
[ 7333939ms] [ERROR] Failed to load resource: the server responded with a status of 404 () @ https://online.seranking.com/api.local_marketing.locations.html?do=checkProgress&location_id=:0
[ 7333939ms] [ERROR] St @ https://online.seranking.com/frontend-dist/LocalMarketing/js/index.T8vEjY1m.mq6qom05.js:15
[ 7340637ms] [WARNING] i18n: Translate for key main_menu.content_editor not found! @ https://online.seranking.com/frontend-dist/ContentEditor/js/index.D7HcM_BB.mq6qr99b.js:15
[ 7340637ms] [WARNING] i18n: Translate for key content_editor.total_limits not found! @ https://online.seranking.com/frontend-dist/ContentEditor/js/index.D7HcM_BB.mq6qr99b.js:15
[ 7340637ms] [WARNING] i18n: Translate for key content_editor.limits.common.main_limits.storage_articles not found! @ https://online.seranking.com/frontend-dist/ContentEditor/js/index.D7HcM_BB.mq6qr99b.js:15
[ 7340638ms] [WARNING] i18n: Translate for key content_editor.limits.common.main_limits.storage_size_images not found! @ https://online.seranking.com/frontend-dist/ContentEditor/js/index.D7HcM_BB.mq6qr99b.js:15
[ 7340638ms] [WARNING] i18n: Translate for key content_editor.limits.common.main_limits.articles_hint not found! @ https://online.seranking.com/frontend-dist/ContentEditor/js/index.D7HcM_BB.mq6qr99b.js:15
[ 7340638ms] [WARNING] i18n: Translate for key content_editor.limits.common.main_limits.ai_words_hint not found! @ https://online.seranking.com/frontend-dist/ContentEditor/js/index.D7HcM_BB.mq6qr99b.js:15
[ 7340638ms] [WARNING] i18n: Translate for key content_editor.limits.common.main_limits.plagiarism_hint not found! @ https://online.seranking.com/frontend-dist/ContentEditor/js/index.D7HcM_BB.mq6qr99b.js:15
[ 7340638ms] [WARNING] i18n: Translate for key content_editor.limits.common.main_limits.storage_articles_hint not found! @ https://online.seranking.com/frontend-dist/ContentEditor/js/index.D7HcM_BB.mq6qr99b.js:15
[ 7340638ms] [WARNING] i18n: Translate for key content_editor.limits.common.main_limits.storage_size_images_hint not found! @ https://online.seranking.com/frontend-dist/ContentEditor/js/index.D7HcM_BB.mq6qr99b.js:15
[ 7340638ms] [WARNING] i18n: Translate for key content_editor.limits.in_plan not found! @ https://online.seranking.com/frontend-dist/ContentEditor/js/index.D7HcM_BB.mq6qr99b.js:15
[ 7340638ms] [WARNING] i18n: Translate for key content_editor.limits.in_addon not found! @ https://online.seranking.com/frontend-dist/ContentEditor/js/index.D7HcM_BB.mq6qr99b.js:15
[ 7340638ms] [WARNING] i18n: Translate for key content_editor.limits.bonus not found! @ https://online.seranking.com/frontend-dist/ContentEditor/js/index.D7HcM_BB.mq6qr99b.js:15
[ 7340638ms] [WARNING] i18n: Translate for key content_editor.free_period_limits_name not found! @ https://online.seranking.com/frontend-dist/ContentEditor/js/index.D7HcM_BB.mq6qr99b.js:15
[ 7340638ms] [WARNING] i18n: Translate for key content_editor.limits.renew_action not found! @ https://online.seranking.com/frontend-dist/ContentEditor/js/index.D7HcM_BB.mq6qr99b.js:15
[ 7340638ms] [WARNING] i18n: Translate for key content_editor.limits.upgrade_action not found! @ https://online.seranking.com/frontend-dist/ContentEditor/js/index.D7HcM_BB.mq6qr99b.js:15
[ 7340639ms] [WARNING] i18n: Translate for key content_editor.limits.message.by_subscription_addon not found! @ https://online.seranking.com/frontend-dist/ContentEditor/js/index.D7HcM_BB.mq6qr99b.js:15
[ 7340639ms] [WARNING] i18n: Translate for key common.ui.calendar.month_names_short not found! @ https://online.seranking.com/frontend-dist/ContentEditor/js/index.D7HcM_BB.mq6qr99b.js:15
[ 7340639ms] [WARNING] i18n: Translate for key content_editor.editor.ai_writer.common.ai_limits not found! @ https://online.seranking.com/frontend-dist/ContentEditor/js/index.D7HcM_BB.mq6qr99b.js:15
[ 7340639ms] [WARNING] i18n: Translate for key content_editor.editor.ai_writer.common.ai_limits_basic not found! @ https://online.seranking.com/frontend-dist/ContentEditor/js/index.D7HcM_BB.mq6qr99b.js:15
[ 7340639ms] [WARNING] i18n: Translate for key content_editor.editor.ai_writer.common.ai_limits_additional not found! @ https://online.seranking.com/frontend-dist/ContentEditor/js/index.D7HcM_BB.mq6qr99b.js:15
[ 7340640ms] [WARNING] i18n: Translate for key common.ui.calendar.month_names_short not found! @ https://online.seranking.com/frontend-dist/ContentEditor/js/index.D7HcM_BB.mq6qr99b.js:15
[ 7340640ms] [WARNING] i18n: Translate for key content_editor.editor.plagiarism_checker.limits_label not found! @ https://online.seranking.com/frontend-dist/ContentEditor/js/index.D7HcM_BB.mq6qr99b.js:15
[ 7340640ms] [WARNING] i18n: Translate for key content_editor.editor.plagiarism_checker.ai_limits_basic not found! @ https://online.seranking.com/frontend-dist/ContentEditor/js/index.D7HcM_BB.mq6qr99b.js:15
[ 7340640ms] [WARNING] i18n: Translate for key common.ui.calendar.month_names_short not found! @ https://online.seranking.com/frontend-dist/ContentEditor/js/index.D7HcM_BB.mq6qr99b.js:15
[ 7340640ms] [WARNING] i18n: Translate for key common.ui.calendar.month_names_short not found! @ https://online.seranking.com/frontend-dist/ContentEditor/js/index.D7HcM_BB.mq6qr99b.js:15
[ 7340640ms] [WARNING] i18n: Translate for key content_editor.limits_message not found! @ https://online.seranking.com/frontend-dist/ContentEditor/js/index.D7HcM_BB.mq6qr99b.js:15
[ 7340645ms] [WARNING] i18n: Translate for key common.black_friday.badge.title not found! @ https://online.seranking.com/frontend-dist/ContentEditor/js/index.D7HcM_BB.mq6qr99b.js:15
[ 7340645ms] [WARNING] i18n: Translate for key common.black_friday.badge.text not found! @ https://online.seranking.com/frontend-dist/ContentEditor/js/index.D7HcM_BB.mq6qr99b.js:15
[ 7340756ms] [WARNING] i18n: Translate for key main_menu.content_editor not found! @ https://online.seranking.com/frontend-dist/ContentEditor/js/index.D7HcM_BB.mq6qr99b.js:15
[ 7340756ms] [WARNING] i18n: Translate for key content_editor.total_limits not found! @ https://online.seranking.com/frontend-dist/ContentEditor/js/index.D7HcM_BB.mq6qr99b.js:15
[ 7340756ms] [WARNING] i18n: Translate for key content_editor.limits.common.main_limits.storage_articles not found! @ https://online.seranking.com/frontend-dist/ContentEditor/js/index.D7HcM_BB.mq6qr99b.js:15
[ 7340756ms] [WARNING] i18n: Translate for key content_editor.limits.common.main_limits.storage_size_images not found! @ https://online.seranking.com/frontend-dist/ContentEditor/js/index.D7HcM_BB.mq6qr99b.js:15
[ 7340756ms] [WARNING] i18n: Translate for key content_editor.limits.common.main_limits.articles_hint not found! @ https://online.seranking.com/frontend-dist/ContentEditor/js/index.D7HcM_BB.mq6qr99b.js:15
[ 7340756ms] [WARNING] i18n: Translate for key content_editor.limits.common.main_limits.ai_words_hint not found! @ https://online.seranking.com/frontend-dist/ContentEditor/js/index.D7HcM_BB.mq6qr99b.js:15
[ 7340756ms] [WARNING] i18n: Translate for key content_editor.limits.common.main_limits.plagiarism_hint not found! @ https://online.seranking.com/frontend-dist/ContentEditor/js/index.D7HcM_BB.mq6qr99b.js:15
[ 7340756ms] [WARNING] i18n: Translate for key content_editor.limits.common.main_limits.storage_articles_hint not found! @ https://online.seranking.com/frontend-dist/ContentEditor/js/index.D7HcM_BB.mq6qr99b.js:15
[ 7340756ms] [WARNING] i18n: Translate for key content_editor.limits.common.main_limits.storage_size_images_hint not found! @ https://online.seranking.com/frontend-dist/ContentEditor/js/index.D7HcM_BB.mq6qr99b.js:15
[ 7340756ms] [WARNING] i18n: Translate for key content_editor.limits.in_plan not found! @ https://online.seranking.com/frontend-dist/ContentEditor/js/index.D7HcM_BB.mq6qr99b.js:15
[ 7340756ms] [WARNING] i18n: Translate for key content_editor.limits.in_addon not found! @ https://online.seranking.com/frontend-dist/ContentEditor/js/index.D7HcM_BB.mq6qr99b.js:15
[ 7340756ms] [WARNING] i18n: Translate for key content_editor.limits.bonus not found! @ https://online.seranking.com/frontend-dist/ContentEditor/js/index.D7HcM_BB.mq6qr99b.js:15
[ 7340756ms] [WARNING] i18n: Translate for key content_editor.free_period_limits_name not found! @ https://online.seranking.com/frontend-dist/ContentEditor/js/index.D7HcM_BB.mq6qr99b.js:15
[ 7340756ms] [WARNING] i18n: Translate for key content_editor.limits.renew_action not found! @ https://online.seranking.com/frontend-dist/ContentEditor/js/index.D7HcM_BB.mq6qr99b.js:15
[ 7340756ms] [WARNING] i18n: Translate for key content_editor.limits.upgrade_action not found! @ https://online.seranking.com/frontend-dist/ContentEditor/js/index.D7HcM_BB.mq6qr99b.js:15
[ 7340756ms] [WARNING] i18n: Translate for key content_editor.limits.message.by_subscription_addon not found! @ https://online.seranking.com/frontend-dist/ContentEditor/js/index.D7HcM_BB.mq6qr99b.js:15
[ 7340756ms] [WARNING] i18n: Translate for key common.ui.calendar.month_names_short not found! @ https://online.seranking.com/frontend-dist/ContentEditor/js/index.D7HcM_BB.mq6qr99b.js:15
[ 7340757ms] [WARNING] i18n: Translate for key content_editor.editor.ai_writer.common.ai_limits not found! @ https://online.seranking.com/frontend-dist/ContentEditor/js/index.D7HcM_BB.mq6qr99b.js:15
[ 7340757ms] [WARNING] i18n: Translate for key content_editor.editor.ai_writer.common.ai_limits_basic not found! @ https://online.seranking.com/frontend-dist/ContentEditor/js/index.D7HcM_BB.mq6qr99b.js:15
[ 7340757ms] [WARNING] i18n: Translate for key content_editor.editor.ai_writer.common.ai_limits_additional not found! @ https://online.seranking.com/frontend-dist/ContentEditor/js/index.D7HcM_BB.mq6qr99b.js:15
[ 7340757ms] [WARNING] i18n: Translate for key common.ui.calendar.month_names_short not found! @ https://online.seranking.com/frontend-dist/ContentEditor/js/index.D7HcM_BB.mq6qr99b.js:15
[ 7340757ms] [WARNING] i18n: Translate for key content_editor.editor.plagiarism_checker.limits_label not found! @ https://online.seranking.com/frontend-dist/ContentEditor/js/index.D7HcM_BB.mq6qr99b.js:15
[ 7340757ms] [WARNING] i18n: Translate for key content_editor.editor.plagiarism_checker.ai_limits_basic not found! @ https://online.seranking.com/frontend-dist/ContentEditor/js/index.D7HcM_BB.mq6qr99b.js:15
[ 7340757ms] [WARNING] i18n: Translate for key common.ui.calendar.month_names_short not found! @ https://online.seranking.com/frontend-dist/ContentEditor/js/index.D7HcM_BB.mq6qr99b.js:15
[ 7340757ms] [WARNING] i18n: Translate for key common.ui.calendar.month_names_short not found! @ https://online.seranking.com/frontend-dist/ContentEditor/js/index.D7HcM_BB.mq6qr99b.js:15
[ 7340757ms] [WARNING] i18n: Translate for key content_editor.limits_message not found! @ https://online.seranking.com/frontend-dist/ContentEditor/js/index.D7HcM_BB.mq6qr99b.js:15
[ 7340758ms] [WARNING] i18n: Translate for key common.black_friday.badge.title not found! @ https://online.seranking.com/frontend-dist/ContentEditor/js/index.D7HcM_BB.mq6qr99b.js:15
[ 7340758ms] [WARNING] i18n: Translate for key common.black_friday.badge.text not found! @ https://online.seranking.com/frontend-dist/ContentEditor/js/index.D7HcM_BB.mq6qr99b.js:15
[ 7341142ms] [ERROR] Userflow.js resetting due to: [company_closed] This Userflow account has been closed. You can re-activate it at https://userflow.com/app. @ https://online.seranking.com/frontend-dist/ContentEditor/js/index.D7HcM_BB.mq6qr99b.js:15
[ 7356809ms] [WARNING] i18n: Translate for key settings.whitelabel.agency_pack.hint_title not found! @ https://online.seranking.com/frontend-dist/WhiteLabel/js/index.DPVgxR9o.mq6qnptq.js:15
[ 7356810ms] [WARNING] i18n: Translate for key settings.whitelabel.agency_pack.hint not found! @ https://online.seranking.com/frontend-dist/WhiteLabel/js/index.DPVgxR9o.mq6qnptq.js:15
[ 7356810ms] [WARNING] i18n: Translate for key settings.whitelabel.pages.interface not found! @ https://online.seranking.com/frontend-dist/WhiteLabel/js/index.DPVgxR9o.mq6qnptq.js:15
[ 7356810ms] [WARNING] i18n: Translate for key settings.whitelabel.pages.domain not found! @ https://online.seranking.com/frontend-dist/WhiteLabel/js/index.DPVgxR9o.mq6qnptq.js:15
[ 7356810ms] [WARNING] i18n: Translate for key settings.whitelabel.pages.login not found! @ https://online.seranking.com/frontend-dist/WhiteLabel/js/index.DPVgxR9o.mq6qnptq.js:15
[ 7356810ms] [WARNING] i18n: Translate for key settings.whitelabel.pages.email not found! @ https://online.seranking.com/frontend-dist/WhiteLabel/js/index.DPVgxR9o.mq6qnptq.js:15
[ 7356810ms] [WARNING] i18n: Translate for key settings.whitelabel.pages.reports not found! @ https://online.seranking.com/frontend-dist/WhiteLabel/js/index.DPVgxR9o.mq6qnptq.js:15
[ 7356816ms] [WARNING] i18n: Translate for key common.black_friday.badge.title not found! @ https://online.seranking.com/frontend-dist/WhiteLabel/js/index.DPVgxR9o.mq6qnptq.js:15
[ 7356816ms] [WARNING] i18n: Translate for key common.black_friday.badge.text not found! @ https://online.seranking.com/frontend-dist/WhiteLabel/js/index.DPVgxR9o.mq6qnptq.js:15
[ 7356906ms] [WARNING] i18n: Translate for key settings.whitelabel.agency_pack.hint_title not found! @ https://online.seranking.com/frontend-dist/WhiteLabel/js/index.DPVgxR9o.mq6qnptq.js:15
[ 7356906ms] [WARNING] i18n: Translate for key settings.whitelabel.agency_pack.hint not found! @ https://online.seranking.com/frontend-dist/WhiteLabel/js/index.DPVgxR9o.mq6qnptq.js:15
[ 7356906ms] [WARNING] i18n: Translate for key settings.whitelabel.pages.interface not found! @ https://online.seranking.com/frontend-dist/WhiteLabel/js/index.DPVgxR9o.mq6qnptq.js:15
[ 7356906ms] [WARNING] i18n: Translate for key settings.whitelabel.pages.domain not found! @ https://online.seranking.com/frontend-dist/WhiteLabel/js/index.DPVgxR9o.mq6qnptq.js:15
[ 7356906ms] [WARNING] i18n: Translate for key settings.whitelabel.pages.login not found! @ https://online.seranking.com/frontend-dist/WhiteLabel/js/index.DPVgxR9o.mq6qnptq.js:15
[ 7356907ms] [WARNING] i18n: Translate for key settings.whitelabel.pages.email not found! @ https://online.seranking.com/frontend-dist/WhiteLabel/js/index.DPVgxR9o.mq6qnptq.js:15
[ 7356907ms] [WARNING] i18n: Translate for key settings.whitelabel.pages.reports not found! @ https://online.seranking.com/frontend-dist/WhiteLabel/js/index.DPVgxR9o.mq6qnptq.js:15
[ 7356907ms] [WARNING] i18n: Translate for key common.black_friday.badge.title not found! @ https://online.seranking.com/frontend-dist/WhiteLabel/js/index.DPVgxR9o.mq6qnptq.js:15
[ 7356907ms] [WARNING] i18n: Translate for key common.black_friday.badge.text not found! @ https://online.seranking.com/frontend-dist/WhiteLabel/js/index.DPVgxR9o.mq6qnptq.js:15
[ 7357281ms] [ERROR] Userflow.js resetting due to: [company_closed] This Userflow account has been closed. You can re-activate it at https://userflow.com/app. @ https://online.seranking.com/frontend-dist/WhiteLabel/js/index.DPVgxR9o.mq6qnptq.js:15
[ 7370974ms] [ERROR] Failed to load resource: the server responded with a status of 404 () @ https://t2.gstatic.com/faviconV2?client=SOCIAL&type=FAVICON&fallback_opts=TYPE,SIZE,URL&url=https://kaufast.com&size=16:0
[ 7375217ms] [WARNING] i18n: Translate for key common.black_friday.badge.title not found! @ https://online.seranking.com/frontend-dist/Rankings/js/useSentry.1n8ffSUf.mq6qpqiv.js:27
[ 7375217ms] [WARNING] i18n: Translate for key common.black_friday.badge.text not found! @ https://online.seranking.com/frontend-dist/Rankings/js/useSentry.1n8ffSUf.mq6qpqiv.js:27
[ 7375331ms] [WARNING] i18n: Translate for key positions.menu.detailed not found! @ https://online.seranking.com/frontend-dist/Rankings/js/useSentry.1n8ffSUf.mq6qpqiv.js:27
[ 7375350ms] [WARNING] i18n: Translate for key positions.menu.detailed not found! @ https://online.seranking.com/frontend-dist/Rankings/js/useSentry.1n8ffSUf.mq6qpqiv.js:27
[ 7375351ms] [WARNING] i18n: Translate for key common.black_friday.badge.title not found! @ https://online.seranking.com/frontend-dist/Rankings/js/useSentry.1n8ffSUf.mq6qpqiv.js:27
[ 7375351ms] [WARNING] i18n: Translate for key common.black_friday.badge.text not found! @ https://online.seranking.com/frontend-dist/Rankings/js/useSentry.1n8ffSUf.mq6qpqiv.js:27
[ 7375596ms] [WARNING] i18n: Translate for key  not found! @ https://online.seranking.com/frontend-dist/Rankings/js/useSentry.1n8ffSUf.mq6qpqiv.js:27
[ 7375810ms] [ERROR] Userflow.js resetting due to: [company_closed] This Userflow account has been closed. You can re-activate it at https://userflow.com/app. @ https://online.seranking.com/frontend-dist/Rankings/js/useSentry.1n8ffSUf.mq6qpqiv.js:27
[ 7395838ms] [ERROR] Failed to load resource: the server responded with a status of 404 () @ https://t2.gstatic.com/faviconV2?client=SOCIAL&type=FAVICON&fallback_opts=TYPE,SIZE,URL&url=https://kaufast.com&size=16:0
[ 7731428ms] [ERROR] Failed to load resource: net::ERR_NETWORK_IO_SUSPENDED @ https://online.seranking.com/.well-known/mercure?topic=http%3A%2F%2Fonline.seranking.com%2Facc%2F5048639&topic=http%3A%2F%2Fonline.seranking.com%2Fglobal&topic=http%3A%2F%2Fonline.seranking.com%2Ftoken%2F13352774:0
[ 8619439ms] [ERROR] Failed to load resource: net::ERR_CONNECTION_RESET @ https://online.seranking.com/.well-known/mercure?topic=http%3A%2F%2Fonline.seranking.com%2Facc%2F5048639&topic=http%3A%2F%2Fonline.seranking.com%2Fglobal&topic=http%3A%2F%2Fonline.seranking.com%2Ftoken%2F13352774:0
[ 8921218ms] [ERROR] Failed to load resource: net::ERR_NETWORK_IO_SUSPENDED @ https://online.seranking.com/.well-known/mercure?topic=http%3A%2F%2Fonline.seranking.com%2Facc%2F5048639&topic=http%3A%2F%2Fonline.seranking.com%2Fglobal&topic=http%3A%2F%2Fonline.seranking.com%2Ftoken%2F13352774:0
[10976032ms] [ERROR] Failed to load resource: the server responded with a status of 401 () @ https://online.seranking.com/.well-known/mercure?topic=http%3A%2F%2Fonline.seranking.com%2Facc%2F5048639&topic=http%3A%2F%2Fonline.seranking.com%2Fglobal&topic=http%3A%2F%2Fonline.seranking.com%2Ftoken%2F13352774:0
