[     216ms] [LOG] environment is prod @ https://www.gartner.com/peer-insights/_next/static/chunks/2ec11ac6b7569882.js:0
[     228ms] [LOG] Enabled Delayed Scripts for GTM on Window Load ...  @ https://www.gartner.com/peer-insights/_next/static/chunks/0cb716c0956af9dd.js:0
[     580ms] [LOG] Rendering reCAPTCHA Enterprise widget JSHandle@node null @ https://www.gartner.com/peer-insights/_next/static/chunks/39a46df08c9685a6.js:0
[    1243ms] Uncaught Error: Minified React error #299; visit https://reactjs.org/docs/error-decoder.html?invariant=299 for the full message or use the non-minified dev environment for full errors and additional helpful warnings.
    at e.createRoot (https://dpt.chatbot.gpi.aws.gartner.com/notification-build/prod/bundle.1779104624080.js:1:377456)
    at 900 (https://dpt.chatbot.gpi.aws.gartner.com/notification-build/prod/bundle.1779104624080.js:1:401323)
    at t (https://dpt.chatbot.gpi.aws.gartner.com/notification-build/prod/bundle.1779104624080.js:1:402218)
    at <anonymous> (https://dpt.chatbot.gpi.aws.gartner.com/notification-build/prod/bundle.1779104624080.js:1:402664)
    at <anonymous> (https://dpt.chatbot.gpi.aws.gartner.com/notification-build/prod/bundle.1779104624080.js:1:402672)
[  215159ms] [LOG] Adding logout-action event handler... @ https://www.gartner.com/reviews/enterprise-seo-platforms/form?vid=70840&pid=145894&utm_content=vlp-write&refVal=vendor-multi-se-ranking-7523103&utm_campaign=vendor&utm_source=se-ranking&utm_medium=web:122
[  215449ms] [INFO] INFO: NextJS Logging for Env:prod SurveySpaHtmlHead :render:refval: "vendor-multi-se-ranking-7523103" @ https://reviews.static.gartner.com/_next/static/chunks/pages/_app-1cb31578cb69dad3.js:0
[  215655ms] [LOG] Executed Hot Jar @ :2
[  215655ms] [LOG] HotJar Scripts started on Window Load ... @ :14
[  215808ms] [LOG] Enabled Delayed Scripts for GTM on Window Load ... @ https://reviews.static.gartner.com/_next/static/chunks/pages/_app-1cb31578cb69dad3.js:0
[  216188ms] [LOG] passed isPromoCampaign == false @ https://edge.fullstory.com/s/fs.js:3
[  216650ms] [LOG] recaptchacompat disabled @ https://edge.fullstory.com/s/fs.js:3
[  233491ms] [LOG] Keyword match elements data: {review-summary: , lessonslearned-like-most: , lessonslearned-dislike-most: } @ https://edge.fullstory.com/s/fs.js:3
[  259239ms] [WARNING] The resource https://sapling.ai/static/img/power.svg was preloaded using link preload but not used within a few seconds from the window's load event. Please make sure it has an appropriate `as` value and it is preloaded intentionally. @ https://www.gartner.com/reviews/enterprise-seo-platforms/form?vid=70840&pid=145894&utm_content=vlp-write&refVal=vendor-multi-se-ranking-7523103&utm_campaign=vendor&utm_source=se-ranking&utm_medium=web:0
[  324280ms] [WARNING] The resource https://sapling.ai/static/img/power.svg was preloaded using link preload but not used within a few seconds from the window's load event. Please make sure it has an appropriate `as` value and it is preloaded intentionally. @ https://www.gartner.com/reviews/enterprise-seo-platforms/form?vid=70840&pid=145894&utm_content=vlp-write&refVal=vendor-multi-se-ranking-7523103&utm_campaign=vendor&utm_source=se-ranking&utm_medium=web:0
[  370391ms] [WARNING] The resource https://sapling.ai/static/img/power.svg was preloaded using link preload but not used within a few seconds from the window's load event. Please make sure it has an appropriate `as` value and it is preloaded intentionally. @ https://www.gartner.com/reviews/enterprise-seo-platforms/form?vid=70840&pid=145894&utm_content=vlp-write&refVal=vendor-multi-se-ranking-7523103&utm_campaign=vendor&utm_source=se-ranking&utm_medium=web:0
[  374239ms] [WARNING] The resource https://sapling.ai/static/img/power.svg was preloaded using link preload but not used within a few seconds from the window's load event. Please make sure it has an appropriate `as` value and it is preloaded intentionally. @ https://www.gartner.com/reviews/enterprise-seo-platforms/form?vid=70840&pid=145894&utm_content=vlp-write&refVal=vendor-multi-se-ranking-7523103&utm_campaign=vendor&utm_source=se-ranking&utm_medium=web:0
[  379241ms] [WARNING] The resource https://sapling.ai/static/img/power.svg was preloaded using link preload but not used within a few seconds from the window's load event. Please make sure it has an appropriate `as` value and it is preloaded intentionally. @ https://www.gartner.com/reviews/enterprise-seo-platforms/form?vid=70840&pid=145894&utm_content=vlp-write&refVal=vendor-multi-se-ranking-7523103&utm_campaign=vendor&utm_source=se-ranking&utm_medium=web:0
[  389238ms] [WARNING] The resource https://sapling.ai/static/img/power.svg was preloaded using link preload but not used within a few seconds from the window's load event. Please make sure it has an appropriate `as` value and it is preloaded intentionally. @ https://www.gartner.com/reviews/enterprise-seo-platforms/form?vid=70840&pid=145894&utm_content=vlp-write&refVal=vendor-multi-se-ranking-7523103&utm_campaign=vendor&utm_source=se-ranking&utm_medium=web:0
[  420715ms] [WARNING] The resource https://sapling.ai/static/img/power.svg was preloaded using link preload but not used within a few seconds from the window's load event. Please make sure it has an appropriate `as` value and it is preloaded intentionally. @ https://www.gartner.com/reviews/enterprise-seo-platforms/form?vid=70840&pid=145894&utm_content=vlp-write&refVal=vendor-multi-se-ranking-7523103&utm_campaign=vendor&utm_source=se-ranking&utm_medium=web:0
[  424269ms] [WARNING] The resource https://sapling.ai/static/img/power.svg was preloaded using link preload but not used within a few seconds from the window's load event. Please make sure it has an appropriate `as` value and it is preloaded intentionally. @ https://www.gartner.com/reviews/enterprise-seo-platforms/form?vid=70840&pid=145894&utm_content=vlp-write&refVal=vendor-multi-se-ranking-7523103&utm_campaign=vendor&utm_source=se-ranking&utm_medium=web:0
[  445169ms] [WARNING] The resource https://sapling.ai/static/img/power.svg was preloaded using link preload but not used within a few seconds from the window's load event. Please make sure it has an appropriate `as` value and it is preloaded intentionally. @ https://www.gartner.com/reviews/enterprise-seo-platforms/form?vid=70840&pid=145894&utm_content=vlp-write&refVal=vendor-multi-se-ranking-7523103&utm_campaign=vendor&utm_source=se-ranking&utm_medium=web:0
[  449233ms] [WARNING] The resource https://sapling.ai/static/img/power.svg was preloaded using link preload but not used within a few seconds from the window's load event. Please make sure it has an appropriate `as` value and it is preloaded intentionally. @ https://www.gartner.com/reviews/enterprise-seo-platforms/form?vid=70840&pid=145894&utm_content=vlp-write&refVal=vendor-multi-se-ranking-7523103&utm_campaign=vendor&utm_source=se-ranking&utm_medium=web:0
[  454234ms] [WARNING] The resource https://sapling.ai/static/img/power.svg was preloaded using link preload but not used within a few seconds from the window's load event. Please make sure it has an appropriate `as` value and it is preloaded intentionally. @ https://www.gartner.com/reviews/enterprise-seo-platforms/form?vid=70840&pid=145894&utm_content=vlp-write&refVal=vendor-multi-se-ranking-7523103&utm_campaign=vendor&utm_source=se-ranking&utm_medium=web:0
[  464243ms] [WARNING] The resource https://sapling.ai/static/img/power.svg was preloaded using link preload but not used within a few seconds from the window's load event. Please make sure it has an appropriate `as` value and it is preloaded intentionally. @ https://www.gartner.com/reviews/enterprise-seo-platforms/form?vid=70840&pid=145894&utm_content=vlp-write&refVal=vendor-multi-se-ranking-7523103&utm_campaign=vendor&utm_source=se-ranking&utm_medium=web:0
[  472582ms] [LOG] calling disable paste @ https://edge.fullstory.com/s/fs.js:3
[  473886ms] [LOG] calling disable paste @ https://edge.fullstory.com/s/fs.js:3
[  484231ms] [WARNING] The resource https://sapling.ai/static/img/power.svg was preloaded using link preload but not used within a few seconds from the window's load event. Please make sure it has an appropriate `as` value and it is preloaded intentionally. @ https://www.gartner.com/reviews/enterprise-seo-platforms/form?vid=70840&pid=145894&utm_content=vlp-write&refVal=vendor-multi-se-ranking-7523103&utm_campaign=vendor&utm_source=se-ranking&utm_medium=web:0
[  484482ms] [LOG] Keyword match elements data: {review-summary: sasa, lessonslearned-like-most: , lessonslearned-dislike-most: } @ https://edge.fullstory.com/s/fs.js:3
[  484581ms] [LOG] calling disable paste @ https://edge.fullstory.com/s/fs.js:3
[  489245ms] [WARNING] The resource https://sapling.ai/static/img/power.svg was preloaded using link preload but not used within a few seconds from the window's load event. Please make sure it has an appropriate `as` value and it is preloaded intentionally. @ https://www.gartner.com/reviews/enterprise-seo-platforms/form?vid=70840&pid=145894&utm_content=vlp-write&refVal=vendor-multi-se-ranking-7523103&utm_campaign=vendor&utm_source=se-ranking&utm_medium=web:0
[  494233ms] [WARNING] The resource https://sapling.ai/static/img/power.svg was preloaded using link preload but not used within a few seconds from the window's load event. Please make sure it has an appropriate `as` value and it is preloaded intentionally. @ https://www.gartner.com/reviews/enterprise-seo-platforms/form?vid=70840&pid=145894&utm_content=vlp-write&refVal=vendor-multi-se-ranking-7523103&utm_campaign=vendor&utm_source=se-ranking&utm_medium=web:0
[  499239ms] [WARNING] The resource https://sapling.ai/static/img/power.svg was preloaded using link preload but not used within a few seconds from the window's load event. Please make sure it has an appropriate `as` value and it is preloaded intentionally. @ https://www.gartner.com/reviews/enterprise-seo-platforms/form?vid=70840&pid=145894&utm_content=vlp-write&refVal=vendor-multi-se-ranking-7523103&utm_campaign=vendor&utm_source=se-ranking&utm_medium=web:0
[  509232ms] [WARNING] The resource https://sapling.ai/static/img/power.svg was preloaded using link preload but not used within a few seconds from the window's load event. Please make sure it has an appropriate `as` value and it is preloaded intentionally. @ https://www.gartner.com/reviews/enterprise-seo-platforms/form?vid=70840&pid=145894&utm_content=vlp-write&refVal=vendor-multi-se-ranking-7523103&utm_campaign=vendor&utm_source=se-ranking&utm_medium=web:0
[  524506ms] [WARNING] The resource https://sapling.ai/static/img/power.svg was preloaded using link preload but not used within a few seconds from the window's load event. Please make sure it has an appropriate `as` value and it is preloaded intentionally. @ https://www.gartner.com/reviews/enterprise-seo-platforms/form?vid=70840&pid=145894&utm_content=vlp-write&refVal=vendor-multi-se-ranking-7523103&utm_campaign=vendor&utm_source=se-ranking&utm_medium=web:0
[  529586ms] [LOG] Keyword match elements data: {review-summary: SE Rankin, lessonslearned-like-most: , lessonslearned-dislike-most: } @ https://edge.fullstory.com/s/fs.js:3
[  534267ms] [LOG] Keyword match elements data: {review-summary: SE Ranking is easy to use, prov, lessonslearned-like-most: , lessonslearned-dislike-most: } @ https://edge.fullstory.com/s/fs.js:3
[  536545ms] [LOG] Keyword match elements data: {review-summary: SE Ranking is easy to use, provides, lessonslearned-like-most: , lessonslearned-dislike-most: } @ https://edge.fullstory.com/s/fs.js:3
[  539681ms] [WARNING] The resource https://sapling.ai/static/img/power.svg was preloaded using link preload but not used within a few seconds from the window's load event. Please make sure it has an appropriate `as` value and it is preloaded intentionally. @ https://www.gartner.com/reviews/enterprise-seo-platforms/form?vid=70840&pid=145894&utm_content=vlp-write&refVal=vendor-multi-se-ranking-7523103&utm_campaign=vendor&utm_source=se-ranking&utm_medium=web:0
[  544747ms] [WARNING] The resource https://sapling.ai/static/img/power.svg was preloaded using link preload but not used within a few seconds from the window's load event. Please make sure it has an appropriate `as` value and it is preloaded intentionally. @ https://www.gartner.com/reviews/enterprise-seo-platforms/form?vid=70840&pid=145894&utm_content=vlp-write&refVal=vendor-multi-se-ranking-7523103&utm_campaign=vendor&utm_source=se-ranking&utm_medium=web:0
[  549223ms] [WARNING] The resource https://sapling.ai/static/img/power.svg was preloaded using link preload but not used within a few seconds from the window's load event. Please make sure it has an appropriate `as` value and it is preloaded intentionally. @ https://www.gartner.com/reviews/enterprise-seo-platforms/form?vid=70840&pid=145894&utm_content=vlp-write&refVal=vendor-multi-se-ranking-7523103&utm_campaign=vendor&utm_source=se-ranking&utm_medium=web:0
[  554569ms] [WARNING] The resource https://sapling.ai/static/img/power.svg was preloaded using link preload but not used within a few seconds from the window's load event. Please make sure it has an appropriate `as` value and it is preloaded intentionally. @ https://www.gartner.com/reviews/enterprise-seo-platforms/form?vid=70840&pid=145894&utm_content=vlp-write&refVal=vendor-multi-se-ranking-7523103&utm_campaign=vendor&utm_source=se-ranking&utm_medium=web:0
[  559385ms] [WARNING] The resource https://sapling.ai/static/img/power.svg was preloaded using link preload but not used within a few seconds from the window's load event. Please make sure it has an appropriate `as` value and it is preloaded intentionally. @ https://www.gartner.com/reviews/enterprise-seo-platforms/form?vid=70840&pid=145894&utm_content=vlp-write&refVal=vendor-multi-se-ranking-7523103&utm_campaign=vendor&utm_source=se-ranking&utm_medium=web:0
[  569229ms] [WARNING] The resource https://sapling.ai/static/img/power.svg was preloaded using link preload but not used within a few seconds from the window's load event. Please make sure it has an appropriate `as` value and it is preloaded intentionally. @ https://www.gartner.com/reviews/enterprise-seo-platforms/form?vid=70840&pid=145894&utm_content=vlp-write&refVal=vendor-multi-se-ranking-7523103&utm_campaign=vendor&utm_source=se-ranking&utm_medium=web:0
[  570730ms] [LOG] Keyword match elements data: {review-summary: SE Ranking is easy to use, provides accurate SEO, lessonslearned-like-most: , lessonslearned-dislike-most: } @ https://edge.fullstory.com/s/fs.js:3
[  572082ms] [LOG] Keyword match elements data: {review-summary: SE Ranking is easy to use, provides accurate SEO data, lessonslearned-like-most: , lessonslearned-dislike-most: } @ https://edge.fullstory.com/s/fs.js:3
[  576895ms] [LOG] Keyword match elements data: {review-summary: SE Ranking is easy to use, provides accurate SEO data, excellent rank tracking, lessonslearned-like-most: , lessonslearned-dislike-most: } @ https://edge.fullstory.com/s/fs.js:3
[  577946ms] [LOG] Keyword match elements data: {review-summary: SE Ranking is easy to use, provides accurate SEO data, excellent rank tracking, , lessonslearned-like-most: , lessonslearned-dislike-most: } @ https://edge.fullstory.com/s/fs.js:3
[  582760ms] [LOG] Keyword match elements data: {review-summary: SE Ranking is easy to use, provides accurate SEO data, excellent rank tracking, powerful audits, , lessonslearned-like-most: , lessonslearned-dislike-most: } @ https://edge.fullstory.com/s/fs.js:3
[  588207ms] [LOG] Keyword match elements data: {review-summary: SE Ranking is easy to use, provides accurate SEO d…tracking, powerful audits, great reporting tools,, lessonslearned-like-most: , lessonslearned-dislike-most: } @ https://edge.fullstory.com/s/fs.js:3
[  590562ms] [LOG] Keyword match elements data: {review-summary: SE Ranking is easy to use, provides accurate SEO d… powerful audits, great reporting tools, delivesr, lessonslearned-like-most: , lessonslearned-dislike-most: } @ https://edge.fullstory.com/s/fs.js:3
[  593172ms] [LOG] Keyword match elements data: {review-summary: SE Ranking is easy to use, provides accurate SEO d…owerful audits, great reporting tools, delivers s, lessonslearned-like-most: , lessonslearned-dislike-most: } @ https://edge.fullstory.com/s/fs.js:3
[  594698ms] [LOG] Keyword match elements data: {review-summary: SE Ranking is easy to use, provides accurate SEO d…ul audits, great reporting tools, delivers stron , lessonslearned-like-most: , lessonslearned-dislike-most: } @ https://edge.fullstory.com/s/fs.js:3
[  596066ms] [LOG] Keyword match elements data: {review-summary: SE Ranking is easy to use, provides accurate SEO d…its, great reporting tools, delivers stron value , lessonslearned-like-most: , lessonslearned-dislike-most: } @ https://edge.fullstory.com/s/fs.js:3
[  599250ms] [WARNING] The resource https://sapling.ai/static/img/power.svg was preloaded using link preload but not used within a few seconds from the window's load event. Please make sure it has an appropriate `as` value and it is preloaded intentionally. @ https://www.gartner.com/reviews/enterprise-seo-platforms/form?vid=70840&pid=145894&utm_content=vlp-write&refVal=vendor-multi-se-ranking-7523103&utm_campaign=vendor&utm_source=se-ranking&utm_medium=web:0
[  604239ms] [WARNING] The resource https://sapling.ai/static/img/power.svg was preloaded using link preload but not used within a few seconds from the window's load event. Please make sure it has an appropriate `as` value and it is preloaded intentionally. @ https://www.gartner.com/reviews/enterprise-seo-platforms/form?vid=70840&pid=145894&utm_content=vlp-write&refVal=vendor-multi-se-ranking-7523103&utm_campaign=vendor&utm_source=se-ranking&utm_medium=web:0
[  649494ms] [LOG] Keyword match elements data: {review-summary: SE Ranking is easy to use, provides accurate SEO d…ts, great reporting tools, delivers strong value , lessonslearned-like-most: , lessonslearned-dislike-most: } @ https://edge.fullstory.com/s/fs.js:3
[  659243ms] [WARNING] The resource https://sapling.ai/static/img/power.svg was preloaded using link preload but not used within a few seconds from the window's load event. Please make sure it has an appropriate `as` value and it is preloaded intentionally. @ https://www.gartner.com/reviews/enterprise-seo-platforms/form?vid=70840&pid=145894&utm_content=vlp-write&refVal=vendor-multi-se-ranking-7523103&utm_campaign=vendor&utm_source=se-ranking&utm_medium=web:0
[  665738ms] [LOG] Keyword match elements data: {review-summary: SE Ranking is easy to use, provides accurate SEO d…eporting tools, delivers strong value and has hel, lessonslearned-like-most: , lessonslearned-dislike-most: } @ https://edge.fullstory.com/s/fs.js:3
[  667675ms] [LOG] Keyword match elements data: {review-summary: SE Ranking is easy to use, provides accurate SEO d…ting tools, delivers strong value and has helped , lessonslearned-like-most: , lessonslearned-dislike-most: } @ https://edge.fullstory.com/s/fs.js:3
[  671347ms] [LOG] Keyword match elements data: {review-summary: SE Ranking is easy to use, provides accurate SEO d…delivers strong value and has helped improve seo , lessonslearned-like-most: , lessonslearned-dislike-most: } @ https://edge.fullstory.com/s/fs.js:3
[  674634ms] [LOG] Keyword match elements data: {review-summary: SE Ranking is easy to use, provides accurate SEO d…ue and has helped improve seo performance and eff, lessonslearned-like-most: , lessonslearned-dislike-most: } @ https://edge.fullstory.com/s/fs.js:3
[  675476ms] [LOG] Keyword match elements data: {review-summary: SE Ranking is easy to use, provides accurate SEO d…and has helped improve seo performance and effice, lessonslearned-like-most: , lessonslearned-dislike-most: } @ https://edge.fullstory.com/s/fs.js:3
[  677200ms] [LOG] Keyword match elements data: {review-summary: SE Ranking is easy to use, provides accurate SEO d… has helped improve seo performance and efficency, lessonslearned-like-most: , lessonslearned-dislike-most: } @ https://edge.fullstory.com/s/fs.js:3
[  682932ms] [LOG] Keyword match elements data: {review-summary: SE Ranking is easy to use, provides accurate SEO d…as helped improve seo performance and efficiency., lessonslearned-like-most: , lessonslearned-dislike-most: } @ https://edge.fullstory.com/s/fs.js:3
[  691133ms] [WARNING] The resource https://sapling.ai/static/img/power.svg was preloaded using link preload but not used within a few seconds from the window's load event. Please make sure it has an appropriate `as` value and it is preloaded intentionally. @ https://www.gartner.com/reviews/enterprise-seo-platforms/form?vid=70840&pid=145894&utm_content=vlp-write&refVal=vendor-multi-se-ranking-7523103&utm_campaign=vendor&utm_source=se-ranking&utm_medium=web:0
[  694223ms] [WARNING] The resource https://sapling.ai/static/img/power.svg was preloaded using link preload but not used within a few seconds from the window's load event. Please make sure it has an appropriate `as` value and it is preloaded intentionally. @ https://www.gartner.com/reviews/enterprise-seo-platforms/form?vid=70840&pid=145894&utm_content=vlp-write&refVal=vendor-multi-se-ranking-7523103&utm_campaign=vendor&utm_source=se-ranking&utm_medium=web:0
[  699713ms] [LOG] Keyword match elements data: {review-summary: SE Ranking is easy to use, provides accurate SEO d…as helped improve seo performance and efficiency., lessonslearned-like-most: compete, lessonslearned-dislike-most: } @ https://edge.fullstory.com/s/fs.js:3
[  706481ms] [LOG] Keyword match elements data: {review-summary: SE Ranking is easy to use, provides accurate SEO d…as helped improve seo performance and efficiency., lessonslearned-like-most: competetive analysysm, lessonslearned-dislike-most: } @ https://edge.fullstory.com/s/fs.js:3
[  709615ms] [LOG] Keyword match elements data: {review-summary: SE Ranking is easy to use, provides accurate SEO d…as helped improve seo performance and efficiency., lessonslearned-like-most: competetive analysys, seo reporting,, lessonslearned-dislike-most: } @ https://edge.fullstory.com/s/fs.js:3
[  711908ms] [LOG] Keyword match elements data: {review-summary: SE Ranking is easy to use, provides accurate SEO d…as helped improve seo performance and efficiency., lessonslearned-like-most: competetive analysys, seo reporting,wesbite, lessonslearned-dislike-most: } @ https://edge.fullstory.com/s/fs.js:3
[  715121ms] [LOG] Keyword match elements data: {review-summary: SE Ranking is easy to use, provides accurate SEO d…as helped improve seo performance and efficiency., lessonslearned-like-most: competetive analysys, seo reporting,wesbite monitoring, lessonslearned-dislike-most: } @ https://edge.fullstory.com/s/fs.js:3
[  717263ms] [LOG] Keyword match elements data: {review-summary: SE Ranking is easy to use, provides accurate SEO d…as helped improve seo performance and efficiency., lessonslearned-like-most: competetive analysys, seo reporting, wesbite monitoring, lessonslearned-dislike-most: } @ https://edge.fullstory.com/s/fs.js:3
[  719049ms] [LOG] Keyword match elements data: {review-summary: SE Ranking is easy to use, provides accurate SEO d…as helped improve seo performance and efficiency., lessonslearned-like-most: competetive analysis, seo reporting, wesbite monitoring, lessonslearned-dislike-most: } @ https://edge.fullstory.com/s/fs.js:3
[  732100ms] [LOG] Keyword match elements data: {review-summary: SE Ranking is easy to use, provides accurate SEO d…as helped improve seo performance and efficiency., lessonslearned-like-most: competetive analysis, seo reporting, wesbite monitoring, lessonslearned-dislike-most: Price } @ https://edge.fullstory.com/s/fs.js:3
[  733238ms] [LOG] Keyword match elements data: {review-summary: SE Ranking is easy to use, provides accurate SEO d…as helped improve seo performance and efficiency., lessonslearned-like-most: competetive analysis, seo reporting, wesbite monitoring, lessonslearned-dislike-most: Price woud} @ https://edge.fullstory.com/s/fs.js:3
[  735580ms] [LOG] Keyword match elements data: {review-summary: SE Ranking is easy to use, provides accurate SEO d…as helped improve seo performance and efficiency., lessonslearned-like-most: competetive analysis, seo reporting, wesbite monitoring, lessonslearned-dislike-most: Price wou} @ https://edge.fullstory.com/s/fs.js:3
[  737242ms] [LOG] Keyword match elements data: {review-summary: SE Ranking is easy to use, provides accurate SEO d…as helped improve seo performance and efficiency., lessonslearned-like-most: competetive analysis, seo reporting, wesbite monitoring, lessonslearned-dislike-most: Price} @ https://edge.fullstory.com/s/fs.js:3
[  757935ms] [LOG] Enabled Delayed Scripts for GTM on Window Load ...  @ https://edge.fullstory.com/s/fs.js:3
[  757935ms] [LOG] FullStory namespace conflict. Please set window["_fs_namespace"]. @ https://edge.fullstory.com/s/fs.js:3
[  757937ms] [WARNING] Failed to execute 'postMessage' on 'DOMWindow': The target origin provided ('https://external.pi.gpi.aws.gartner.com') does not match the recipient window's origin ('https://www.gartner.com'). @ https://www.gartner.com/peer-insights/_next/static/chunks/1709e593b773109d.js:0
[  757942ms] [WARNING] Failed to execute 'postMessage' on 'DOMWindow': The target origin provided ('https://external.pi.gpi.aws.gartner.com') does not match the recipient window's origin ('https://www.gartner.com'). @ https://www.gartner.com/peer-insights/_next/static/chunks/1709e593b773109d.js:0
[  758141ms] [WARNING] Failed to execute 'postMessage' on 'DOMWindow': The target origin provided ('https://external.pi.gpi.aws.gartner.com') does not match the recipient window's origin ('https://www.gartner.com'). @ https://www.gartner.com/peer-insights/_next/static/chunks/1709e593b773109d.js:0
[  776119ms] [WARNING] The resource https://sapling.ai/static/img/power.svg was preloaded using link preload but not used within a few seconds from the window's load event. Please make sure it has an appropriate `as` value and it is preloaded intentionally. @ https://www.gartner.com/reviews/enterprise-seo-platforms/form?vid=70840&pid=145894&utm_content=vlp-write&refVal=vendor-multi-se-ranking-7523103&utm_campaign=vendor&utm_source=se-ranking&utm_medium=web:0
[  780425ms] [WARNING] The resource https://sapling.ai/static/img/power.svg was preloaded using link preload but not used within a few seconds from the window's load event. Please make sure it has an appropriate `as` value and it is preloaded intentionally. @ https://www.gartner.com/reviews/enterprise-seo-platforms/form?vid=70840&pid=145894&utm_content=vlp-write&refVal=vendor-multi-se-ranking-7523103&utm_campaign=vendor&utm_source=se-ranking&utm_medium=web:0
[  785592ms] [WARNING] Failed to execute 'postMessage' on 'DOMWindow': The target origin provided ('https://external.pi.gpi.aws.gartner.com') does not match the recipient window's origin ('https://www.gartner.com'). @ https://www.gartner.com/peer-insights/_next/static/chunks/1709e593b773109d.js:0
[  788446ms] [LOG] Adding logout-action event handler... @ https://www.gartner.com/reviews/thankYou?surveyId=63690&rwdCrrcy=USD&rwdAmt=25&srcTpe=vendor-multi-&incentiveExpired=true&incentivesUnavailable=false&gcEligible=N:122
[  788560ms] [INFO] INFO: NextJS Logging for Env:prod SurveySpaHtmlHead :render:refval: "" @ https://reviews.static.gartner.com/_next/static/chunks/pages/_app-1cb31578cb69dad3.js:0
[  789177ms] [LOG] Enabled Delayed Scripts for GTM on Window Load ... @ https://reviews.static.gartner.com/_next/static/chunks/pages/_app-1cb31578cb69dad3.js:0
[  789822ms] [LOG] recaptchacompat disabled @ https://edge.fullstory.com/s/fs.js:3
