[     295ms] [WARNING] i18n: Translate for key audit.new.account_limit not found! @ https://online.seranking.com/frontend-dist/Audit/js/index.C_nrGH0L.mpxm1787.js:15
[     295ms] [WARNING] i18n: Translate for key audit.new.menu.overview not found! @ https://online.seranking.com/frontend-dist/Audit/js/index.C_nrGH0L.mpxm1787.js:15
[     295ms] [WARNING] i18n: Translate for key audit.new.menu.pages not found! @ https://online.seranking.com/frontend-dist/Audit/js/index.C_nrGH0L.mpxm1787.js:15
[     295ms] [WARNING] i18n: Translate for key audit.new.menu.links not found! @ https://online.seranking.com/frontend-dist/Audit/js/index.C_nrGH0L.mpxm1787.js:15
[     295ms] [WARNING] i18n: Translate for key audit.new.menu.resources not found! @ https://online.seranking.com/frontend-dist/Audit/js/index.C_nrGH0L.mpxm1787.js:15
[     296ms] [WARNING] i18n: Translate for key audit.new.menu.report not found! @ https://online.seranking.com/frontend-dist/Audit/js/index.C_nrGH0L.mpxm1787.js:15
[     296ms] [WARNING] i18n: Translate for key audit.new.menu.compare_crawls not found! @ https://online.seranking.com/frontend-dist/Audit/js/index.C_nrGH0L.mpxm1787.js:15
[     296ms] [WARNING] i18n: Translate for key audit.upgrade_subscription not found! @ https://online.seranking.com/frontend-dist/Audit/js/index.C_nrGH0L.mpxm1787.js:15
[     296ms] [WARNING] i18n: Translate for key audit.upgrade_text not found! @ https://online.seranking.com/frontend-dist/Audit/js/index.C_nrGH0L.mpxm1787.js:15
[     296ms] [WARNING] i18n: Translate for key audit.upgrade_btn not found! @ https://online.seranking.com/frontend-dist/Audit/js/index.C_nrGH0L.mpxm1787.js:15
[     296ms] [WARNING] i18n: Translate for key common.cancel not found! @ https://online.seranking.com/frontend-dist/Audit/js/index.C_nrGH0L.mpxm1787.js:15
[     296ms] [WARNING] i18n: Translate for key audit.new.notification_new_version_exists.heading not found! @ https://online.seranking.com/frontend-dist/Audit/js/index.C_nrGH0L.mpxm1787.js:15
[     296ms] [WARNING] i18n: Translate for key audit.new.notification_new_version_exists.action not found! @ https://online.seranking.com/frontend-dist/Audit/js/index.C_nrGH0L.mpxm1787.js:15
[     296ms] [WARNING] i18n: Translate for key audit.new.restart_audit_url_popup.title not found! @ https://online.seranking.com/frontend-dist/Audit/js/index.C_nrGH0L.mpxm1787.js:15
[     296ms] [WARNING] i18n: Translate for key audit.new.restart_audit_url_popup.description not found! @ https://online.seranking.com/frontend-dist/Audit/js/index.C_nrGH0L.mpxm1787.js:15
[     296ms] [WARNING] i18n: Translate for key audit.new.restart_audit_popup_url.cancel not found! @ https://online.seranking.com/frontend-dist/Audit/js/index.C_nrGH0L.mpxm1787.js:15
[     296ms] [WARNING] i18n: Translate for key audit.new.restart_audit_popup_url.restart_action not found! @ https://online.seranking.com/frontend-dist/Audit/js/index.C_nrGH0L.mpxm1787.js:15
[     296ms] [WARNING] i18n: Translate for key audit.new.account_limit_hint not found! @ https://online.seranking.com/frontend-dist/Audit/js/index.C_nrGH0L.mpxm1787.js:15
[     299ms] [WARNING] i18n: Translate for key common.black_friday.badge.title not found! @ https://online.seranking.com/frontend-dist/Audit/js/index.C_nrGH0L.mpxm1787.js:15
[     299ms] [WARNING] i18n: Translate for key common.black_friday.badge.text not found! @ https://online.seranking.com/frontend-dist/Audit/js/index.C_nrGH0L.mpxm1787.js:15
[     392ms] [WARNING] i18n: Translate for key audit.new.account_limit not found! @ https://online.seranking.com/frontend-dist/Audit/js/index.C_nrGH0L.mpxm1787.js:15
[     392ms] [WARNING] i18n: Translate for key audit.new.menu.overview not found! @ https://online.seranking.com/frontend-dist/Audit/js/index.C_nrGH0L.mpxm1787.js:15
[     392ms] [WARNING] i18n: Translate for key audit.new.menu.pages not found! @ https://online.seranking.com/frontend-dist/Audit/js/index.C_nrGH0L.mpxm1787.js:15
[     392ms] [WARNING] i18n: Translate for key audit.new.menu.links not found! @ https://online.seranking.com/frontend-dist/Audit/js/index.C_nrGH0L.mpxm1787.js:15
[     392ms] [WARNING] i18n: Translate for key audit.new.menu.resources not found! @ https://online.seranking.com/frontend-dist/Audit/js/index.C_nrGH0L.mpxm1787.js:15
[     392ms] [WARNING] i18n: Translate for key audit.new.menu.report not found! @ https://online.seranking.com/frontend-dist/Audit/js/index.C_nrGH0L.mpxm1787.js:15
[     392ms] [WARNING] i18n: Translate for key audit.new.menu.compare_crawls not found! @ https://online.seranking.com/frontend-dist/Audit/js/index.C_nrGH0L.mpxm1787.js:15
[     392ms] [WARNING] i18n: Translate for key audit.upgrade_subscription not found! @ https://online.seranking.com/frontend-dist/Audit/js/index.C_nrGH0L.mpxm1787.js:15
[     392ms] [WARNING] i18n: Translate for key audit.upgrade_text not found! @ https://online.seranking.com/frontend-dist/Audit/js/index.C_nrGH0L.mpxm1787.js:15
[     392ms] [WARNING] i18n: Translate for key audit.upgrade_btn not found! @ https://online.seranking.com/frontend-dist/Audit/js/index.C_nrGH0L.mpxm1787.js:15
[     392ms] [WARNING] i18n: Translate for key common.cancel not found! @ https://online.seranking.com/frontend-dist/Audit/js/index.C_nrGH0L.mpxm1787.js:15
[     392ms] [WARNING] i18n: Translate for key audit.new.notification_new_version_exists.heading not found! @ https://online.seranking.com/frontend-dist/Audit/js/index.C_nrGH0L.mpxm1787.js:15
[     392ms] [WARNING] i18n: Translate for key audit.new.notification_new_version_exists.action not found! @ https://online.seranking.com/frontend-dist/Audit/js/index.C_nrGH0L.mpxm1787.js:15
[     392ms] [WARNING] i18n: Translate for key audit.new.restart_audit_url_popup.title not found! @ https://online.seranking.com/frontend-dist/Audit/js/index.C_nrGH0L.mpxm1787.js:15
[     392ms] [WARNING] i18n: Translate for key audit.new.restart_audit_url_popup.description not found! @ https://online.seranking.com/frontend-dist/Audit/js/index.C_nrGH0L.mpxm1787.js:15
[     392ms] [WARNING] i18n: Translate for key audit.new.restart_audit_popup_url.cancel not found! @ https://online.seranking.com/frontend-dist/Audit/js/index.C_nrGH0L.mpxm1787.js:15
[     392ms] [WARNING] i18n: Translate for key audit.new.restart_audit_popup_url.restart_action not found! @ https://online.seranking.com/frontend-dist/Audit/js/index.C_nrGH0L.mpxm1787.js:15
[     392ms] [WARNING] i18n: Translate for key audit.new.account_limit_hint not found! @ https://online.seranking.com/frontend-dist/Audit/js/index.C_nrGH0L.mpxm1787.js:15
[     393ms] [WARNING] i18n: Translate for key common.black_friday.badge.title not found! @ https://online.seranking.com/frontend-dist/Audit/js/index.C_nrGH0L.mpxm1787.js:15
[     393ms] [WARNING] i18n: Translate for key common.black_friday.badge.text not found! @ https://online.seranking.com/frontend-dist/Audit/js/index.C_nrGH0L.mpxm1787.js:15
[     724ms] [ERROR] Userflow.js resetting due to: [company_closed] This Userflow account has been closed. You can re-activate it at https://userflow.com/app. @ https://online.seranking.com/frontend-dist/Audit/js/index.C_nrGH0L.mpxm1787.js:15
[     827ms] [WARNING] i18n: Translation key undefined supposed to be string @ https://online.seranking.com/frontend-dist/Audit/js/index.C_nrGH0L.mpxm1787.js:15
[    1566ms] [WARNING] i18n: Translation key undefined supposed to be string @ https://online.seranking.com/frontend-dist/Audit/js/index.C_nrGH0L.mpxm1787.js:15
[   11799ms] [ERROR] Failed to load resource: the server responded with a status of 404 () @ https://t0.gstatic.com/faviconV2?client=SOCIAL&type=FAVICON&fallback_opts=TYPE,SIZE,URL&url=https://kaufast.com&size=16:0
[   18745ms] [WARNING] i18n: Translate for key common.black_friday.badge.title not found! @ https://online.seranking.com/frontend-dist/ApiDashboard/js/index.Cu6Cmtsj.mpxm2pez.js:15
[   18745ms] [WARNING] i18n: Translate for key common.black_friday.badge.text not found! @ https://online.seranking.com/frontend-dist/ApiDashboard/js/index.Cu6Cmtsj.mpxm2pez.js:15
[   18808ms] [WARNING] i18n: Translate for key common.black_friday.badge.title not found! @ https://online.seranking.com/frontend-dist/ApiDashboard/js/index.Cu6Cmtsj.mpxm2pez.js:15
[   18809ms] [WARNING] i18n: Translate for key common.black_friday.badge.text not found! @ https://online.seranking.com/frontend-dist/ApiDashboard/js/index.Cu6Cmtsj.mpxm2pez.js:15
[   19124ms] [ERROR] Userflow.js resetting due to: [company_closed] This Userflow account has been closed. You can re-activate it at https://userflow.com/app. @ https://online.seranking.com/frontend-dist/ApiDashboard/js/index.Cu6Cmtsj.mpxm2pez.js:15
[  924691ms] [WARNING] Failed to execute 'postMessage' on 'DOMWindow': The target origin provided ('https://local.amplitude.com:3010') does not match the recipient window's origin ('https://online.seranking.com'). @ https://online.seranking.com/frontend-dist/Subscription/js/dynamic-BlackFridaySubscriptionPopup.Cctg7qO9.mpxm0xqs.js:20
[  924691ms] [WARNING] Failed to execute 'postMessage' on 'DOMWindow': The target origin provided ('https://apps.stag2.amplitude.com') does not match the recipient window's origin ('https://online.seranking.com'). @ https://online.seranking.com/frontend-dist/Subscription/js/dynamic-BlackFridaySubscriptionPopup.Cctg7qO9.mpxm0xqs.js:20
[  924691ms] [WARNING] Failed to execute 'postMessage' on 'DOMWindow': The target origin provided ('https://app.amplitude.com') does not match the recipient window's origin ('https://online.seranking.com'). @ https://online.seranking.com/frontend-dist/Subscription/js/dynamic-BlackFridaySubscriptionPopup.Cctg7qO9.mpxm0xqs.js:20
[  924691ms] [WARNING] Failed to execute 'postMessage' on 'DOMWindow': The target origin provided ('https://app.eu.amplitude.com') does not match the recipient window's origin ('https://online.seranking.com'). @ https://online.seranking.com/frontend-dist/Subscription/js/dynamic-BlackFridaySubscriptionPopup.Cctg7qO9.mpxm0xqs.js:20
[  925823ms] [WARNING] Failed to execute 'postMessage' on 'DOMWindow': The target origin provided ('https://local.amplitude.com:3010') does not match the recipient window's origin ('https://online.seranking.com'). @ https://cdn.amplitude.com/engagement-browser/prod/split/d7fae5e96fb0f482649af45aba75c1be56b24215-chunk-7HXWL2LO.js:0
[  925823ms] [WARNING] Failed to execute 'postMessage' on 'DOMWindow': The target origin provided ('https://apps.stag2.amplitude.com') does not match the recipient window's origin ('https://online.seranking.com'). @ https://cdn.amplitude.com/engagement-browser/prod/split/d7fae5e96fb0f482649af45aba75c1be56b24215-chunk-7HXWL2LO.js:0
[  925823ms] [WARNING] Failed to execute 'postMessage' on 'DOMWindow': The target origin provided ('https://app.amplitude.com') does not match the recipient window's origin ('https://online.seranking.com'). @ https://cdn.amplitude.com/engagement-browser/prod/split/d7fae5e96fb0f482649af45aba75c1be56b24215-chunk-7HXWL2LO.js:0
[  925823ms] [WARNING] Failed to execute 'postMessage' on 'DOMWindow': The target origin provided ('https://app.eu.amplitude.com') does not match the recipient window's origin ('https://online.seranking.com'). @ https://cdn.amplitude.com/engagement-browser/prod/split/d7fae5e96fb0f482649af45aba75c1be56b24215-chunk-7HXWL2LO.js:0
[  925867ms] [WARNING] Failed to execute 'postMessage' on 'DOMWindow': The target origin provided ('https://local.amplitude.com:3010') does not match the recipient window's origin ('https://online.seranking.com'). @ https://cdn.amplitude.com/engagement-browser/prod/split/d7fae5e96fb0f482649af45aba75c1be56b24215-chunk-7HXWL2LO.js:0
[  925867ms] [WARNING] Failed to execute 'postMessage' on 'DOMWindow': The target origin provided ('https://apps.stag2.amplitude.com') does not match the recipient window's origin ('https://online.seranking.com'). @ https://cdn.amplitude.com/engagement-browser/prod/split/d7fae5e96fb0f482649af45aba75c1be56b24215-chunk-7HXWL2LO.js:0
[  925867ms] [WARNING] Failed to execute 'postMessage' on 'DOMWindow': The target origin provided ('https://app.amplitude.com') does not match the recipient window's origin ('https://online.seranking.com'). @ https://cdn.amplitude.com/engagement-browser/prod/split/d7fae5e96fb0f482649af45aba75c1be56b24215-chunk-7HXWL2LO.js:0
[  925867ms] [WARNING] Failed to execute 'postMessage' on 'DOMWindow': The target origin provided ('https://app.eu.amplitude.com') does not match the recipient window's origin ('https://online.seranking.com'). @ https://cdn.amplitude.com/engagement-browser/prod/split/d7fae5e96fb0f482649af45aba75c1be56b24215-chunk-7HXWL2LO.js:0
[  925959ms] [WARNING] Failed to execute 'postMessage' on 'DOMWindow': The target origin provided ('https://www.google.com') does not match the recipient window's origin ('https://online.seranking.com'). @ https://collector.seranking.com/gtag/js?id=G-WT40C25WLR&cx=c&gtm=4e6631:895
[  925959ms] [WARNING] Failed to execute 'postMessage' on 'DOMWindow': The target origin provided ('https://www.youtube.com') does not match the recipient window's origin ('https://online.seranking.com'). @ https://collector.seranking.com/gtag/js?id=G-WT40C25WLR&cx=c&gtm=4e6631:895
[  925959ms] [WARNING] Failed to execute 'postMessage' on 'DOMWindow': The target origin provided ('https://m.youtube.com') does not match the recipient window's origin ('https://online.seranking.com'). @ https://collector.seranking.com/gtag/js?id=G-WT40C25WLR&cx=c&gtm=4e6631:895
