[     456ms] [LOG] [FoxTradingApp] Initializing FoxTrading App... @ https://foxtrading-mu.vercel.app/assets/js/modules/app.js:878
[     462ms] [LOG] [FoxTradingApp] Language detection result: {detected: true, language: en-SG, source: browser, confidence: 0.7, allBrowserLanguages: Array(3)} @ https://foxtrading-mu.vercel.app/assets/js/modules/app.js:878
[     462ms] [LOG] 🔍 FULL URL ANALYSIS: {pathname: /, search: , hash: , href: https://foxtrading-mu.vercel.app/} @ https://foxtrading-mu.vercel.app/assets/js/modules/app.js:57
[     462ms] [LOG] 🌐 LOADING TRANSLATIONS: /locales/en-SG.json @ https://foxtrading-mu.vercel.app/assets/js/modules/i18n.js:88
[     658ms] [LOG] 🌐 FETCH RESPONSE: {url: /locales/en-SG.json, status: 200, statusText: , ok: true} @ https://foxtrading-mu.vercel.app/assets/js/modules/i18n.js:92
[     658ms] [LOG] 🌐 LOADED TRANSLATIONS FOR en-SG: {nav: Object, hero: Object, about: Object, services: Object, projects: Object} @ https://foxtrading-mu.vercel.app/assets/js/modules/i18n.js:104
[     659ms] [LOG] 🔄 UPDATING DOM: Found 162 elements with data-i18n @ https://foxtrading-mu.vercel.app/assets/js/modules/i18n.js:222
[     659ms] [LOG] 🔄 Element 1: footer.contactInfo -> JSHandle@node @ https://foxtrading-mu.vercel.app/assets/js/modules/i18n.js:226
[     659ms] [LOG] 🔄 Element 2: footer.email -> JSHandle@node @ https://foxtrading-mu.vercel.app/assets/js/modules/i18n.js:226
[     659ms] [LOG] 🔄 Element 3: footer.phone -> JSHandle@node @ https://foxtrading-mu.vercel.app/assets/js/modules/i18n.js:226
[     659ms] [LOG] 🔄 Element 4: footer.location -> JSHandle@node @ https://foxtrading-mu.vercel.app/assets/js/modules/i18n.js:226
[     659ms] [LOG] 🔄 Element 5: footer.address1 -> JSHandle@node @ https://foxtrading-mu.vercel.app/assets/js/modules/i18n.js:226
[     659ms] [LOG] 🔄 Element 6: footer.address2 -> JSHandle@node @ https://foxtrading-mu.vercel.app/assets/js/modules/i18n.js:226
[     659ms] [LOG] 🔄 Element 7: nav.about -> JSHandle@node @ https://foxtrading-mu.vercel.app/assets/js/modules/i18n.js:226
[     659ms] [LOG] 🔄 Element 8: nav.services -> JSHandle@node @ https://foxtrading-mu.vercel.app/assets/js/modules/i18n.js:226
[     659ms] [LOG] 🔄 Element 9: nav.project -> JSHandle@node @ https://foxtrading-mu.vercel.app/assets/js/modules/i18n.js:226
[     659ms] [LOG] 🔄 Element 10: nav.faq -> JSHandle@node @ https://foxtrading-mu.vercel.app/assets/js/modules/i18n.js:226
[     659ms] [LOG] 🔄 Element 11: founder.name -> JSHandle@node @ https://foxtrading-mu.vercel.app/assets/js/modules/i18n.js:226
[     659ms] [LOG] 🔄 Element 12: founder.position -> JSHandle@node @ https://foxtrading-mu.vercel.app/assets/js/modules/i18n.js:226
[     659ms] [LOG] 🔄 Element 13: nav.bookCall -> JSHandle@node @ https://foxtrading-mu.vercel.app/assets/js/modules/i18n.js:226
[     659ms] [LOG] 🔄 Element 14: nav.about -> JSHandle@node @ https://foxtrading-mu.vercel.app/assets/js/modules/i18n.js:226
[     659ms] [LOG] 🔄 Element 15: nav.services -> JSHandle@node @ https://foxtrading-mu.vercel.app/assets/js/modules/i18n.js:226
[     659ms] [LOG] 🔄 Element 16: nav.project -> JSHandle@node @ https://foxtrading-mu.vercel.app/assets/js/modules/i18n.js:226
[     659ms] [LOG] 🔄 Element 17: nav.faq -> JSHandle@node @ https://foxtrading-mu.vercel.app/assets/js/modules/i18n.js:226
[     659ms] [LOG] 🔄 Element 18: founder.name -> JSHandle@node @ https://foxtrading-mu.vercel.app/assets/js/modules/i18n.js:226
[     659ms] [LOG] 🔄 Element 19: founder.position -> JSHandle@node @ https://foxtrading-mu.vercel.app/assets/js/modules/i18n.js:226
[     659ms] [LOG] 🔄 Element 20: nav.bookCall -> JSHandle@node @ https://foxtrading-mu.vercel.app/assets/js/modules/i18n.js:226
[     659ms] [LOG] 🔄 Element 21: nav.home -> JSHandle@node @ https://foxtrading-mu.vercel.app/assets/js/modules/i18n.js:226
[     659ms] [LOG] 🔄 Element 22: nav.about -> JSHandle@node @ https://foxtrading-mu.vercel.app/assets/js/modules/i18n.js:226
[     659ms] [LOG] 🔄 Element 23: nav.services -> JSHandle@node @ https://foxtrading-mu.vercel.app/assets/js/modules/i18n.js:226
[     659ms] [LOG] 🔄 Element 24: nav.project -> JSHandle@node @ https://foxtrading-mu.vercel.app/assets/js/modules/i18n.js:226
[     659ms] [LOG] 🔄 Element 25: nav.faq -> JSHandle@node @ https://foxtrading-mu.vercel.app/assets/js/modules/i18n.js:226
[     659ms] [LOG] 🔄 Element 26: founder.name -> JSHandle@node @ https://foxtrading-mu.vercel.app/assets/js/modules/i18n.js:226
[     659ms] [LOG] 🔄 Element 27: founder.position -> JSHandle@node @ https://foxtrading-mu.vercel.app/assets/js/modules/i18n.js:226
[     659ms] [LOG] 🔄 Element 28: nav.bookCall -> JSHandle@node @ https://foxtrading-mu.vercel.app/assets/js/modules/i18n.js:226
[     659ms] [LOG] 🔄 Element 29: hero.title -> JSHandle@node @ https://foxtrading-mu.vercel.app/assets/js/modules/i18n.js:226
[     659ms] [LOG] 🔄 Element 30: hero.subtitle -> JSHandle@node @ https://foxtrading-mu.vercel.app/assets/js/modules/i18n.js:226
[     659ms] [LOG] 🔄 Element 31: about.label -> JSHandle@node @ https://foxtrading-mu.vercel.app/assets/js/modules/i18n.js:226
[     660ms] [LOG] 🔄 Element 32: about.title -> JSHandle@node @ https://foxtrading-mu.vercel.app/assets/js/modules/i18n.js:226
[     660ms] [LOG] 🔄 Element 33: about.description -> JSHandle@node @ https://foxtrading-mu.vercel.app/assets/js/modules/i18n.js:226
[     660ms] [LOG] 🔄 Element 34: about.established -> JSHandle@node @ https://foxtrading-mu.vercel.app/assets/js/modules/i18n.js:226
[     660ms] [LOG] 🔄 Element 35: about.years -> JSHandle@node @ https://foxtrading-mu.vercel.app/assets/js/modules/i18n.js:226
[     660ms] [LOG] 🔄 Element 36: about.workAcross -> JSHandle@node @ https://foxtrading-mu.vercel.app/assets/js/modules/i18n.js:226
[     660ms] [LOG] 🔄 Element 37: about.countries -> JSHandle@node @ https://foxtrading-mu.vercel.app/assets/js/modules/i18n.js:226
[     660ms] [LOG] 🔄 Element 38: about.over -> JSHandle@node @ https://foxtrading-mu.vercel.app/assets/js/modules/i18n.js:226
[     660ms] [LOG] 🔄 Element 39: about.projects -> JSHandle@node @ https://foxtrading-mu.vercel.app/assets/js/modules/i18n.js:226
[     660ms] [LOG] 🔄 Element 40: services.ecoFriendly.fact -> JSHandle@node @ https://foxtrading-mu.vercel.app/assets/js/modules/i18n.js:226
[     660ms] [LOG] 🔄 Element 41: services.ecoFriendly.stat1 -> JSHandle@node @ https://foxtrading-mu.vercel.app/assets/js/modules/i18n.js:226
[     660ms] [LOG] 🔄 Element 42: services.ecoFriendly.stat1Label -> JSHandle@node @ https://foxtrading-mu.vercel.app/assets/js/modules/i18n.js:226
[     660ms] [LOG] 🔄 Element 43: services.ecoFriendly.stat2 -> JSHandle@node @ https://foxtrading-mu.vercel.app/assets/js/modules/i18n.js:226
[     660ms] [LOG] 🔄 Element 44: services.ecoFriendly.stat2Label -> JSHandle@node @ https://foxtrading-mu.vercel.app/assets/js/modules/i18n.js:226
[     660ms] [LOG] 🔄 Element 45: services.sustainable.fact -> JSHandle@node @ https://foxtrading-mu.vercel.app/assets/js/modules/i18n.js:226
[     660ms] [LOG] 🔄 Element 46: services.sustainable.stat1 -> JSHandle@node @ https://foxtrading-mu.vercel.app/assets/js/modules/i18n.js:226
[     660ms] [LOG] 🔄 Element 47: services.sustainable.stat1Label -> JSHandle@node @ https://foxtrading-mu.vercel.app/assets/js/modules/i18n.js:226
[     660ms] [LOG] 🔄 Element 48: services.greenHome.fact -> JSHandle@node @ https://foxtrading-mu.vercel.app/assets/js/modules/i18n.js:226
[     660ms] [LOG] 🔄 Element 49: services.greenHome.stat1 -> JSHandle@node @ https://foxtrading-mu.vercel.app/assets/js/modules/i18n.js:226
[     660ms] [LOG] 🔄 Element 50: services.greenHome.stat1Label -> JSHandle@node @ https://foxtrading-mu.vercel.app/assets/js/modules/i18n.js:226
[     660ms] [LOG] 🔄 Element 51: services.ecoConscious.fact -> JSHandle@node @ https://foxtrading-mu.vercel.app/assets/js/modules/i18n.js:226
[     660ms] [LOG] 🔄 Element 52: services.ecoConscious.stat1 -> JSHandle@node @ https://foxtrading-mu.vercel.app/assets/js/modules/i18n.js:226
[     660ms] [LOG] 🔄 Element 53: services.ecoConscious.stat1Label -> JSHandle@node @ https://foxtrading-mu.vercel.app/assets/js/modules/i18n.js:226
[     660ms] [LOG] 🔄 Element 54: services.ecoFriendly.title -> JSHandle@node @ https://foxtrading-mu.vercel.app/assets/js/modules/i18n.js:226
[     660ms] [LOG] 🔄 Element 55: services.ecoFriendly.description -> JSHandle@node @ https://foxtrading-mu.vercel.app/assets/js/modules/i18n.js:226
[     660ms] [LOG] 🔄 Element 56: services.sustainable.title -> JSHandle@node @ https://foxtrading-mu.vercel.app/assets/js/modules/i18n.js:226
[     660ms] [LOG] 🔄 Element 57: services.sustainable.description -> JSHandle@node @ https://foxtrading-mu.vercel.app/assets/js/modules/i18n.js:226
[     660ms] [LOG] 🔄 Element 58: services.greenHome.title -> JSHandle@node @ https://foxtrading-mu.vercel.app/assets/js/modules/i18n.js:226
[     660ms] [LOG] 🔄 Element 59: services.greenHome.description -> JSHandle@node @ https://foxtrading-mu.vercel.app/assets/js/modules/i18n.js:226
[     660ms] [LOG] 🔄 Element 60: services.ecoConscious.title -> JSHandle@node @ https://foxtrading-mu.vercel.app/assets/js/modules/i18n.js:226
[     660ms] [LOG] 🔄 Element 61: services.ecoConscious.description -> JSHandle@node @ https://foxtrading-mu.vercel.app/assets/js/modules/i18n.js:226
[     660ms] [LOG] 🔄 Element 62: services.ecoFriendly.fact -> JSHandle@node @ https://foxtrading-mu.vercel.app/assets/js/modules/i18n.js:226
[     660ms] [LOG] 🔄 Element 63: services.ecoFriendly.stat1 -> JSHandle@node @ https://foxtrading-mu.vercel.app/assets/js/modules/i18n.js:226
[     660ms] [LOG] 🔄 Element 64: services.ecoFriendly.stat1Label -> JSHandle@node @ https://foxtrading-mu.vercel.app/assets/js/modules/i18n.js:226
[     660ms] [LOG] 🔄 Element 65: services.ecoFriendly.stat2 -> JSHandle@node @ https://foxtrading-mu.vercel.app/assets/js/modules/i18n.js:226
[     660ms] [LOG] 🔄 Element 66: services.ecoFriendly.stat2Label -> JSHandle@node @ https://foxtrading-mu.vercel.app/assets/js/modules/i18n.js:226
[     660ms] [LOG] 🔄 Element 67: services.ecoFriendly.title -> JSHandle@node @ https://foxtrading-mu.vercel.app/assets/js/modules/i18n.js:226
[     660ms] [LOG] 🔄 Element 68: services.ecoFriendly.description -> JSHandle@node @ https://foxtrading-mu.vercel.app/assets/js/modules/i18n.js:226
[     660ms] [LOG] 🔄 Element 69: services.sustainable.fact -> JSHandle@node @ https://foxtrading-mu.vercel.app/assets/js/modules/i18n.js:226
[     660ms] [LOG] 🔄 Element 70: services.sustainable.stat1 -> JSHandle@node @ https://foxtrading-mu.vercel.app/assets/js/modules/i18n.js:226
[     660ms] [LOG] 🔄 Element 71: services.sustainable.stat1Label -> JSHandle@node @ https://foxtrading-mu.vercel.app/assets/js/modules/i18n.js:226
[     660ms] [LOG] 🔄 Element 72: services.sustainable.title -> JSHandle@node @ https://foxtrading-mu.vercel.app/assets/js/modules/i18n.js:226
[     660ms] [LOG] 🔄 Element 73: services.sustainable.description -> JSHandle@node @ https://foxtrading-mu.vercel.app/assets/js/modules/i18n.js:226
[     660ms] [LOG] 🔄 Element 74: services.greenHome.fact -> JSHandle@node @ https://foxtrading-mu.vercel.app/assets/js/modules/i18n.js:226
[     660ms] [LOG] 🔄 Element 75: services.greenHome.stat1 -> JSHandle@node @ https://foxtrading-mu.vercel.app/assets/js/modules/i18n.js:226
[     660ms] [LOG] 🔄 Element 76: services.greenHome.stat1Label -> JSHandle@node @ https://foxtrading-mu.vercel.app/assets/js/modules/i18n.js:226
[     660ms] [LOG] 🔄 Element 77: services.greenHome.title -> JSHandle@node @ https://foxtrading-mu.vercel.app/assets/js/modules/i18n.js:226
[     660ms] [LOG] 🔄 Element 78: services.greenHome.description -> JSHandle@node @ https://foxtrading-mu.vercel.app/assets/js/modules/i18n.js:226
[     660ms] [LOG] 🔄 Element 79: services.ecoConscious.fact -> JSHandle@node @ https://foxtrading-mu.vercel.app/assets/js/modules/i18n.js:226
[     660ms] [LOG] 🔄 Element 80: services.ecoConscious.stat1 -> JSHandle@node @ https://foxtrading-mu.vercel.app/assets/js/modules/i18n.js:226
[     660ms] [LOG] 🔄 Element 81: services.ecoConscious.stat1Label -> JSHandle@node @ https://foxtrading-mu.vercel.app/assets/js/modules/i18n.js:226
[     660ms] [LOG] 🔄 Element 82: services.ecoConscious.title -> JSHandle@node @ https://foxtrading-mu.vercel.app/assets/js/modules/i18n.js:226
[     660ms] [LOG] 🔄 Element 83: services.ecoConscious.description -> JSHandle@node @ https://foxtrading-mu.vercel.app/assets/js/modules/i18n.js:226
[     660ms] [LOG] 🔄 Element 84: projects.label -> JSHandle@node @ https://foxtrading-mu.vercel.app/assets/js/modules/i18n.js:226
[     660ms] [LOG] 🔄 Element 85: projects.title -> JSHandle@node @ https://foxtrading-mu.vercel.app/assets/js/modules/i18n.js:226
[     660ms] [LOG] 🔄 Element 86: projects.project1.title -> JSHandle@node @ https://foxtrading-mu.vercel.app/assets/js/modules/i18n.js:226
[     661ms] [LOG] 🔄 Element 87: projects.project1.description -> JSHandle@node @ https://foxtrading-mu.vercel.app/assets/js/modules/i18n.js:226
[     661ms] [LOG] 🔄 Element 88: projects.sustainableLiving -> JSHandle@node @ https://foxtrading-mu.vercel.app/assets/js/modules/i18n.js:226
[     661ms] [LOG] 🔄 Element 89: projects.greenHomeSolutions -> JSHandle@node @ https://foxtrading-mu.vercel.app/assets/js/modules/i18n.js:226
[     661ms] [LOG] 🔄 Element 90: projects.ecoFriendlyConstruction -> JSHandle@node @ https://foxtrading-mu.vercel.app/assets/js/modules/i18n.js:226
[     661ms] [LOG] 🔄 Element 91: projects.ecoConsciousArchitecture -> JSHandle@node @ https://foxtrading-mu.vercel.app/assets/js/modules/i18n.js:226
[     661ms] [LOG] 🔄 Element 92: projects.project1.totalArea -> JSHandle@node @ https://foxtrading-mu.vercel.app/assets/js/modules/i18n.js:226
[     661ms] [LOG] 🔄 Element 93: projects.project1.area -> JSHandle@node @ https://foxtrading-mu.vercel.app/assets/js/modules/i18n.js:226
[     661ms] [LOG] 🔄 Element 94: projects.project1.totalRoom -> JSHandle@node @ https://foxtrading-mu.vercel.app/assets/js/modules/i18n.js:226
[     661ms] [LOG] 🔄 Element 95: projects.project1.rooms -> JSHandle@node @ https://foxtrading-mu.vercel.app/assets/js/modules/i18n.js:226
[     661ms] [LOG] 🔄 Element 96: projects.project1.dateOfBuild -> JSHandle@node @ https://foxtrading-mu.vercel.app/assets/js/modules/i18n.js:226
[     661ms] [LOG] 🔄 Element 97: projects.project1.date -> JSHandle@node @ https://foxtrading-mu.vercel.app/assets/js/modules/i18n.js:226
[     661ms] [LOG] 🔄 Element 98: projects.project2.title -> JSHandle@node @ https://foxtrading-mu.vercel.app/assets/js/modules/i18n.js:226
[     661ms] [LOG] 🔄 Element 99: projects.project2.description -> JSHandle@node @ https://foxtrading-mu.vercel.app/assets/js/modules/i18n.js:226
[     661ms] [LOG] 🔄 Element 100: projects.project2.totalArea -> JSHandle@node @ https://foxtrading-mu.vercel.app/assets/js/modules/i18n.js:226
[     661ms] [LOG] 🔄 Element 101: projects.project2.area -> JSHandle@node @ https://foxtrading-mu.vercel.app/assets/js/modules/i18n.js:226
[     661ms] [LOG] 🔄 Element 102: projects.project2.totalRoom -> JSHandle@node @ https://foxtrading-mu.vercel.app/assets/js/modules/i18n.js:226
[     661ms] [LOG] 🔄 Element 103: projects.project2.rooms -> JSHandle@node @ https://foxtrading-mu.vercel.app/assets/js/modules/i18n.js:226
[     661ms] [LOG] 🔄 Element 104: projects.project2.dateOfBuild -> JSHandle@node @ https://foxtrading-mu.vercel.app/assets/js/modules/i18n.js:226
[     661ms] [LOG] 🔄 Element 105: projects.project2.date -> JSHandle@node @ https://foxtrading-mu.vercel.app/assets/js/modules/i18n.js:226
[     661ms] [LOG] 🔄 Element 106: projects.project3.title -> JSHandle@node @ https://foxtrading-mu.vercel.app/assets/js/modules/i18n.js:226
[     661ms] [LOG] 🔄 Element 107: projects.project3.description -> JSHandle@node @ https://foxtrading-mu.vercel.app/assets/js/modules/i18n.js:226
[     661ms] [LOG] 🔄 Element 108: projects.project3.totalArea -> JSHandle@node @ https://foxtrading-mu.vercel.app/assets/js/modules/i18n.js:226
[     661ms] [LOG] 🔄 Element 109: projects.project3.area -> JSHandle@node @ https://foxtrading-mu.vercel.app/assets/js/modules/i18n.js:226
[     661ms] [LOG] 🔄 Element 110: projects.project3.totalRoom -> JSHandle@node @ https://foxtrading-mu.vercel.app/assets/js/modules/i18n.js:226
[     661ms] [LOG] 🔄 Element 111: projects.project3.rooms -> JSHandle@node @ https://foxtrading-mu.vercel.app/assets/js/modules/i18n.js:226
[     661ms] [LOG] 🔄 Element 112: projects.project3.dateOfBuild -> JSHandle@node @ https://foxtrading-mu.vercel.app/assets/js/modules/i18n.js:226
[     661ms] [LOG] 🔄 Element 113: projects.project3.date -> JSHandle@node @ https://foxtrading-mu.vercel.app/assets/js/modules/i18n.js:226
[     661ms] [LOG] 🔄 Element 114: projects.project4.title -> JSHandle@node @ https://foxtrading-mu.vercel.app/assets/js/modules/i18n.js:226
[     661ms] [LOG] 🔄 Element 115: projects.project4.description -> JSHandle@node @ https://foxtrading-mu.vercel.app/assets/js/modules/i18n.js:226
[     661ms] [LOG] 🔄 Element 116: projects.project4.totalArea -> JSHandle@node @ https://foxtrading-mu.vercel.app/assets/js/modules/i18n.js:226
[     661ms] [LOG] 🔄 Element 117: projects.project4.area -> JSHandle@node @ https://foxtrading-mu.vercel.app/assets/js/modules/i18n.js:226
[     661ms] [LOG] 🔄 Element 118: projects.project4.totalRoom -> JSHandle@node @ https://foxtrading-mu.vercel.app/assets/js/modules/i18n.js:226
[     661ms] [LOG] 🔄 Element 119: projects.project4.rooms -> JSHandle@node @ https://foxtrading-mu.vercel.app/assets/js/modules/i18n.js:226
[     661ms] [LOG] 🔄 Element 120: projects.project4.dateOfBuild -> JSHandle@node @ https://foxtrading-mu.vercel.app/assets/js/modules/i18n.js:226
[     661ms] [LOG] 🔄 Element 121: projects.project4.date -> JSHandle@node @ https://foxtrading-mu.vercel.app/assets/js/modules/i18n.js:226
[     661ms] [LOG] 🔄 Element 122: projects.project5.title -> JSHandle@node @ https://foxtrading-mu.vercel.app/assets/js/modules/i18n.js:226
[     661ms] [LOG] 🔄 Element 123: projects.project5.description -> JSHandle@node @ https://foxtrading-mu.vercel.app/assets/js/modules/i18n.js:226
[     661ms] [LOG] 🔄 Element 124: projects.project5.totalArea -> JSHandle@node @ https://foxtrading-mu.vercel.app/assets/js/modules/i18n.js:226
[     661ms] [LOG] 🔄 Element 125: projects.project5.area -> JSHandle@node @ https://foxtrading-mu.vercel.app/assets/js/modules/i18n.js:226
[     661ms] [LOG] 🔄 Element 126: projects.project5.totalRoom -> JSHandle@node @ https://foxtrading-mu.vercel.app/assets/js/modules/i18n.js:226
[     661ms] [LOG] 🔄 Element 127: projects.project5.rooms -> JSHandle@node @ https://foxtrading-mu.vercel.app/assets/js/modules/i18n.js:226
[     661ms] [LOG] 🔄 Element 128: projects.project5.dateOfBuild -> JSHandle@node @ https://foxtrading-mu.vercel.app/assets/js/modules/i18n.js:226
[     661ms] [LOG] 🔄 Element 129: projects.project5.date -> JSHandle@node @ https://foxtrading-mu.vercel.app/assets/js/modules/i18n.js:226
[     661ms] [LOG] 🔄 Element 130: team.label -> JSHandle@node @ https://foxtrading-mu.vercel.app/assets/js/modules/i18n.js:226
[     661ms] [LOG] 🔄 Element 131: team.title -> JSHandle@node @ https://foxtrading-mu.vercel.app/assets/js/modules/i18n.js:226
[     661ms] [LOG] 🔄 Element 132: team.member1.name -> JSHandle@node @ https://foxtrading-mu.vercel.app/assets/js/modules/i18n.js:226
[     661ms] [LOG] 🔄 Element 133: team.member1.position -> JSHandle@node @ https://foxtrading-mu.vercel.app/assets/js/modules/i18n.js:226
[     661ms] [LOG] 🔄 Element 134: team.member1.description -> JSHandle@node @ https://foxtrading-mu.vercel.app/assets/js/modules/i18n.js:226
[     661ms] [LOG] 🔄 Element 135: team.member2.name -> JSHandle@node @ https://foxtrading-mu.vercel.app/assets/js/modules/i18n.js:226
[     661ms] [LOG] 🔄 Element 136: team.member2.position -> JSHandle@node @ https://foxtrading-mu.vercel.app/assets/js/modules/i18n.js:226
[     661ms] [LOG] 🔄 Element 137: team.member2.description -> JSHandle@node @ https://foxtrading-mu.vercel.app/assets/js/modules/i18n.js:226
[     661ms] [LOG] 🔄 Element 138: team.member3.name -> JSHandle@node @ https://foxtrading-mu.vercel.app/assets/js/modules/i18n.js:226
[     661ms] [LOG] 🔄 Element 139: team.member3.position -> JSHandle@node @ https://foxtrading-mu.vercel.app/assets/js/modules/i18n.js:226
[     661ms] [LOG] 🔄 Element 140: team.member3.description -> JSHandle@node @ https://foxtrading-mu.vercel.app/assets/js/modules/i18n.js:226
[     661ms] [LOG] 🔄 Element 141: team.member4.name -> JSHandle@node @ https://foxtrading-mu.vercel.app/assets/js/modules/i18n.js:226
[     661ms] [LOG] 🔄 Element 142: team.member4.position -> JSHandle@node @ https://foxtrading-mu.vercel.app/assets/js/modules/i18n.js:226
[     661ms] [LOG] 🔄 Element 143: team.member4.description -> JSHandle@node @ https://foxtrading-mu.vercel.app/assets/js/modules/i18n.js:226
[     661ms] [LOG] 🔄 Element 144: faq.label -> JSHandle@node @ https://foxtrading-mu.vercel.app/assets/js/modules/i18n.js:226
[     662ms] [LOG] 🔄 Element 145: faq.q1.question -> JSHandle@node @ https://foxtrading-mu.vercel.app/assets/js/modules/i18n.js:226
[     662ms] [LOG] 🔄 Element 146: faq.q1.answer -> JSHandle@node @ https://foxtrading-mu.vercel.app/assets/js/modules/i18n.js:226
[     662ms] [LOG] 🔄 Element 147: faq.q2.question -> JSHandle@node @ https://foxtrading-mu.vercel.app/assets/js/modules/i18n.js:226
[     662ms] [LOG] 🔄 Element 148: faq.q2.answer -> JSHandle@node @ https://foxtrading-mu.vercel.app/assets/js/modules/i18n.js:226
[     662ms] [LOG] 🔄 Element 149: faq.q3.question -> JSHandle@node @ https://foxtrading-mu.vercel.app/assets/js/modules/i18n.js:226
[     662ms] [LOG] 🔄 Element 150: faq.q3.answer -> JSHandle@node @ https://foxtrading-mu.vercel.app/assets/js/modules/i18n.js:226
[     662ms] [LOG] 🔄 Element 151: faq.q4.question -> JSHandle@node @ https://foxtrading-mu.vercel.app/assets/js/modules/i18n.js:226
[     662ms] [LOG] 🔄 Element 152: faq.q4.answer -> JSHandle@node @ https://foxtrading-mu.vercel.app/assets/js/modules/i18n.js:226
[     662ms] [LOG] 🔄 Element 153: footer.changelog -> JSHandle@node @ https://foxtrading-mu.vercel.app/assets/js/modules/i18n.js:226
[     662ms] [LOG] 🔄 Element 154: footer.styleGuide -> JSHandle@node @ https://foxtrading-mu.vercel.app/assets/js/modules/i18n.js:226
[     662ms] [LOG] 🔄 Element 155: footer.licence -> JSHandle@node @ https://foxtrading-mu.vercel.app/assets/js/modules/i18n.js:226
[     662ms] [LOG] 🔄 Element 156: footer.contact -> JSHandle@node @ https://foxtrading-mu.vercel.app/assets/js/modules/i18n.js:226
[     662ms] [LOG] 🔄 Element 157: footer.email -> JSHandle@node @ https://foxtrading-mu.vercel.app/assets/js/modules/i18n.js:226
[     662ms] [LOG] 🔄 Element 158: footer.phone -> JSHandle@node @ https://foxtrading-mu.vercel.app/assets/js/modules/i18n.js:226
[     662ms] [LOG] 🔄 Element 159: footer.location -> JSHandle@node @ https://foxtrading-mu.vercel.app/assets/js/modules/i18n.js:226
[     662ms] [LOG] 🔄 Element 160: footer.address1 -> JSHandle@node @ https://foxtrading-mu.vercel.app/assets/js/modules/i18n.js:226
[     662ms] [LOG] 🔄 Element 161: footer.address2 -> JSHandle@node @ https://foxtrading-mu.vercel.app/assets/js/modules/i18n.js:226
[     662ms] [LOG] 🔄 Element 162: footer.rights -> JSHandle@node @ https://foxtrading-mu.vercel.app/assets/js/modules/i18n.js:226
[     662ms] [LOG] ✅ DOM UPDATE COMPLETE for language: en-SG @ https://foxtrading-mu.vercel.app/assets/js/modules/i18n.js:233
[     662ms] [LOG] [FoxTradingApp] i18n ready: {language: en-SG} @ https://foxtrading-mu.vercel.app/assets/js/modules/app.js:878
[     662ms] [LOG] [FoxTradingApp] Adding translation attributes to HTML elements... @ https://foxtrading-mu.vercel.app/assets/js/modules/app.js:878
[     663ms] [LOG] [FoxTradingApp] Translation attributes added successfully to ALL sections @ https://foxtrading-mu.vercel.app/assets/js/modules/app.js:878
[     663ms] [LOG] [FoxTradingApp] Language selector creation initiated @ https://foxtrading-mu.vercel.app/assets/js/modules/app.js:878
[     663ms] [LOG] [FoxTradingApp] Initializing lazy loading system... @ https://foxtrading-mu.vercel.app/assets/js/modules/app.js:878
[     663ms] [LOG] [LazyLoader] Initializing lazy loading system... @ https://foxtrading-mu.vercel.app/assets/js/modules/lazy-loader.js:400
[     663ms] [LOG] [LazyLoader] Performance: lazyloader_init at 0.00ms @ https://foxtrading-mu.vercel.app/assets/js/modules/lazy-loader.js:400
[     663ms] [LOG] [LazyLoader] Found 5 sections and 29 images to lazy load @ https://foxtrading-mu.vercel.app/assets/js/modules/lazy-loader.js:400
[     663ms] [LOG] [LazyLoader] Lazy loading initialized successfully @ https://foxtrading-mu.vercel.app/assets/js/modules/lazy-loader.js:400
[     663ms] [LOG] [FoxTradingApp] Lazy loading initialized successfully @ https://foxtrading-mu.vercel.app/assets/js/modules/app.js:878
[     663ms] [LOG] [FoxTradingApp] Preloading languages: [es-MX] @ https://foxtrading-mu.vercel.app/assets/js/modules/app.js:878
[     664ms] [LOG] 🌐 LOADING TRANSLATIONS: /locales/es-MX.json @ https://foxtrading-mu.vercel.app/assets/js/modules/i18n.js:88
[     664ms] [LOG] [FoxTradingApp] FoxTrading App initialized successfully @ https://foxtrading-mu.vercel.app/assets/js/modules/app.js:878
[     664ms] [LOG] [FoxTradingApp] Language usage: {language: en-SG, method: undefined, confidence: 0.7, timestamp: 2026-06-07T15:45:35.840Z, userAgent: Mozilla/5.0 (Macintosh; Intel Mac OS X 10_15_7) Ap…KHTML, like Gecko) Chrome/149.0.0.0 Safari/537.36} @ https://foxtrading-mu.vercel.app/assets/js/modules/app.js:878
[     667ms] [LOG] [LazyLoader] Performance: hero_visible at 3.90ms @ https://foxtrading-mu.vercel.app/assets/js/modules/lazy-loader.js:400
[     667ms] [LOG] [LazyLoader] Hero section is visible, starting lazy loading... @ https://foxtrading-mu.vercel.app/assets/js/modules/lazy-loader.js:400
[     667ms] [LOG] [LazyLoader] Loading section: about-section (critical) @ https://foxtrading-mu.vercel.app/assets/js/modules/lazy-loader.js:400
[     667ms] [LOG] [LazyLoader] Performance: section_loaded_about-section at 4.10ms @ https://foxtrading-mu.vercel.app/assets/js/modules/lazy-loader.js:400
[     667ms] [LOG] [LazyLoader] Loading section: service-section (critical) @ https://foxtrading-mu.vercel.app/assets/js/modules/lazy-loader.js:400
[     667ms] [LOG] [LazyLoader] Loading image: https://foxtrading-mu.vercel.app/assets/images/food/Spirits.webp @ https://foxtrading-mu.vercel.app/assets/js/modules/lazy-loader.js:400
[     667ms] [LOG] [LazyLoader] Loading image: https://foxtrading-mu.vercel.app/assets/images/food/vegetables.webp @ https://foxtrading-mu.vercel.app/assets/js/modules/lazy-loader.js:400
[     667ms] [LOG] [LazyLoader] Loading image: https://foxtrading-mu.vercel.app/assets/images/food/Frozen-Foods.webp @ https://foxtrading-mu.vercel.app/assets/js/modules/lazy-loader.js:400
[     667ms] [LOG] [LazyLoader] Loading image: https://foxtrading-mu.vercel.app/assets/images/food/Livestock.webp @ https://foxtrading-mu.vercel.app/assets/js/modules/lazy-loader.js:400
[     667ms] [LOG] [LazyLoader] Loading image: https://foxtrading-mu.vercel.app/assets/images/food/Spirits.webp @ https://foxtrading-mu.vercel.app/assets/js/modules/lazy-loader.js:400
[     667ms] [LOG] [LazyLoader] Loading image: https://foxtrading-mu.vercel.app/assets/images/food/vegetables.webp @ https://foxtrading-mu.vercel.app/assets/js/modules/lazy-loader.js:400
[     667ms] [LOG] [LazyLoader] Loading image: https://foxtrading-mu.vercel.app/assets/images/food/Frozen-Foods.webp @ https://foxtrading-mu.vercel.app/assets/js/modules/lazy-loader.js:400
[     667ms] [LOG] [LazyLoader] Loading image: https://foxtrading-mu.vercel.app/assets/images/food/Livestock.webp @ https://foxtrading-mu.vercel.app/assets/js/modules/lazy-loader.js:400
[     667ms] [LOG] [LazyLoader] Performance: section_loaded_service-section at 4.50ms @ https://foxtrading-mu.vercel.app/assets/js/modules/lazy-loader.js:400
[     680ms] [LOG] [LazyLoader] Loading image: https://foxtrading-mu.vercel.app/assets/images/foxtradingsingapore-black.webp @ https://foxtrading-mu.vercel.app/assets/js/modules/lazy-loader.js:400
[     681ms] [LOG] [LazyLoader] Loading image: https://foxtrading-mu.vercel.app/assets/images/icons/agent.svg @ https://foxtrading-mu.vercel.app/assets/js/modules/lazy-loader.js:400
[     763ms] [LOG] [FoxTradingApp] Created desktop language selector with options: [en-SG, es-MX] @ https://foxtrading-mu.vercel.app/assets/js/modules/app.js:878
[     763ms] [LOG] 🎯 Language selector element: JSHandle@node @ https://foxtrading-mu.vercel.app/assets/js/modules/app.js:239
[     763ms] [LOG] [FoxTradingApp] Desktop language selector created @ https://foxtrading-mu.vercel.app/assets/js/modules/app.js:878
[     898ms] [LOG] [LazyLoader] Performance: window_load at 235.50ms @ https://foxtrading-mu.vercel.app/assets/js/modules/lazy-loader.js:400
[     898ms] [LOG] lazyloader_init: 0.00ms @ https://foxtrading-mu.vercel.app/assets/js/modules/lazy-loader.js:376
[     898ms] [LOG] hero_visible: 3.90ms @ https://foxtrading-mu.vercel.app/assets/js/modules/lazy-loader.js:376
[     898ms] [LOG] section_loaded_about-section: 4.10ms @ https://foxtrading-mu.vercel.app/assets/js/modules/lazy-loader.js:376
[     898ms] [LOG] section_loaded_service-section: 4.50ms @ https://foxtrading-mu.vercel.app/assets/js/modules/lazy-loader.js:376
[     898ms] [LOG] window_load: 235.50ms @ https://foxtrading-mu.vercel.app/assets/js/modules/lazy-loader.js:376
[     899ms] [LOG] 🌐 FETCH RESPONSE: {url: /locales/es-MX.json, status: 200, statusText: , ok: true} @ https://foxtrading-mu.vercel.app/assets/js/modules/i18n.js:92
[     899ms] [LOG] 🌐 LOADED TRANSLATIONS FOR es-MX: {nav: Object, hero: Object, about: Object, services: Object, projects: Object} @ https://foxtrading-mu.vercel.app/assets/js/modules/i18n.js:104
[     899ms] [LOG] [FoxTradingApp] Languages preloaded successfully @ https://foxtrading-mu.vercel.app/assets/js/modules/app.js:878
[     936ms] [ERROR] Failed to load resource: the server responded with a status of 404 () @ https://foxtrading-mu.vercel.app/favicon.ico:0
[    1665ms] [LOG] [FoxTradingApp] Debug: Forcing initial translation update @ https://foxtrading-mu.vercel.app/assets/js/modules/app.js:878
[    1665ms] [LOG] 🔄 FORCING PAGE UPDATE... @ https://foxtrading-mu.vercel.app/assets/js/modules/i18n.js:240
[    1666ms] [LOG] 🔄 UPDATING DOM: Found 163 elements with data-i18n @ https://foxtrading-mu.vercel.app/assets/js/modules/i18n.js:222
[    1666ms] [LOG] 🔄 Element 1: footer.contactInfo -> JSHandle@node @ https://foxtrading-mu.vercel.app/assets/js/modules/i18n.js:226
[    1666ms] [LOG] 🔄 Element 2: footer.email -> JSHandle@node @ https://foxtrading-mu.vercel.app/assets/js/modules/i18n.js:226
[    1666ms] [LOG] 🔄 Element 3: footer.phone -> JSHandle@node @ https://foxtrading-mu.vercel.app/assets/js/modules/i18n.js:226
[    1666ms] [LOG] 🔄 Element 4: footer.location -> JSHandle@node @ https://foxtrading-mu.vercel.app/assets/js/modules/i18n.js:226
[    1666ms] [LOG] 🔄 Element 5: footer.address1 -> JSHandle@node @ https://foxtrading-mu.vercel.app/assets/js/modules/i18n.js:226
[    1666ms] [LOG] 🔄 Element 6: footer.address2 -> JSHandle@node @ https://foxtrading-mu.vercel.app/assets/js/modules/i18n.js:226
[    1666ms] [LOG] 🔄 Element 7: nav.about -> JSHandle@node @ https://foxtrading-mu.vercel.app/assets/js/modules/i18n.js:226
[    1666ms] [LOG] 🔄 Element 8: nav.services -> JSHandle@node @ https://foxtrading-mu.vercel.app/assets/js/modules/i18n.js:226
[    1666ms] [LOG] 🔄 Element 9: nav.project -> JSHandle@node @ https://foxtrading-mu.vercel.app/assets/js/modules/i18n.js:226
[    1666ms] [LOG] 🔄 Element 10: nav.faq -> JSHandle@node @ https://foxtrading-mu.vercel.app/assets/js/modules/i18n.js:226
[    1666ms] [LOG] 🔄 Element 11: founder.name -> JSHandle@node @ https://foxtrading-mu.vercel.app/assets/js/modules/i18n.js:226
[    1666ms] [LOG] 🔄 Element 12: founder.position -> JSHandle@node @ https://foxtrading-mu.vercel.app/assets/js/modules/i18n.js:226
[    1666ms] [LOG] 🔄 Element 13: nav.bookCall -> JSHandle@node @ https://foxtrading-mu.vercel.app/assets/js/modules/i18n.js:226
[    1666ms] [LOG] 🔄 Element 14: nav.about -> JSHandle@node @ https://foxtrading-mu.vercel.app/assets/js/modules/i18n.js:226
[    1667ms] [LOG] 🔄 Element 15: nav.services -> JSHandle@node @ https://foxtrading-mu.vercel.app/assets/js/modules/i18n.js:226
[    1667ms] [LOG] 🔄 Element 16: nav.project -> JSHandle@node @ https://foxtrading-mu.vercel.app/assets/js/modules/i18n.js:226
[    1667ms] [LOG] 🔄 Element 17: nav.faq -> JSHandle@node @ https://foxtrading-mu.vercel.app/assets/js/modules/i18n.js:226
[    1667ms] [LOG] 🔄 Element 18: founder.name -> JSHandle@node @ https://foxtrading-mu.vercel.app/assets/js/modules/i18n.js:226
[    1667ms] [LOG] 🔄 Element 19: founder.position -> JSHandle@node @ https://foxtrading-mu.vercel.app/assets/js/modules/i18n.js:226
[    1667ms] [LOG] 🔄 Element 20: nav.bookCall -> JSHandle@node @ https://foxtrading-mu.vercel.app/assets/js/modules/i18n.js:226
[    1667ms] [LOG] 🔄 Element 21: nav.home -> JSHandle@node @ https://foxtrading-mu.vercel.app/assets/js/modules/i18n.js:226
[    1667ms] [LOG] 🔄 Element 22: nav.about -> JSHandle@node @ https://foxtrading-mu.vercel.app/assets/js/modules/i18n.js:226
[    1667ms] [LOG] 🔄 Element 23: nav.services -> JSHandle@node @ https://foxtrading-mu.vercel.app/assets/js/modules/i18n.js:226
[    1667ms] [LOG] 🔄 Element 24: nav.project -> JSHandle@node @ https://foxtrading-mu.vercel.app/assets/js/modules/i18n.js:226
[    1667ms] [LOG] 🔄 Element 25: nav.faq -> JSHandle@node @ https://foxtrading-mu.vercel.app/assets/js/modules/i18n.js:226
[    1667ms] [LOG] 🔄 Element 26: founder.name -> JSHandle@node @ https://foxtrading-mu.vercel.app/assets/js/modules/i18n.js:226
[    1667ms] [LOG] 🔄 Element 27: founder.position -> JSHandle@node @ https://foxtrading-mu.vercel.app/assets/js/modules/i18n.js:226
[    1667ms] [LOG] 🔄 Element 28: nav.bookCall -> JSHandle@node @ https://foxtrading-mu.vercel.app/assets/js/modules/i18n.js:226
[    1668ms] [LOG] 🔄 Element 29: hero.title -> JSHandle@node @ https://foxtrading-mu.vercel.app/assets/js/modules/i18n.js:226
[    1668ms] [LOG] 🔄 Element 30: hero.subtitle -> JSHandle@node @ https://foxtrading-mu.vercel.app/assets/js/modules/i18n.js:226
[    1668ms] [LOG] 🔄 Element 31: about.label -> JSHandle@node @ https://foxtrading-mu.vercel.app/assets/js/modules/i18n.js:226
[    1668ms] [LOG] 🔄 Element 32: about.title -> JSHandle@node @ https://foxtrading-mu.vercel.app/assets/js/modules/i18n.js:226
[    1668ms] [LOG] 🔄 Element 33: about.description -> JSHandle@node @ https://foxtrading-mu.vercel.app/assets/js/modules/i18n.js:226
[    1668ms] [LOG] 🔄 Element 34: about.established -> JSHandle@node @ https://foxtrading-mu.vercel.app/assets/js/modules/i18n.js:226
[    1668ms] [LOG] 🔄 Element 35: about.years -> JSHandle@node @ https://foxtrading-mu.vercel.app/assets/js/modules/i18n.js:226
[    1668ms] [LOG] 🔄 Element 36: about.workAcross -> JSHandle@node @ https://foxtrading-mu.vercel.app/assets/js/modules/i18n.js:226
[    1668ms] [LOG] 🔄 Element 37: about.countries -> JSHandle@node @ https://foxtrading-mu.vercel.app/assets/js/modules/i18n.js:226
[    1668ms] [LOG] 🔄 Element 38: about.over -> JSHandle@node @ https://foxtrading-mu.vercel.app/assets/js/modules/i18n.js:226
[    1668ms] [LOG] 🔄 Element 39: about.projects -> JSHandle@node @ https://foxtrading-mu.vercel.app/assets/js/modules/i18n.js:226
[    1668ms] [LOG] 🔄 Element 40: services.ecoFriendly.fact -> JSHandle@node @ https://foxtrading-mu.vercel.app/assets/js/modules/i18n.js:226
[    1668ms] [LOG] 🔄 Element 41: services.ecoFriendly.stat1 -> JSHandle@node @ https://foxtrading-mu.vercel.app/assets/js/modules/i18n.js:226
[    1669ms] [LOG] 🔄 Element 42: services.ecoFriendly.stat1Label -> JSHandle@node @ https://foxtrading-mu.vercel.app/assets/js/modules/i18n.js:226
[    1669ms] [LOG] 🔄 Element 43: services.ecoFriendly.stat2 -> JSHandle@node @ https://foxtrading-mu.vercel.app/assets/js/modules/i18n.js:226
[    1669ms] [LOG] 🔄 Element 44: services.ecoFriendly.stat2Label -> JSHandle@node @ https://foxtrading-mu.vercel.app/assets/js/modules/i18n.js:226
[    1669ms] [LOG] 🔄 Element 45: services.sustainable.fact -> JSHandle@node @ https://foxtrading-mu.vercel.app/assets/js/modules/i18n.js:226
[    1669ms] [LOG] 🔄 Element 46: services.sustainable.stat1 -> JSHandle@node @ https://foxtrading-mu.vercel.app/assets/js/modules/i18n.js:226
[    1669ms] [LOG] 🔄 Element 47: services.sustainable.stat1Label -> JSHandle@node @ https://foxtrading-mu.vercel.app/assets/js/modules/i18n.js:226
[    1669ms] [LOG] 🔄 Element 48: services.greenHome.fact -> JSHandle@node @ https://foxtrading-mu.vercel.app/assets/js/modules/i18n.js:226
[    1669ms] [LOG] 🔄 Element 49: services.greenHome.stat1 -> JSHandle@node @ https://foxtrading-mu.vercel.app/assets/js/modules/i18n.js:226
[    1669ms] [LOG] 🔄 Element 50: services.greenHome.stat1Label -> JSHandle@node @ https://foxtrading-mu.vercel.app/assets/js/modules/i18n.js:226
[    1669ms] [LOG] 🔄 Element 51: services.ecoConscious.fact -> JSHandle@node @ https://foxtrading-mu.vercel.app/assets/js/modules/i18n.js:226
[    1669ms] [LOG] 🔄 Element 52: services.ecoConscious.stat1 -> JSHandle@node @ https://foxtrading-mu.vercel.app/assets/js/modules/i18n.js:226
[    1669ms] [LOG] 🔄 Element 53: services.ecoConscious.stat1Label -> JSHandle@node @ https://foxtrading-mu.vercel.app/assets/js/modules/i18n.js:226
[    1669ms] [LOG] 🔄 Element 54: services.ecoFriendly.title -> JSHandle@node @ https://foxtrading-mu.vercel.app/assets/js/modules/i18n.js:226
[    1669ms] [LOG] 🔄 Element 55: services.ecoFriendly.description -> JSHandle@node @ https://foxtrading-mu.vercel.app/assets/js/modules/i18n.js:226
[    1669ms] [LOG] 🔄 Element 56: services.sustainable.title -> JSHandle@node @ https://foxtrading-mu.vercel.app/assets/js/modules/i18n.js:226
[    1670ms] [LOG] 🔄 Element 57: services.sustainable.description -> JSHandle@node @ https://foxtrading-mu.vercel.app/assets/js/modules/i18n.js:226
[    1670ms] [LOG] 🔄 Element 58: services.greenHome.title -> JSHandle@node @ https://foxtrading-mu.vercel.app/assets/js/modules/i18n.js:226
[    1670ms] [LOG] 🔄 Element 59: services.greenHome.description -> JSHandle@node @ https://foxtrading-mu.vercel.app/assets/js/modules/i18n.js:226
[    1670ms] [LOG] 🔄 Element 60: services.ecoConscious.title -> JSHandle@node @ https://foxtrading-mu.vercel.app/assets/js/modules/i18n.js:226
[    1670ms] [LOG] 🔄 Element 61: services.ecoConscious.description -> JSHandle@node @ https://foxtrading-mu.vercel.app/assets/js/modules/i18n.js:226
[    1670ms] [LOG] 🔄 Element 62: services.ecoFriendly.fact -> JSHandle@node @ https://foxtrading-mu.vercel.app/assets/js/modules/i18n.js:226
[    1670ms] [LOG] 🔄 Element 63: services.ecoFriendly.stat1 -> JSHandle@node @ https://foxtrading-mu.vercel.app/assets/js/modules/i18n.js:226
[    1670ms] [LOG] 🔄 Element 64: services.ecoFriendly.stat1Label -> JSHandle@node @ https://foxtrading-mu.vercel.app/assets/js/modules/i18n.js:226
[    1670ms] [LOG] 🔄 Element 65: services.ecoFriendly.stat2 -> JSHandle@node @ https://foxtrading-mu.vercel.app/assets/js/modules/i18n.js:226
[    1670ms] [LOG] 🔄 Element 66: services.ecoFriendly.stat2Label -> JSHandle@node @ https://foxtrading-mu.vercel.app/assets/js/modules/i18n.js:226
[    1670ms] [LOG] 🔄 Element 67: services.ecoFriendly.title -> JSHandle@node @ https://foxtrading-mu.vercel.app/assets/js/modules/i18n.js:226
[    1670ms] [LOG] 🔄 Element 68: services.ecoFriendly.description -> JSHandle@node @ https://foxtrading-mu.vercel.app/assets/js/modules/i18n.js:226
[    1670ms] [LOG] 🔄 Element 69: services.sustainable.fact -> JSHandle@node @ https://foxtrading-mu.vercel.app/assets/js/modules/i18n.js:226
[    1670ms] [LOG] 🔄 Element 70: services.sustainable.stat1 -> JSHandle@node @ https://foxtrading-mu.vercel.app/assets/js/modules/i18n.js:226
[    1670ms] [LOG] 🔄 Element 71: services.sustainable.stat1Label -> JSHandle@node @ https://foxtrading-mu.vercel.app/assets/js/modules/i18n.js:226
[    1670ms] [LOG] 🔄 Element 72: services.sustainable.title -> JSHandle@node @ https://foxtrading-mu.vercel.app/assets/js/modules/i18n.js:226
[    1671ms] [LOG] 🔄 Element 73: services.sustainable.description -> JSHandle@node @ https://foxtrading-mu.vercel.app/assets/js/modules/i18n.js:226
[    1671ms] [LOG] 🔄 Element 74: services.greenHome.fact -> JSHandle@node @ https://foxtrading-mu.vercel.app/assets/js/modules/i18n.js:226
[    1671ms] [LOG] 🔄 Element 75: services.greenHome.stat1 -> JSHandle@node @ https://foxtrading-mu.vercel.app/assets/js/modules/i18n.js:226
[    1671ms] [LOG] 🔄 Element 76: services.greenHome.stat1Label -> JSHandle@node @ https://foxtrading-mu.vercel.app/assets/js/modules/i18n.js:226
[    1671ms] [LOG] 🔄 Element 77: services.greenHome.title -> JSHandle@node @ https://foxtrading-mu.vercel.app/assets/js/modules/i18n.js:226
[    1671ms] [LOG] 🔄 Element 78: services.greenHome.description -> JSHandle@node @ https://foxtrading-mu.vercel.app/assets/js/modules/i18n.js:226
[    1671ms] [LOG] 🔄 Element 79: services.ecoConscious.fact -> JSHandle@node @ https://foxtrading-mu.vercel.app/assets/js/modules/i18n.js:226
[    1671ms] [LOG] 🔄 Element 80: services.ecoConscious.stat1 -> JSHandle@node @ https://foxtrading-mu.vercel.app/assets/js/modules/i18n.js:226
[    1671ms] [LOG] 🔄 Element 81: services.ecoConscious.stat1Label -> JSHandle@node @ https://foxtrading-mu.vercel.app/assets/js/modules/i18n.js:226
[    1671ms] [LOG] 🔄 Element 82: services.ecoConscious.title -> JSHandle@node @ https://foxtrading-mu.vercel.app/assets/js/modules/i18n.js:226
[    1671ms] [LOG] 🔄 Element 83: services.ecoConscious.description -> JSHandle@node @ https://foxtrading-mu.vercel.app/assets/js/modules/i18n.js:226
[    1671ms] [LOG] 🔄 Element 84: projects.label -> JSHandle@node @ https://foxtrading-mu.vercel.app/assets/js/modules/i18n.js:226
[    1671ms] [LOG] 🔄 Element 85: projects.title -> JSHandle@node @ https://foxtrading-mu.vercel.app/assets/js/modules/i18n.js:226
[    1671ms] [LOG] 🔄 Element 86: projects.project1.title -> JSHandle@node @ https://foxtrading-mu.vercel.app/assets/js/modules/i18n.js:226
[    1671ms] [LOG] 🔄 Element 87: projects.project1.description -> JSHandle@node @ https://foxtrading-mu.vercel.app/assets/js/modules/i18n.js:226
[    1671ms] [LOG] 🔄 Element 88: projects.sustainableLiving -> JSHandle@node @ https://foxtrading-mu.vercel.app/assets/js/modules/i18n.js:226
[    1672ms] [LOG] 🔄 Element 89: projects.greenHomeSolutions -> JSHandle@node @ https://foxtrading-mu.vercel.app/assets/js/modules/i18n.js:226
[    1672ms] [LOG] 🔄 Element 90: projects.ecoFriendlyConstruction -> JSHandle@node @ https://foxtrading-mu.vercel.app/assets/js/modules/i18n.js:226
[    1672ms] [LOG] 🔄 Element 91: projects.ecoConsciousArchitecture -> JSHandle@node @ https://foxtrading-mu.vercel.app/assets/js/modules/i18n.js:226
[    1672ms] [LOG] 🔄 Element 92: projects.project1.totalArea -> JSHandle@node @ https://foxtrading-mu.vercel.app/assets/js/modules/i18n.js:226
[    1672ms] [LOG] 🔄 Element 93: projects.project1.area -> JSHandle@node @ https://foxtrading-mu.vercel.app/assets/js/modules/i18n.js:226
[    1672ms] [LOG] 🔄 Element 94: projects.project1.totalRoom -> JSHandle@node @ https://foxtrading-mu.vercel.app/assets/js/modules/i18n.js:226
[    1672ms] [LOG] 🔄 Element 95: projects.project1.rooms -> JSHandle@node @ https://foxtrading-mu.vercel.app/assets/js/modules/i18n.js:226
[    1672ms] [LOG] 🔄 Element 96: projects.project1.dateOfBuild -> JSHandle@node @ https://foxtrading-mu.vercel.app/assets/js/modules/i18n.js:226
[    1672ms] [LOG] 🔄 Element 97: projects.project1.date -> JSHandle@node @ https://foxtrading-mu.vercel.app/assets/js/modules/i18n.js:226
[    1672ms] [LOG] 🔄 Element 98: projects.project2.title -> JSHandle@node @ https://foxtrading-mu.vercel.app/assets/js/modules/i18n.js:226
[    1672ms] [LOG] 🔄 Element 99: projects.project2.description -> JSHandle@node @ https://foxtrading-mu.vercel.app/assets/js/modules/i18n.js:226
[    1672ms] [LOG] 🔄 Element 100: projects.project2.totalArea -> JSHandle@node @ https://foxtrading-mu.vercel.app/assets/js/modules/i18n.js:226
[    1672ms] [LOG] 🔄 Element 101: projects.project2.area -> JSHandle@node @ https://foxtrading-mu.vercel.app/assets/js/modules/i18n.js:226
[    1672ms] [LOG] 🔄 Element 102: projects.project2.totalRoom -> JSHandle@node @ https://foxtrading-mu.vercel.app/assets/js/modules/i18n.js:226
[    1672ms] [LOG] 🔄 Element 103: projects.project2.rooms -> JSHandle@node @ https://foxtrading-mu.vercel.app/assets/js/modules/i18n.js:226
[    1672ms] [LOG] 🔄 Element 104: projects.project2.dateOfBuild -> JSHandle@node @ https://foxtrading-mu.vercel.app/assets/js/modules/i18n.js:226
[    1673ms] [LOG] 🔄 Element 105: projects.project2.date -> JSHandle@node @ https://foxtrading-mu.vercel.app/assets/js/modules/i18n.js:226
[    1673ms] [LOG] 🔄 Element 106: projects.project3.title -> JSHandle@node @ https://foxtrading-mu.vercel.app/assets/js/modules/i18n.js:226
[    1673ms] [LOG] 🔄 Element 107: projects.project3.description -> JSHandle@node @ https://foxtrading-mu.vercel.app/assets/js/modules/i18n.js:226
[    1673ms] [LOG] 🔄 Element 108: projects.project3.totalArea -> JSHandle@node @ https://foxtrading-mu.vercel.app/assets/js/modules/i18n.js:226
[    1673ms] [LOG] 🔄 Element 109: projects.project3.area -> JSHandle@node @ https://foxtrading-mu.vercel.app/assets/js/modules/i18n.js:226
[    1673ms] [LOG] 🔄 Element 110: projects.project3.totalRoom -> JSHandle@node @ https://foxtrading-mu.vercel.app/assets/js/modules/i18n.js:226
[    1673ms] [LOG] 🔄 Element 111: projects.project3.rooms -> JSHandle@node @ https://foxtrading-mu.vercel.app/assets/js/modules/i18n.js:226
[    1673ms] [LOG] 🔄 Element 112: projects.project3.dateOfBuild -> JSHandle@node @ https://foxtrading-mu.vercel.app/assets/js/modules/i18n.js:226
[    1673ms] [LOG] 🔄 Element 113: projects.project3.date -> JSHandle@node @ https://foxtrading-mu.vercel.app/assets/js/modules/i18n.js:226
[    1673ms] [LOG] 🔄 Element 114: projects.project4.title -> JSHandle@node @ https://foxtrading-mu.vercel.app/assets/js/modules/i18n.js:226
[    1673ms] [LOG] 🔄 Element 115: projects.project4.description -> JSHandle@node @ https://foxtrading-mu.vercel.app/assets/js/modules/i18n.js:226
[    1673ms] [LOG] 🔄 Element 116: projects.project4.totalArea -> JSHandle@node @ https://foxtrading-mu.vercel.app/assets/js/modules/i18n.js:226
[    1673ms] [LOG] 🔄 Element 117: projects.project4.area -> JSHandle@node @ https://foxtrading-mu.vercel.app/assets/js/modules/i18n.js:226
[    1673ms] [LOG] 🔄 Element 118: projects.project4.totalRoom -> JSHandle@node @ https://foxtrading-mu.vercel.app/assets/js/modules/i18n.js:226
[    1673ms] [LOG] 🔄 Element 119: projects.project4.rooms -> JSHandle@node @ https://foxtrading-mu.vercel.app/assets/js/modules/i18n.js:226
[    1673ms] [LOG] 🔄 Element 120: projects.project4.dateOfBuild -> JSHandle@node @ https://foxtrading-mu.vercel.app/assets/js/modules/i18n.js:226
[    1673ms] [LOG] 🔄 Element 121: projects.project4.date -> JSHandle@node @ https://foxtrading-mu.vercel.app/assets/js/modules/i18n.js:226
[    1674ms] [LOG] 🔄 Element 122: projects.project5.title -> JSHandle@node @ https://foxtrading-mu.vercel.app/assets/js/modules/i18n.js:226
[    1674ms] [LOG] 🔄 Element 123: projects.project5.description -> JSHandle@node @ https://foxtrading-mu.vercel.app/assets/js/modules/i18n.js:226
[    1674ms] [LOG] 🔄 Element 124: projects.project5.totalArea -> JSHandle@node @ https://foxtrading-mu.vercel.app/assets/js/modules/i18n.js:226
[    1674ms] [LOG] 🔄 Element 125: projects.project5.area -> JSHandle@node @ https://foxtrading-mu.vercel.app/assets/js/modules/i18n.js:226
[    1674ms] [LOG] 🔄 Element 126: projects.project5.totalRoom -> JSHandle@node @ https://foxtrading-mu.vercel.app/assets/js/modules/i18n.js:226
[    1674ms] [LOG] 🔄 Element 127: projects.project5.rooms -> JSHandle@node @ https://foxtrading-mu.vercel.app/assets/js/modules/i18n.js:226
[    1674ms] [LOG] 🔄 Element 128: projects.project5.dateOfBuild -> JSHandle@node @ https://foxtrading-mu.vercel.app/assets/js/modules/i18n.js:226
[    1674ms] [LOG] 🔄 Element 129: projects.project5.date -> JSHandle@node @ https://foxtrading-mu.vercel.app/assets/js/modules/i18n.js:226
[    1674ms] [LOG] 🔄 Element 130: team.label -> JSHandle@node @ https://foxtrading-mu.vercel.app/assets/js/modules/i18n.js:226
[    1674ms] [LOG] 🔄 Element 131: team.title -> JSHandle@node @ https://foxtrading-mu.vercel.app/assets/js/modules/i18n.js:226
[    1674ms] [LOG] 🔄 Element 132: team.member1.name -> JSHandle@node @ https://foxtrading-mu.vercel.app/assets/js/modules/i18n.js:226
[    1674ms] [LOG] 🔄 Element 133: team.member1.position -> JSHandle@node @ https://foxtrading-mu.vercel.app/assets/js/modules/i18n.js:226
[    1674ms] [LOG] 🔄 Element 134: team.member1.description -> JSHandle@node @ https://foxtrading-mu.vercel.app/assets/js/modules/i18n.js:226
[    1674ms] [LOG] 🔄 Element 135: team.member2.name -> JSHandle@node @ https://foxtrading-mu.vercel.app/assets/js/modules/i18n.js:226
[    1674ms] [LOG] 🔄 Element 136: team.member2.position -> JSHandle@node @ https://foxtrading-mu.vercel.app/assets/js/modules/i18n.js:226
[    1675ms] [LOG] 🔄 Element 137: team.member2.description -> JSHandle@node @ https://foxtrading-mu.vercel.app/assets/js/modules/i18n.js:226
[    1675ms] [LOG] 🔄 Element 138: team.member3.name -> JSHandle@node @ https://foxtrading-mu.vercel.app/assets/js/modules/i18n.js:226
[    1675ms] [LOG] 🔄 Element 139: team.member3.position -> JSHandle@node @ https://foxtrading-mu.vercel.app/assets/js/modules/i18n.js:226
[    1675ms] [LOG] 🔄 Element 140: team.member3.description -> JSHandle@node @ https://foxtrading-mu.vercel.app/assets/js/modules/i18n.js:226
[    1675ms] [LOG] 🔄 Element 141: team.member4.name -> JSHandle@node @ https://foxtrading-mu.vercel.app/assets/js/modules/i18n.js:226
[    1675ms] [LOG] 🔄 Element 142: team.member4.position -> JSHandle@node @ https://foxtrading-mu.vercel.app/assets/js/modules/i18n.js:226
[    1675ms] [LOG] 🔄 Element 143: team.member4.description -> JSHandle@node @ https://foxtrading-mu.vercel.app/assets/js/modules/i18n.js:226
[    1675ms] [LOG] 🔄 Element 144: faq.label -> JSHandle@node @ https://foxtrading-mu.vercel.app/assets/js/modules/i18n.js:226
[    1675ms] [LOG] 🔄 Element 145: faq.q1.question -> JSHandle@node @ https://foxtrading-mu.vercel.app/assets/js/modules/i18n.js:226
[    1675ms] [LOG] 🔄 Element 146: faq.q1.answer -> JSHandle@node @ https://foxtrading-mu.vercel.app/assets/js/modules/i18n.js:226
[    1675ms] [LOG] 🔄 Element 147: faq.q2.question -> JSHandle@node @ https://foxtrading-mu.vercel.app/assets/js/modules/i18n.js:226
[    1675ms] [LOG] 🔄 Element 148: faq.q2.answer -> JSHandle@node @ https://foxtrading-mu.vercel.app/assets/js/modules/i18n.js:226
[    1675ms] [LOG] 🔄 Element 149: faq.q3.question -> JSHandle@node @ https://foxtrading-mu.vercel.app/assets/js/modules/i18n.js:226
[    1675ms] [LOG] 🔄 Element 150: faq.q3.answer -> JSHandle@node @ https://foxtrading-mu.vercel.app/assets/js/modules/i18n.js:226
[    1675ms] [LOG] 🔄 Element 151: faq.q4.question -> JSHandle@node @ https://foxtrading-mu.vercel.app/assets/js/modules/i18n.js:226
[    1675ms] [LOG] 🔄 Element 152: faq.q4.answer -> JSHandle@node @ https://foxtrading-mu.vercel.app/assets/js/modules/i18n.js:226
[    1676ms] [LOG] 🔄 Element 153: footer.changelog -> JSHandle@node @ https://foxtrading-mu.vercel.app/assets/js/modules/i18n.js:226
[    1676ms] [LOG] 🔄 Element 154: footer.styleGuide -> JSHandle@node @ https://foxtrading-mu.vercel.app/assets/js/modules/i18n.js:226
[    1676ms] [LOG] 🔄 Element 155: footer.licence -> JSHandle@node @ https://foxtrading-mu.vercel.app/assets/js/modules/i18n.js:226
[    1676ms] [LOG] 🔄 Element 156: footer.rights -> JSHandle@node @ https://foxtrading-mu.vercel.app/assets/js/modules/i18n.js:226
[    1676ms] [LOG] 🔄 Element 157: footer.contact -> JSHandle@node @ https://foxtrading-mu.vercel.app/assets/js/modules/i18n.js:226
[    1676ms] [LOG] 🔄 Element 158: footer.email -> JSHandle@node @ https://foxtrading-mu.vercel.app/assets/js/modules/i18n.js:226
[    1676ms] [LOG] 🔄 Element 159: footer.phone -> JSHandle@node @ https://foxtrading-mu.vercel.app/assets/js/modules/i18n.js:226
[    1676ms] [LOG] 🔄 Element 160: footer.location -> JSHandle@node @ https://foxtrading-mu.vercel.app/assets/js/modules/i18n.js:226
[    1676ms] [LOG] 🔄 Element 161: footer.address1 -> JSHandle@node @ https://foxtrading-mu.vercel.app/assets/js/modules/i18n.js:226
[    1676ms] [LOG] 🔄 Element 162: footer.address2 -> JSHandle@node @ https://foxtrading-mu.vercel.app/assets/js/modules/i18n.js:226
[    1676ms] [LOG] 🔄 Element 163: footer.rights -> JSHandle@node @ https://foxtrading-mu.vercel.app/assets/js/modules/i18n.js:226
[    1676ms] [LOG] ✅ DOM UPDATE COMPLETE for language: en-SG @ https://foxtrading-mu.vercel.app/assets/js/modules/i18n.js:233
[    8749ms] [LOG] [LazyLoader] Loading section: team-section @ https://foxtrading-mu.vercel.app/assets/js/modules/lazy-loader.js:400
[    8749ms] [LOG] [LazyLoader] Loading image: https://foxtrading-mu.vercel.app/assets/images/food/vegetables.webp @ https://foxtrading-mu.vercel.app/assets/js/modules/lazy-loader.js:400
[    8750ms] [LOG] [LazyLoader] Loading image: https://foxtrading-mu.vercel.app/assets/images/food/fish-fresh.webp @ https://foxtrading-mu.vercel.app/assets/js/modules/lazy-loader.js:400
[    8750ms] [LOG] [LazyLoader] Loading image: https://foxtrading-mu.vercel.app/assets/images/food/livestock2.webp @ https://foxtrading-mu.vercel.app/assets/js/modules/lazy-loader.js:400
[    8750ms] [LOG] [LazyLoader] Loading image: https://foxtrading-mu.vercel.app/assets/images/food/mexican-produce.webp @ https://foxtrading-mu.vercel.app/assets/js/modules/lazy-loader.js:400
[    8750ms] [LOG] [LazyLoader] Performance: section_loaded_team-section at 8087.40ms @ https://foxtrading-mu.vercel.app/assets/js/modules/lazy-loader.js:400
[    9197ms] [LOG] [LazyLoader] Loading image: https://foxtrading-mu.vercel.app/assets/images/icons/minus.svg @ https://foxtrading-mu.vercel.app/assets/js/modules/lazy-loader.js:400
[    9213ms] [LOG] [LazyLoader] Loading section: faq-section @ https://foxtrading-mu.vercel.app/assets/js/modules/lazy-loader.js:400
[    9213ms] [LOG] [LazyLoader] Loading image: https://foxtrading-mu.vercel.app/assets/images/icons/plus.svg @ https://foxtrading-mu.vercel.app/assets/js/modules/lazy-loader.js:400
[    9213ms] [LOG] [LazyLoader] Loading image: https://foxtrading-mu.vercel.app/assets/images/icons/minus.svg @ https://foxtrading-mu.vercel.app/assets/js/modules/lazy-loader.js:400
[    9213ms] [LOG] [LazyLoader] Loading image: https://foxtrading-mu.vercel.app/assets/images/icons/plus.svg @ https://foxtrading-mu.vercel.app/assets/js/modules/lazy-loader.js:400
[    9213ms] [LOG] [LazyLoader] Loading image: https://foxtrading-mu.vercel.app/assets/images/icons/minus.svg @ https://foxtrading-mu.vercel.app/assets/js/modules/lazy-loader.js:400
[    9213ms] [LOG] [LazyLoader] Loading image: https://foxtrading-mu.vercel.app/assets/images/icons/plus.svg @ https://foxtrading-mu.vercel.app/assets/js/modules/lazy-loader.js:400
[    9213ms] [LOG] [LazyLoader] Loading image: https://foxtrading-mu.vercel.app/assets/images/icons/minus.svg @ https://foxtrading-mu.vercel.app/assets/js/modules/lazy-loader.js:400
[    9214ms] [LOG] [LazyLoader] Loading image: https://foxtrading-mu.vercel.app/assets/images/icons/plus.svg @ https://foxtrading-mu.vercel.app/assets/js/modules/lazy-loader.js:400
[    9214ms] [LOG] [LazyLoader] Loading image: https://foxtrading-mu.vercel.app/assets/images/icons/minus.svg @ https://foxtrading-mu.vercel.app/assets/js/modules/lazy-loader.js:400
[    9214ms] [LOG] [LazyLoader] Performance: section_loaded_faq-section at 8550.80ms @ https://foxtrading-mu.vercel.app/assets/js/modules/lazy-loader.js:400
[    9246ms] [LOG] [LazyLoader] Loading image: https://foxtrading-mu.vercel.app/assets/images/icons/minus.svg @ https://foxtrading-mu.vercel.app/assets/js/modules/lazy-loader.js:400
[    9297ms] [LOG] [LazyLoader] Loading image: https://foxtrading-mu.vercel.app/assets/images/icons/minus.svg @ https://foxtrading-mu.vercel.app/assets/js/modules/lazy-loader.js:400
[73684683ms] [LOG] [FoxTradingApp] Session end: {language: en-SG, duration: NaN, timestamp: 2026-06-08T12:13:39.859Z} @ https://foxtrading-mu.vercel.app/assets/js/modules/app.js:878
