[     161ms] [WARNING] i18n: Translate for key audit.new.account_limit not found! @ https://online.seranking.com/frontend-dist/Audit/js/index.C_nrGH0L.mpxm1787.js:15
[     161ms] [WARNING] i18n: Translate for key audit.new.menu.overview not found! @ https://online.seranking.com/frontend-dist/Audit/js/index.C_nrGH0L.mpxm1787.js:15
[     161ms] [WARNING] i18n: Translate for key audit.new.menu.pages not found! @ https://online.seranking.com/frontend-dist/Audit/js/index.C_nrGH0L.mpxm1787.js:15
[     161ms] [WARNING] i18n: Translate for key audit.new.menu.links not found! @ https://online.seranking.com/frontend-dist/Audit/js/index.C_nrGH0L.mpxm1787.js:15
[     161ms] [WARNING] i18n: Translate for key audit.new.menu.resources not found! @ https://online.seranking.com/frontend-dist/Audit/js/index.C_nrGH0L.mpxm1787.js:15
[     161ms] [WARNING] i18n: Translate for key audit.new.menu.report not found! @ https://online.seranking.com/frontend-dist/Audit/js/index.C_nrGH0L.mpxm1787.js:15
[     161ms] [WARNING] i18n: Translate for key audit.new.menu.compare_crawls not found! @ https://online.seranking.com/frontend-dist/Audit/js/index.C_nrGH0L.mpxm1787.js:15
[     161ms] [WARNING] i18n: Translate for key audit.upgrade_subscription not found! @ https://online.seranking.com/frontend-dist/Audit/js/index.C_nrGH0L.mpxm1787.js:15
[     161ms] [WARNING] i18n: Translate for key audit.upgrade_text not found! @ https://online.seranking.com/frontend-dist/Audit/js/index.C_nrGH0L.mpxm1787.js:15
[     162ms] [WARNING] i18n: Translate for key audit.upgrade_btn not found! @ https://online.seranking.com/frontend-dist/Audit/js/index.C_nrGH0L.mpxm1787.js:15
[     162ms] [WARNING] i18n: Translate for key common.cancel not found! @ https://online.seranking.com/frontend-dist/Audit/js/index.C_nrGH0L.mpxm1787.js:15
[     162ms] [WARNING] i18n: Translate for key audit.new.notification_new_version_exists.heading not found! @ https://online.seranking.com/frontend-dist/Audit/js/index.C_nrGH0L.mpxm1787.js:15
[     162ms] [WARNING] i18n: Translate for key audit.new.notification_new_version_exists.action not found! @ https://online.seranking.com/frontend-dist/Audit/js/index.C_nrGH0L.mpxm1787.js:15
[     162ms] [WARNING] i18n: Translate for key audit.new.restart_audit_url_popup.title not found! @ https://online.seranking.com/frontend-dist/Audit/js/index.C_nrGH0L.mpxm1787.js:15
[     162ms] [WARNING] i18n: Translate for key audit.new.restart_audit_url_popup.description not found! @ https://online.seranking.com/frontend-dist/Audit/js/index.C_nrGH0L.mpxm1787.js:15
[     162ms] [WARNING] i18n: Translate for key audit.new.restart_audit_popup_url.cancel not found! @ https://online.seranking.com/frontend-dist/Audit/js/index.C_nrGH0L.mpxm1787.js:15
[     162ms] [WARNING] i18n: Translate for key audit.new.restart_audit_popup_url.restart_action not found! @ https://online.seranking.com/frontend-dist/Audit/js/index.C_nrGH0L.mpxm1787.js:15
[     162ms] [WARNING] i18n: Translate for key audit.new.account_limit_hint not found! @ https://online.seranking.com/frontend-dist/Audit/js/index.C_nrGH0L.mpxm1787.js:15
[     166ms] [WARNING] i18n: Translate for key common.black_friday.badge.title not found! @ https://online.seranking.com/frontend-dist/Audit/js/index.C_nrGH0L.mpxm1787.js:15
[     166ms] [WARNING] i18n: Translate for key common.black_friday.badge.text not found! @ https://online.seranking.com/frontend-dist/Audit/js/index.C_nrGH0L.mpxm1787.js:15
[     276ms] [WARNING] i18n: Translate for key audit.new.account_limit not found! @ https://online.seranking.com/frontend-dist/Audit/js/index.C_nrGH0L.mpxm1787.js:15
[     276ms] [WARNING] i18n: Translate for key audit.new.menu.overview not found! @ https://online.seranking.com/frontend-dist/Audit/js/index.C_nrGH0L.mpxm1787.js:15
[     276ms] [WARNING] i18n: Translate for key audit.new.menu.pages not found! @ https://online.seranking.com/frontend-dist/Audit/js/index.C_nrGH0L.mpxm1787.js:15
[     276ms] [WARNING] i18n: Translate for key audit.new.menu.links not found! @ https://online.seranking.com/frontend-dist/Audit/js/index.C_nrGH0L.mpxm1787.js:15
[     276ms] [WARNING] i18n: Translate for key audit.new.menu.resources not found! @ https://online.seranking.com/frontend-dist/Audit/js/index.C_nrGH0L.mpxm1787.js:15
[     276ms] [WARNING] i18n: Translate for key audit.new.menu.report not found! @ https://online.seranking.com/frontend-dist/Audit/js/index.C_nrGH0L.mpxm1787.js:15
[     276ms] [WARNING] i18n: Translate for key audit.new.menu.compare_crawls not found! @ https://online.seranking.com/frontend-dist/Audit/js/index.C_nrGH0L.mpxm1787.js:15
[     276ms] [WARNING] i18n: Translate for key audit.upgrade_subscription not found! @ https://online.seranking.com/frontend-dist/Audit/js/index.C_nrGH0L.mpxm1787.js:15
[     276ms] [WARNING] i18n: Translate for key audit.upgrade_text not found! @ https://online.seranking.com/frontend-dist/Audit/js/index.C_nrGH0L.mpxm1787.js:15
[     276ms] [WARNING] i18n: Translate for key audit.upgrade_btn not found! @ https://online.seranking.com/frontend-dist/Audit/js/index.C_nrGH0L.mpxm1787.js:15
[     276ms] [WARNING] i18n: Translate for key common.cancel not found! @ https://online.seranking.com/frontend-dist/Audit/js/index.C_nrGH0L.mpxm1787.js:15
[     276ms] [WARNING] i18n: Translate for key audit.new.notification_new_version_exists.heading not found! @ https://online.seranking.com/frontend-dist/Audit/js/index.C_nrGH0L.mpxm1787.js:15
[     276ms] [WARNING] i18n: Translate for key audit.new.notification_new_version_exists.action not found! @ https://online.seranking.com/frontend-dist/Audit/js/index.C_nrGH0L.mpxm1787.js:15
[     276ms] [WARNING] i18n: Translate for key audit.new.restart_audit_url_popup.title not found! @ https://online.seranking.com/frontend-dist/Audit/js/index.C_nrGH0L.mpxm1787.js:15
[     276ms] [WARNING] i18n: Translate for key audit.new.restart_audit_url_popup.description not found! @ https://online.seranking.com/frontend-dist/Audit/js/index.C_nrGH0L.mpxm1787.js:15
[     276ms] [WARNING] i18n: Translate for key audit.new.restart_audit_popup_url.cancel not found! @ https://online.seranking.com/frontend-dist/Audit/js/index.C_nrGH0L.mpxm1787.js:15
[     276ms] [WARNING] i18n: Translate for key audit.new.restart_audit_popup_url.restart_action not found! @ https://online.seranking.com/frontend-dist/Audit/js/index.C_nrGH0L.mpxm1787.js:15
[     276ms] [WARNING] i18n: Translate for key audit.new.account_limit_hint not found! @ https://online.seranking.com/frontend-dist/Audit/js/index.C_nrGH0L.mpxm1787.js:15
[     277ms] [WARNING] i18n: Translate for key common.black_friday.badge.title not found! @ https://online.seranking.com/frontend-dist/Audit/js/index.C_nrGH0L.mpxm1787.js:15
[     277ms] [WARNING] i18n: Translate for key common.black_friday.badge.text not found! @ https://online.seranking.com/frontend-dist/Audit/js/index.C_nrGH0L.mpxm1787.js:15
[     605ms] [ERROR] Userflow.js resetting due to: [company_closed] This Userflow account has been closed. You can re-activate it at https://userflow.com/app. @ https://online.seranking.com/frontend-dist/Audit/js/index.C_nrGH0L.mpxm1787.js:15
[     677ms] [WARNING] i18n: Translation key undefined supposed to be string @ https://online.seranking.com/frontend-dist/Audit/js/index.C_nrGH0L.mpxm1787.js:15
[    1391ms] [WARNING] i18n: Translation key undefined supposed to be string @ https://online.seranking.com/frontend-dist/Audit/js/index.C_nrGH0L.mpxm1787.js:15
[ 1385101ms] [ERROR] Failed to load resource: net::ERR_NETWORK_IO_SUSPENDED @ https://online.seranking.com/.well-known/mercure?topic=http%3A%2F%2Fonline.seranking.com%2Facc%2F5048639&topic=http%3A%2F%2Fonline.seranking.com%2Fglobal&topic=http%3A%2F%2Fonline.seranking.com%2Ftoken%2F13352774:0
[ 3946523ms] [ERROR] Failed to load resource: the server responded with a status of 401 () @ https://online.seranking.com/.well-known/mercure?topic=http%3A%2F%2Fonline.seranking.com%2Facc%2F5048639&topic=http%3A%2F%2Fonline.seranking.com%2Fglobal&topic=http%3A%2F%2Fonline.seranking.com%2Ftoken%2F13352774:0
